 F16trim_sfun

 Timestamp is 5417a931 (Tue Sep 16 11:06:25 2014)

 Preferred load address is 0000000180000000

 Start         Length     Name                   Class
 0001:00000000 0003bbd4H .text                   CODE
 0001:0003bbe0 00000092H .text$x                 CODE
 0002:00000000 000004a0H .idata$5                DATA
 0002:000004a0 00000008H .CRT$XCA                DATA
 0002:000004a8 00000008H .CRT$XCZ                DATA
 0002:000004b0 00000008H .CRT$XIA                DATA
 0002:000004b8 00000008H .CRT$XIAA               DATA
 0002:000004c0 00000008H .CRT$XIZ                DATA
 0002:000004d0 00004b5cH .rdata                  DATA
 0002:00005030 00000008H .rtc$IAA                DATA
 0002:00005038 00000008H .rtc$IZZ                DATA
 0002:00005040 00000008H .rtc$TAA                DATA
 0002:00005048 00000008H .rtc$TZZ                DATA
 0002:00005050 0000438cH .xdata                  DATA
 0002:000093dc 000000a0H .idata$2                DATA
 0002:0000947c 00000014H .idata$3                DATA
 0002:00009490 000004a0H .idata$4                DATA
 0002:00009930 00000ad8H .idata$6                DATA
 0002:0000a410 00000052H .edata                  DATA
 0003:00000000 00002b38H .data                   DATA
 0003:00002b40 00002418H .bss                    DATA
 0004:00000000 000033f0H .pdata                  DATA

  Address         Publics by Value              Rva+Base               Lib:Object

 0000:00000000       ___safe_se_handler_table   0000000000000000     <absolute>
 0000:00000000       ___safe_se_handler_count   0000000000000000     <absolute>
 0000:00000000       __ImageBase                0000000180000000     <linker-defined>
 0001:00000000       sf_c1_F16trim_get_eml_resolved_functions_info 0000000180001000 f   c1_F16trim.obj
 0001:000008c0       sf_c1_F16trim_get_check_sum 00000001800018c0 f   c1_F16trim.obj
 0001:00000940       sf_c1_F16trim_get_autoinheritance_info 0000000180001940 f   c1_F16trim.obj
 0001:00000eb0       sf_c1_F16trim_third_party_uses_info 0000000180001eb0 f   c1_F16trim.obj
 0001:00000ee0       sf_internal_get_sim_state_c1_F16trim 0000000180001ee0 f   c1_F16trim.obj
 0001:00001230       sf_internal_set_sim_state_c1_F16trim 0000000180002230 f   c1_F16trim.obj
 0001:00001630       c1_F16trim_method_dispatcher 0000000180002630 f   c1_F16trim.obj
 0001:00003360       sf_c2_F16trim_get_eml_resolved_functions_info 0000000180004360 f   c2_F16trim.obj
 0001:00003a50       sf_c2_F16trim_get_check_sum 0000000180004a50 f   c2_F16trim.obj
 0001:00003ad0       sf_c2_F16trim_get_autoinheritance_info 0000000180004ad0 f   c2_F16trim.obj
 0001:00004040       sf_c2_F16trim_third_party_uses_info 0000000180005040 f   c2_F16trim.obj
 0001:00004070       sf_internal_get_sim_state_c2_F16trim 0000000180005070 f   c2_F16trim.obj
 0001:00004410       sf_internal_set_sim_state_c2_F16trim 0000000180005410 f   c2_F16trim.obj
 0001:000048b0       c2_F16trim_method_dispatcher 00000001800058b0 f   c2_F16trim.obj
 0001:000069a0       sf_c3_F16trim_get_eml_resolved_functions_info 00000001800079a0 f   c3_F16trim.obj
 0001:00006e80       sf_c3_F16trim_get_check_sum 0000000180007e80 f   c3_F16trim.obj
 0001:00006f00       sf_c3_F16trim_get_autoinheritance_info 0000000180007f00 f   c3_F16trim.obj
 0001:00007470       sf_c3_F16trim_third_party_uses_info 0000000180008470 f   c3_F16trim.obj
 0001:000074a0       sf_internal_get_sim_state_c3_F16trim 00000001800084a0 f   c3_F16trim.obj
 0001:000077f0       sf_internal_set_sim_state_c3_F16trim 00000001800087f0 f   c3_F16trim.obj
 0001:00007bf0       c3_F16trim_method_dispatcher 0000000180008bf0 f   c3_F16trim.obj
 0001:00009860       sf_process_check_sum_call  000000018000a860 f   F16trim_sfun_registry.obj
 0001:000098b0       sf_process_autoinheritance_call 000000018000a8b0 f   F16trim_sfun_registry.obj
 0001:00009a50       sf_process_get_third_party_uses_info_call 000000018000aa50 f   F16trim_sfun_registry.obj
 0001:00009bf0       sf_process_get_eml_resolved_functions_info_call 000000018000abf0 f   F16trim_sfun_registry.obj
 0001:00009d70       sf_mex_unlock_call         000000018000ad70 f   F16trim_sfun_registry.obj
 0001:00009e20       sf_machine_global_initializer_called 000000018000ae20 f   F16trim_sfun_registry.obj
 0001:00009e50       sf_machine_global_method_dispatcher 000000018000ae50 f   F16trim_sfun_registry.obj
 0001:00009eb0       sf_machine_global_terminator 000000018000aeb0 f   F16trim_sfun_registry.obj
 0001:00009f00       sf_register_machine_exported_symbols 000000018000af00 f   F16trim_sfun_registry.obj
 0001:00009f20       callCustomFcn              000000018000af20 f   F16trim_sfun_registry.obj
 0001:00009f30       sf_machine_global_initializer 000000018000af30 f   F16trim_sfun_registry.obj
 0001:00009fb0       _ssSetStateAbsTol          000000018000afb0 f   F16trim_sfun_registry.obj
 0001:0000a090       _ssGetAbsTol               000000018000b090 f   F16trim_sfun_registry.obj
 0001:0000a100       _ssSetInputPortMatrixDimensions 000000018000b100 f   F16trim_sfun_registry.obj
 0001:0000a210       _ssSetOutputPortMatrixDimensions 000000018000b210 f   F16trim_sfun_registry.obj
 0001:0000a320       _ssSetInputPortVectorDimension 000000018000b320 f   F16trim_sfun_registry.obj
 0001:0000a3f0       _ssSetOutputPortVectorDimension 000000018000b3f0 f   F16trim_sfun_registry.obj
 0001:0000a4c0       ssIsRunTimeParamTunable    000000018000b4c0 f   F16trim_sfun_registry.obj
 0001:0000a530       ssGetSFuncBlockHandle      000000018000b530 f   F16trim_sfun_registry.obj
 0001:0000a5a0       _ssGetCurrentInputPortWidth 000000018000b5a0 f   F16trim_sfun_registry.obj
 0001:0000a6c0       _ssGetCurrentOutputPortWidth 000000018000b6c0 f   F16trim_sfun_registry.obj
 0001:0000a7e0       _ssGetCallSystemNumFcnCallDestinations 000000018000b7e0 f   F16trim_sfun_registry.obj
 0001:0000a850       ssWarning                  000000018000b850 f   F16trim_sfun_registry.obj
 0001:0000a960       ssGetIsZeroCrossControlDisabled 000000018000b960 f   F16trim_sfun_registry.obj
 0001:0000a9d0       ssSetIsInputPortUsedForContZcSignal 000000018000b9d0 f   F16trim_sfun_registry.obj
 0001:0000aa40       ssSetZcSignalIsZcElementDisc 000000018000ba40 f   F16trim_sfun_registry.obj
 0001:0000aaf0       ssSetZcSignalName          000000018000baf0 f   F16trim_sfun_registry.obj
 0001:0000ab60       ssSetZcSignalWidth         000000018000bb60 f   F16trim_sfun_registry.obj
 0001:0000abd0       ssSetZcSignalZcEventType   000000018000bbd0 f   F16trim_sfun_registry.obj
 0001:0000ac40       ssSetZcSignalType          000000018000bc40 f   F16trim_sfun_registry.obj
 0001:0000acb0       ssSetZcSignalZcTol         000000018000bcb0 f   F16trim_sfun_registry.obj
 0001:0000ad20       ssSetZcSignalNeedsEventNotification 000000018000bd20 f   F16trim_sfun_registry.obj
 0001:0000ad90       ssCreateAndAddZcSignalInfo 000000018000bd90 f   F16trim_sfun_registry.obj
 0001:0000ae00       ssCloneAndAddZcSignalInfo  000000018000be00 f   F16trim_sfun_registry.obj
 0001:0000ae70       ssGetNumZcSignals          000000018000be70 f   F16trim_sfun_registry.obj
 0001:0000aee0       ssGetZcSignalVector        000000018000bee0 f   F16trim_sfun_registry.obj
 0001:0000af50       ssGetZcSignalZcEvents      000000018000bf50 f   F16trim_sfun_registry.obj
 0001:0000afc0       ssGetZcSignalName          000000018000bfc0 f   F16trim_sfun_registry.obj
 0001:0000b030       ssGetZcSignalWidth         000000018000c030 f   F16trim_sfun_registry.obj
 0001:0000b0a0       ssGetZcSignalZcEventType   000000018000c0a0 f   F16trim_sfun_registry.obj
 0001:0000b110       ssGetZcSignalType          000000018000c110 f   F16trim_sfun_registry.obj
 0001:0000b180       ssGetZcSignalZcTol         000000018000c180 f   F16trim_sfun_registry.obj
 0001:0000b200       ssGetZcSignalNeedsEventNotification 000000018000c200 f   F16trim_sfun_registry.obj
 0001:0000b270       ssGetZcSignalIsZcElementDisc 000000018000c270 f   F16trim_sfun_registry.obj
 0001:0000b310       ssGetIsInputPortElementContinuous 000000018000c310 f   F16trim_sfun_registry.obj
 0001:0000b3b0       _ssGetInputPortSignalPtrsFcn 000000018000c3b0 f   F16trim_sfun_registry.obj
 0001:0000b670       _ssGetInputPortSignalFcn   000000018000c670 f   F16trim_sfun_registry.obj
 0001:0000b890       _ssSetInputPortDirectFeedThroughFcn 000000018000c890 f   F16trim_sfun_registry.obj
 0001:0000b9f0       _ssSetInputPortReusableFcn 000000018000c9f0 f   F16trim_sfun_registry.obj
 0001:0000bae0       _ssSetOutputPortReusableFcn 000000018000cae0 f   F16trim_sfun_registry.obj
 0001:0000bbc0       ssGetDTypeIdFromMxArray    000000018000cbc0 f   F16trim_sfun_registry.obj
 0001:0000bce0       ssWriteRTWStr              000000018000cce0 f   F16trim_sfun_registry.obj
 0001:0000bd40       ssWriteRTWMxVectParam      000000018000cd40 f   F16trim_sfun_registry.obj
 0001:0000bda0       ssWriteRTWMx2dMatParam     000000018000cda0 f   F16trim_sfun_registry.obj
 0001:0000be20       ssWriteRTWNameValuePair    000000018000ce20 f   F16trim_sfun_registry.obj
 0001:0000c310       ssWriteRTWParameters       000000018000d310 f   F16trim_sfun_registry.obj
 0001:0000c910       ssWriteRTWParamSettings    000000018000d910 f   F16trim_sfun_registry.obj
 0001:0000cfe0       ssWriteRTWWorkVect         000000018000dfe0 f   F16trim_sfun_registry.obj
 0001:0000d4e0       mexFunction                000000018000e4e0 f   F16trim_sfun_registry.obj
 0001:0000f210       ProcessMexSfunctionEveryCall 0000000180010210 f   F16trim_sfun_registry.obj
 0001:0000f380       F16trim_initializer        0000000180010380 f   F16trim_sfun.obj
 0001:0000f390       F16trim_terminator         0000000180010390 f   F16trim_sfun.obj
 0001:0000f3a0       sf_F16trim_method_dispatcher 00000001800103a0 f   F16trim_sfun.obj
 0001:0000f430       sf_F16trim_process_check_sum_call 0000000180010430 f   F16trim_sfun.obj
 0001:0000f870       sf_F16trim_autoinheritance_info 0000000180010870 f   F16trim_sfun.obj
 0001:0000fa80       sf_F16trim_get_eml_resolved_functions_info 0000000180010a80 f   F16trim_sfun.obj
 0001:0000fc30       sf_F16trim_third_party_uses_info 0000000180010c30 f   F16trim_sfun.obj
 0001:0000fde0       F16trim_debug_initialize   0000000180010de0 f   F16trim_sfun.obj
 0001:0000fe60       F16trim_register_exported_symbols 0000000180010e60 f   F16trim_sfun.obj
 0001:0000fe70       load_F16trim_optimization_info 0000000180010e70 f   F16trim_sfun.obj
 0001:0000fec0       unload_F16trim_optimization_info 0000000180010ec0 f   F16trim_sfun.obj
 0001:0000ffe0       sf_mex_mx_is_numeric       0000000180010fe0 f   sfc_mex:sfc_mex.obj
 0001:00010020       strcmp_ignore_ws           0000000180011020 f   sfc_mex:sfc_mex.obj
 0001:00010160       sf_mex_duplicatearraysafe  0000000180011160 f   sfc_mex:sfc_mex.obj
 0001:000102c0       sf_set_error_debugger_context_message_fcn 00000001800112c0 f   sfc_mex:sfc_mex.obj
 0001:000102d0       sf_set_debugger_matlab_error_fcn 00000001800112d0 f   sfc_mex:sfc_mex.obj
 0001:00010310       sf_set_error_prefix_string 0000000180011310 f   sfc_mex:sfc_mex.obj
 0001:00010340       sf_get_error_prefix_string 0000000180011340 f   sfc_mex:sfc_mex.obj
 0001:00010350       sf_mex_enter_parallel_region 0000000180011350 f   sfc_mex:sfc_mex.obj
 0001:00010360       sf_mex_exit_parallel_region 0000000180011360 f   sfc_mex:sfc_mex.obj
 0001:00010370       sf_get_current_jmp_buf_ptr 0000000180011370 f   sfc_mex:sfc_mex.obj
 0001:00010380       sf_set_current_jmp_buf_ptr 0000000180011380 f   sfc_mex:sfc_mex.obj
 0001:00010390       sf_mex_set_halt_simulation 0000000180011390 f   sfc_mex:sfc_mex.obj
 0001:000103a0       sf_mex_get_halt_simulation 00000001800113a0 f   sfc_mex:sfc_mex.obj
 0001:000103b0       sf_mex_clear_error_message 00000001800113b0 f   sfc_mex:sfc_mex.obj
 0001:000103d0       sf_mex_get_error_message_for_read 00000001800113d0 f   sfc_mex:sfc_mex.obj
 0001:000103e0       sf_mex_get_error_message_buffer_length 00000001800113e0 f   sfc_mex:sfc_mex.obj
 0001:000104c0       sf_mex_warning_message     00000001800114c0 f   sfc_mex:sfc_mex.obj
 0001:00010530       sf_mex_v_errbuf_createf    0000000180011530 f   sfc_mex:sfc_mex.obj
 0001:00010540       sf_mex_errbuf_createf      0000000180011540 f   sfc_mex:sfc_mex.obj
 0001:00010570       sf_mex_v_errbuf_catf       0000000180011570 f   sfc_mex:sfc_mex.obj
 0001:000105b0       sf_mex_errbuf_catf         00000001800115b0 f   sfc_mex:sfc_mex.obj
 0001:00010600       sf_mex_errbuf_copy         0000000180011600 f   sfc_mex:sfc_mex.obj
 0001:00010610       sf_mex_errbuf_clear        0000000180011610 f   sfc_mex:sfc_mex.obj
 0001:00010620       sf_mex_errbuf_isempty      0000000180011620 f   sfc_mex:sfc_mex.obj
 0001:00010720       sf_mex_set_error_status    0000000180011720 f   sfc_mex:sfc_mex.obj
 0001:00010770       sf_mex_error_direct_call   0000000180011770 f   sfc_mex:sfc_mex.obj
 0001:00010790       sf_mex_error_message_no_long_jump 0000000180011790 f   sfc_mex:sfc_mex.obj
 0001:000107b0       sf_mex_long_jump_on_error  00000001800117b0 f   sfc_mex:sfc_mex.obj
 0001:000107e0       sf_mex_call_matlab         00000001800117e0 f   sfc_mex:sfc_mex.obj
 0001:00010900       sf_mex_check_builtin       0000000180011900 f   sfc_mex:sfc_mex.obj
 0001:000109a0       sf_mex_check_builtin_vs    00000001800119a0 f   sfc_mex:sfc_mex.obj
 0001:00010a60       sf_mex_check_enum          0000000180011a60 f   sfc_mex:sfc_mex.obj
 0001:00010ae0       sf_mex_create_enum         0000000180011ae0 f   sfc_mex:sfc_mex.obj
 0001:00010b50       sf_mex_get_enum_element    0000000180011b50 f   sfc_mex:sfc_mex.obj
 0001:00010b60       sf_mex_createcellarray     0000000180011b60 f   sfc_mex:sfc_mex.obj
 0001:00010b70       sf_mex_setcell             0000000180011b70 f   sfc_mex:sfc_mex.obj
 0001:00010b80       sf_mex_getcell             0000000180011b80 f   sfc_mex:sfc_mex.obj
 0001:00010b90       sf_mex_dup                 0000000180011b90 f   sfc_mex:sfc_mex.obj
 0001:00010bb0       sf_mex_assign              0000000180011bb0 f   sfc_mex:sfc_mex.obj
 0001:00010c30       sf_mex_destroy             0000000180011c30 f   sfc_mex:sfc_mex.obj
 0001:00010c60       mx_array_has_fi_type       0000000180011c60 f   sfc_mex:sfc_mex.obj
 0001:00010c90       sf_mex_convert_from_fi     0000000180011c90 f   sfc_mex:sfc_mex.obj
 0001:00010dc0       sf_mex_convert_to_double   0000000180011dc0 f   sfc_mex:sfc_mex.obj
 0001:00010ee0       sf_mex_import_fi_vs        0000000180011ee0 f   sfc_mex:sfc_mex.obj
 0001:00011110       sf_matrix_matrix_index_ok  0000000180012110 f   sfc_mex:sfc_mex.obj
 0001:000111a0       sf_vector_vector_index_ok  00000001800121a0 f   sfc_mex:sfc_mex.obj
 0001:000111d0       ssGetCurrentInputPortDimensions_wrapper 00000001800121d0 f   sfc_mex:sfc_mex.obj
 0001:000111f0       ssGetCurrentOutputPortDimensions_wrapper 00000001800121f0 f   sfc_mex:sfc_mex.obj
 0001:00011210       sf_mex_emlrt_context_is_debug_mode 0000000180012210 f   sfc_mex:sfc_mex.obj
 0001:00011220       sf_mex_emlrt_context_set_debug_mode 0000000180012220 f   sfc_mex:sfc_mex.obj
 0001:00011230       sf_mex_emlrtNameCapturePostProcessR2012a 0000000180012230 f   sfc_mex:sfc_mex.obj
 0001:000112a0       sf_clear_error_manager_info 00000001800122a0 f   sfc_mex:sfc_mex.obj
 0001:00011300       sf_mex_stop_simulation_abruptly_wo_error 0000000180012300 f   sfc_mex:sfc_mex.obj
 0001:00011340       sf_mex_error_message       0000000180012340 f   sfc_mex:sfc_mex.obj
 0001:000113b0       sf_react_to_error_in_matlab_call 00000001800123b0 f   sfc_mex:sfc_mex.obj
 0001:000113e0       sf_mex_addfield            00000001800123e0 f   sfc_mex:sfc_mex.obj
 0001:00011480       sf_mex_getfield            0000000180012480 f   sfc_mex:sfc_mex.obj
 0001:00011780       sf_mex_check_class         0000000180012780 f   sfc_mex:sfc_mex.obj
 0001:00011820       sf_mex_is_real             0000000180012820 f   sfc_mex:sfc_mex.obj
 0001:00011c90       sf_mex_decode_encoded_mx_struct_array 0000000180012c90 f   sfc_mex:sfc_mex.obj
 0001:00011f80       sf_mex_lw_bounds_check     0000000180012f80 f   sfc_mex:sfc_mex.obj
 0001:00011fb0       sf_mex_lw_size_eq_check_1d 0000000180012fb0 f   sfc_mex:sfc_mex.obj
 0001:00011fd0       sf_mex_lw_size_eq_check_nd 0000000180012fd0 f   sfc_mex:sfc_mex.obj
 0001:000121b0       sf_mex_lw_dim_size_eq_check 00000001800131b0 f   sfc_mex:sfc_mex.obj
 0001:000121e0       sf_mex_lw_dim_size_geq_check 00000001800131e0 f   sfc_mex:sfc_mex.obj
 0001:00012210       sf_mex_lw_sub_assign_size_check_nd 0000000180013210 f   sfc_mex:sfc_mex.obj
 0001:000123e0       sf_mex_lw_runtime_error_msgid 00000001800133e0 f   sfc_mex:sfc_mex.obj
 0001:000124d0       sf_mex_lw_matrix_matrix_index_check 00000001800134d0 f   sfc_mex:sfc_mex.obj
 0001:000124f0       sf_mex_lw_vector_vector_index_check 00000001800134f0 f   sfc_mex:sfc_mex.obj
 0001:00012530       sf_mex_lw_for_loop_vector_check 0000000180013530 f   sfc_mex:sfc_mex.obj
 0001:000125c0       sf_mex_lw_non_negative_check 00000001800135c0 f   sfc_mex:sfc_mex.obj
 0001:00012600       sf_mex_overflow_error      0000000180013600 f   sfc_mex:sfc_mex.obj
 0001:00012610       sf_mex_dividebyzero_error  0000000180013610 f   sfc_mex:sfc_mex.obj
 0001:00012620       sf_mex_unsafe_enum_error   0000000180013620 f   sfc_mex:sfc_mex.obj
 0001:00012630       sf_emlrtErrHandler         0000000180013630 f   sfc_mex:sfc_mex.obj
 0001:00012710       sf_mex_size_one_check      0000000180013710 f   sfc_mex:sfc_mex.obj
 0001:00012730       sf_mex_printf              0000000180013730 f   sfc_mex:sfc_mex.obj
 0001:00012900       sf_mex_check_size          0000000180013900 f   sfc_mex:sfc_mex.obj
 0001:00012ba0       sf_mex_check_struct        0000000180013ba0 f   sfc_mex:sfc_mex.obj
 0001:00012e00       sf_mex_check_struct_vs     0000000180013e00 f   sfc_mex:sfc_mex.obj
 0001:00012e90       sf_mex_check_fi            0000000180013e90 f   sfc_mex:sfc_mex.obj
 0001:00012f90       sf_mex_check_fi_vs         0000000180013f90 f   sfc_mex:sfc_mex.obj
 0001:00013030       sf_echo_expression         0000000180014030 f   sfc_mex:sfc_mex.obj
 0001:00013090       sf_assertion_failed        0000000180014090 f   sfc_mex:sfc_mex.obj
 0001:00013370       sf_mex_evalin              0000000180014370 f   sfc_mex:sfc_mex.obj
 0001:000135e0       sf_mex_export              00000001800145e0 f   sfc_mex:sfc_mex.obj
 0001:000136a0       sf_mex_get_ml_var_no_error 00000001800146a0 f   sfc_mex:sfc_mex.obj
 0001:00013840       sf_mex_get_ml_var          0000000180014840 f   sfc_mex:sfc_mex.obj
 0001:00013cd0       ml_set_element_value_in_array 0000000180014cd0 f   sfc_mex:sfc_mex.obj
 0001:00014d90       sf_mex_call_impl           0000000180015d90 f   sfc_mex:sfc_mex.obj
 0001:000151b0       sf_mex_call_debug          00000001800161b0 f   sfc_mex:sfc_mex.obj
 0001:000151e0       sf_mex_call                00000001800161e0 f   sfc_mex:sfc_mex.obj
 0001:00015830       sf_mex_createstruct        0000000180016830 f   sfc_mex:sfc_mex.obj
 0001:00015940       sf_mex_createstructarray   0000000180016940 f   sfc_mex:sfc_mex.obj
 0001:000159c0       sf_mex_get_mx_datatype_from_sf_datatype 00000001800169c0 f   sfc_mex:sfc_mex.obj
 0001:00015cd0       sf_mex_ml_var_sub          0000000180016cd0 f   sfc_mex:sfc_mex.obj
 0001:00015eb0       sf_mex_ml_var_subsasgn     0000000180016eb0 f   sfc_mex:sfc_mex.obj
 0001:000162b0       sf_mex_sub                 00000001800172b0 f   sfc_mex:sfc_mex.obj
 0001:000164c0       sf_mex_subsasgn            00000001800174c0 f   sfc_mex:sfc_mex.obj
 0001:000169d0       sf_mex_create              00000001800179d0 f   sfc_mex:sfc_mex.obj
 0001:00017370       sf_mex_import_named        0000000180018370 f   sfc_mex:sfc_mex.obj
 0001:000173d0       sf_mex_import              00000001800183d0 f   sfc_mex:sfc_mex.obj
 0001:00017420       sf_mex_import_vs           0000000180018420 f   sfc_mex:sfc_mex.obj
 0001:00017530       sf_mex_lower_fixpt_mx_array 0000000180018530 f   sfc_mex:sfc_mex.obj
 0001:00017830       sf_send_message_wrapper    0000000180018830 f   sfc_mex:sfc_sf.obj
 0001:00017860       sf_receive_message_wrapper 0000000180018860 f   sfc_mex:sfc_sf.obj
 0001:000178a0       sf_check_out_message_wrapper 00000001800188a0 f   sfc_mex:sfc_sf.obj
 0001:000178e0       sf_check_in_message_wrapper 00000001800188e0 f   sfc_mex:sfc_sf.obj
 0001:00017920       sf_no_message_wrapper      0000000180018920 f   sfc_mex:sfc_sf.obj
 0001:00017cb0       sim_mode_is_rtw_gen        0000000180018cb0 f   sfc_mex:sfc_sf.obj
 0001:00017ce0       sim_mode_is_external       0000000180018ce0 f   sfc_mex:sfc_sf.obj
 0001:00017cf0       sim_mode_is_modelref_sim   0000000180018cf0 f   sfc_mex:sfc_sf.obj
 0001:00017d10       mdlInitializeSizes         0000000180018d10 f   sfc_mex:sfc_sf.obj
 0001:00017d30       mdlInitializeSampleTimes   0000000180018d30 f   sfc_mex:sfc_sf.obj
 0001:00017d70       mdlZeroCrossings           0000000180018d70 f   sfc_mex:sfc_sf.obj
 0001:00017e60       mdlDerivatives             0000000180018e60 f   sfc_mex:sfc_sf.obj
 0001:00017f20       mdl_initialize_conditions_processing 0000000180018f20 f   sfc_mex:sfc_sf.obj
 0001:00017f50       mdlInitializeConditions    0000000180018f50 f   sfc_mex:sfc_sf.obj
 0001:00018010       mdlGetSimState             0000000180019010 f   sfc_mex:sfc_sf.obj
 0001:00018020       mdlSetSimState             0000000180019020 f   sfc_mex:sfc_sf.obj
 0001:00018030       mdl_ext_mode_exec_processing 0000000180019030 f   sfc_mex:sfc_sf.obj
 0001:00018050       mdlExtModeExec             0000000180019050 f   sfc_mex:sfc_sf.obj
 0001:000181f0       mdlTerminate               00000001800191f0 f   sfc_mex:sfc_sf.obj
 0001:00018260       mdlRTW                     0000000180019260 f   sfc_mex:sfc_sf.obj
 0001:00018290       mdlSetWorkWidths           0000000180019290 f   sfc_mex:sfc_sf.obj
 0001:000182a0       mdlProcessParameters       00000001800192a0 f   sfc_mex:sfc_sf.obj
 0001:000182b0       mdl_start_processing       00000001800192b0 f   sfc_mex:sfc_sf.obj
 0001:00018310       mdlStart                   0000000180019310 f   sfc_mex:sfc_sf.obj
 0001:00018420       mdlEnable                  0000000180019420 f   sfc_mex:sfc_sf.obj
 0001:00018500       mdlDisable                 0000000180019500 f   sfc_mex:sfc_sf.obj
 0001:000185c0       sf_get_chart_instance_ptr  00000001800195c0 f   sfc_mex:sfc_sf.obj
 0001:000185e0       sf_load_rtw_optimization_info 00000001800195e0 f   sfc_mex:sfc_sf.obj
 0001:000186b0       sf_update_buildInfo        00000001800196b0 f   sfc_mex:sfc_sf.obj
 0001:000187b0       sf_rtw_info_uint_prop      00000001800197b0 f   sfc_mex:sfc_sf.obj
 0001:000188f0       sf_is_chart_inlinable      00000001800198f0 f   sfc_mex:sfc_sf.obj
 0001:00018910       sf_mark_output_events_with_multiple_callers 0000000180019910 f   sfc_mex:sfc_sf.obj
 0001:00018aa0       sf_mark_chart_reusable_outputs 0000000180019aa0 f   sfc_mex:sfc_sf.obj
 0001:00018d00       sf_mark_chart_expressionable_inputs 0000000180019d00 f   sfc_mex:sfc_sf.obj
 0001:00018f60       sf_get_subchart_simstruct  0000000180019f60 f   sfc_mex:sfc_sf.obj
 0001:00018fb0       sf_get_fixpt_data_type_id  0000000180019fb0 f   sfc_mex:sfc_sf.obj
 0001:00018ff0       sf_get_enum_data_type_id   0000000180019ff0 f   sfc_mex:sfc_sf.obj
 0001:00019030       sf_get_param_data_type_id  000000018001a030 f   sfc_mex:sfc_sf.obj
 0001:00019060       sf_mex_listen_for_ctrl_c_force 000000018001a060 f   sfc_mex:sfc_sf.obj
 0001:00019170       sf_mex_draw_now            000000018001a170 f   sfc_mex:sfc_sf.obj
 0001:000191b0       sf_mex_set_debugger_sim_status_listener_fcn 000000018001a1b0 f   sfc_mex:sfc_sf.obj
 0001:000191c0       sf_mex_listen_for_ctrl_c   000000018001a1c0 f   sfc_mex:sfc_sf.obj
 0001:00019260       sf_mex_get_sfun_param      000000018001a260 f   sfc_mex:sfc_sf.obj
 0001:000192b0       sf_get_runtime_param_data  000000018001a2b0 f   sfc_mex:sfc_sf.obj
 0001:000192f0       sf_call_output_fcn_call    000000018001a2f0 f   sfc_mex:sfc_sf.obj
 0001:00019430       sf_call_output_fcn_enable  000000018001a430 f   sfc_mex:sfc_sf.obj
 0001:000194c0       sf_call_output_fcn_disable 000000018001a4c0 f   sfc_mex:sfc_sf.obj
 0001:00019550       sf_clear_rtw_identifier    000000018001a550 f   sfc_mex:sfc_sf.obj
 0001:00019d70       sf_set_encoded_dwork_info  000000018001ad70 f   sfc_mex:sfc_sf.obj
 0001:00019dc0       sf_get_dwork_info_from_mat_file 000000018001adc0 f   sfc_mex:sfc_sf.obj
 0001:00019f80       sf_set_rtw_dwork_info      000000018001af80 f   sfc_mex:sfc_sf.obj
 0001:0001a0f0       mdlOutputs                 000000018001b0f0 f   sfc_mex:sfc_sf.obj
 0001:0001a210       sf_debug_chart_instance_initialized_quick 000000018001b210 f   sfc_debug:sfcdebug.obj
 0001:0001a290       sf_debug_disp              000000018001b290 f   sfc_debug:sfcdebug.obj
 0001:0001a560       sf_debug_data_runtime_size_mismatch_error_check 000000018001b560 f   sfc_debug:sfcdebug.obj
 0001:0001a610       sf_debug_try_loading_machine 000000018001b610 f   sfc_debug:sfcdebug.obj
 0001:0001a710       sf_debug_reset_current_state_configuration 000000018001b710 f   sfc_debug:sfcdebug.obj
 0001:0001a790       sf_debug_store_current_state_configuration 000000018001b790 f   sfc_debug:sfcdebug.obj
 0001:0001a810       sf_debug_restore_previous_state_configuration 000000018001b810 f   sfc_debug:sfcdebug.obj
 0001:0001a890       sf_debug_restore_previous_state_configuration2 000000018001b890 f   sfc_debug:sfcdebug.obj
 0001:0001a910       sf_debug_get_event_scope   000000018001b910 f   sfc_debug:sfcdebug.obj
 0001:0001aa80       use_debugger_step_animation 000000018001ba80 f   sfc_debug:sfcdebug.obj
 0001:0001aaa0       sf_debug_get_script_id     000000018001baa0 f   sfc_debug:sfcdebug.obj
 0001:0001ab30       sf_debug_set_script_translation 000000018001bb30 f   sfc_debug:sfcdebug.obj
 0001:0001acb0       sf_debug_extract_message_post_receive_info 000000018001bcb0 f   sfc_debug:sfcdebug.obj
 0001:0001ae70       sf_debug_get_current_machine_id 000000018001be70 f   sfc_debug:sfcdebug.obj
 0001:0001ae90       sf_debug_get_current_optional_integer 000000018001be90 f   sfc_debug:sfcdebug.obj
 0001:0001aea0       sf_debug_get_current_machine_number 000000018001bea0 f   sfc_debug:sfcdebug.obj
 0001:0001aec0       sf_debug_get_current_machine_name 000000018001bec0 f   sfc_debug:sfcdebug.obj
 0001:0001aee0       sf_debug_get_current_chart_id 000000018001bee0 f   sfc_debug:sfcdebug.obj
 0001:0001af20       sf_debug_get_current_chart_number 000000018001bf20 f   sfc_debug:sfcdebug.obj
 0001:0001af30       sf_debug_get_current_instance_number 000000018001bf30 f   sfc_debug:sfcdebug.obj
 0001:0001af40       sf_debug_get_current_is_minor_time_step 000000018001bf40 f   sfc_debug:sfcdebug.obj
 0001:0001afc0       sf_debug_get_current_object_type 000000018001bfc0 f   sfc_debug:sfcdebug.obj
 0001:0001afd0       sf_debug_get_current_instance_handle 000000018001bfd0 f   sfc_debug:sfcdebug.obj
 0001:0001b030       sf_debug_get_current_event_type 000000018001c030 f   sfc_debug:sfcdebug.obj
 0001:0001b040       sf_debug_get_current_object_id 000000018001c040 f   sfc_debug:sfcdebug.obj
 0001:0001b080       sf_debug_get_current_active_event_type 000000018001c080 f   sfc_debug:sfcdebug.obj
 0001:0001b090       sf_debug_get_current_active_event_id 000000018001c090 f   sfc_debug:sfcdebug.obj
 0001:0001b0d0       sf_debug_get_current_tag_type 000000018001c0d0 f   sfc_debug:sfcdebug.obj
 0001:0001b0e0       sf_debug_get_current_simulation_time 000000018001c0e0 f   sfc_debug:sfcdebug.obj
 0001:0001b0f0       sf_debug_get_current_coverage_percentage 000000018001c0f0 f   sfc_debug:sfcdebug.obj
 0001:0001b100       sf_debug_current_statement_context 000000018001c100 f   sfc_debug:sfcdebug.obj
 0001:0001b180       sf_debug_get_current_statement_info 000000018001c180 f   sfc_debug:sfcdebug.obj
 0001:0001b320       sf_debug_terminate_instance 000000018001c320 f   sfc_debug:sfcdebug.obj
 0001:0001b640       sf_debug_assertion_failed  000000018001c640 f   sfc_debug:sfcdebug.obj
 0001:0001b810       sf_debug_create_debug_instance_struct 000000018001c810 f   sfc_debug:sfcdebug.obj
 0001:0001b860       sf_debug_set_number_of_data_with_change_event_for_machine 000000018001c860 f   sfc_debug:sfcdebug.obj
 0001:0001b8b0       sf_debug_set_machine_event_thresholds 000000018001c8b0 f   sfc_debug:sfcdebug.obj
 0001:0001b8d0       sf_debug_set_machine_event_scope 000000018001c8d0 f   sfc_debug:sfcdebug.obj
 0001:0001b920       sf_debug_set_machine_data_thresholds 000000018001c920 f   sfc_debug:sfcdebug.obj
 0001:0001b970       sf_debug_set_machine_data_scope 000000018001c970 f   sfc_debug:sfcdebug.obj
 0001:0001ba10       sf_debug_set_machine_data_name 000000018001ca10 f   sfc_debug:sfcdebug.obj
 0001:0001bac0       sf_debug_set_machine_data_size 000000018001cac0 f   sfc_debug:sfcdebug.obj
 0001:0001bc10       sf_debug_set_machine_data_type 000000018001cc10 f   sfc_debug:sfcdebug.obj
 0001:0001bd80       sf_debug_get_chart_data_number 000000018001cd80 f   sfc_debug:sfcdebug.obj
 0001:0001bda0       sf_debug_get_chart_event_number 000000018001cda0 f   sfc_debug:sfcdebug.obj
 0001:0001bdc0       sf_debug_set_chart_state_info 000000018001cdc0 f   sfc_debug:sfcdebug.obj
 0001:0001be50       sf_debug_set_chart_decomposition 000000018001ce50 f   sfc_debug:sfcdebug.obj
 0001:0001bec0       sf_debug_set_chart_substate_count 000000018001cec0 f   sfc_debug:sfcdebug.obj
 0001:0001bfa0       sf_debug_set_chart_substate_index 000000018001cfa0 f   sfc_debug:sfcdebug.obj
 0001:0001c020       sf_debug_set_chart_state_substate_count 000000018001d020 f   sfc_debug:sfcdebug.obj
 0001:0001c140       sf_debug_set_chart_state_substate_index 000000018001d140 f   sfc_debug:sfcdebug.obj
 0001:0001c1d0       sf_debug_set_number_of_data_with_change_event_for_chart 000000018001d1d0 f   sfc_debug:sfcdebug.obj
 0001:0001c260       sf_debug_set_number_of_states_with_entry_event_for_chart 000000018001d260 f   sfc_debug:sfcdebug.obj
 0001:0001c2e0       sf_debug_set_number_of_states_with_exit_event_for_chart 000000018001d2e0 f   sfc_debug:sfcdebug.obj
 0001:0001c360       sf_debug_set_chart_disable_implicit_casting 000000018001d360 f   sfc_debug:sfcdebug.obj
 0001:0001c3d0       sf_debug_set_chart_event_thresholds 000000018001d3d0 f   sfc_debug:sfcdebug.obj
 0001:0001c450       sf_debug_set_chart_data_compiled_props 000000018001d450 f   sfc_debug:sfcdebug.obj
 0001:0001c790       sf_debug_set_chart_data_props 000000018001d790 f   sfc_debug:sfcdebug.obj
 0001:0001cab0       sf_debug_check_fi_license  000000018001dab0 f   sfc_debug:sfcdebug.obj
 0001:0001cc70       sf_debug_symbol_scope_push 000000018001dc70 f   sfc_debug:sfcdebug.obj
 0001:0001ccb0       sf_debug_symbol_scope_push_eml 000000018001dcb0 f   sfc_debug:sfcdebug.obj
 0001:0001cd00       sf_debug_symbol_scope_pop  000000018001dd00 f   sfc_debug:sfcdebug.obj
 0001:0001cd40       sf_debug_symbol_scope_add_importable 000000018001dd40 f   sfc_debug:sfcdebug.obj
 0001:0001cdc0       sf_debug_symbol_scope_add  000000018001ddc0 f   sfc_debug:sfcdebug.obj
 0001:0001ce40       sf_debug_symbol_scope_add_dyn_importable 000000018001de40 f   sfc_debug:sfcdebug.obj
 0001:0001cf00       sf_debug_symbol_scope_add_dyn 000000018001df00 f   sfc_debug:sfcdebug.obj
 0001:0001cf40       sf_debug_symbol_scope_add_eml_importable 000000018001df40 f   sfc_debug:sfcdebug.obj
 0001:0001cf80       sf_debug_symbol_scope_add_eml 000000018001df80 f   sfc_debug:sfcdebug.obj
 0001:0001cfc0       sf_debug_symbol_scope_add_eml_dyn_importable 000000018001dfc0 f   sfc_debug:sfcdebug.obj
 0001:0001d020       sf_debug_symbol_scope_add_eml_dyn 000000018001e020 f   sfc_debug:sfcdebug.obj
 0001:0001d080       sf_debug_symbol_switch     000000018001e080 f   sfc_debug:sfcdebug.obj
 0001:0001d0a0       sf_debug_symbol_scope_add_verbose 000000018001e0a0 f   sfc_debug:sfcdebug.obj
 0001:0001d170       sf_debug_set_machine_data_value_ptr 000000018001e170 f   sfc_debug:sfcdebug.obj
 0001:0001d1b0       sf_debug_set_instance_data_value_ptr 000000018001e1b0 f   sfc_debug:sfcdebug.obj
 0001:0001d280       sf_debug_unset_instance_data_value_ptr 000000018001e280 f   sfc_debug:sfcdebug.obj
 0001:0001d330       sf_debug_set_chart_event_scope 000000018001e330 f   sfc_debug:sfcdebug.obj
 0001:0001d3b0       sf_debug_set_chart_transition_coverage_maps 000000018001e3b0 f   sfc_debug:sfcdebug.obj
 0001:0001d4b0       sf_debug_set_chart_state_coverage_maps 000000018001e4b0 f   sfc_debug:sfcdebug.obj
 0001:0001d580       sf_debug_set_instance_transition_coverage_weights 000000018001e580 f   sfc_debug:sfcdebug.obj
 0001:0001d610       sf_debug_set_instance_state_coverage_weights 000000018001e610 f   sfc_debug:sfcdebug.obj
 0001:0001d860       sf_debug_unload_machine    000000018001e860 f   sfc_debug:sfcdebug.obj
 0001:0001d8b0       sf_debug_load_machine      000000018001e8b0 f   sfc_debug:sfcdebug.obj
 0001:0001d9c0       sf_debug_set_active_instance_in_data_dictionary 000000018001e9c0 f   sfc_debug:sfcdebug.obj
 0001:0001dba0       sf_debug_set_active_instance 000000018001eba0 f   sfc_debug:sfcdebug.obj
 0001:0001dd00       sf_debug_chart_visiblity_change 000000018001ed00 f   sfc_debug:sfcdebug.obj
 0001:0001ddf0       sf_debug_select_chart      000000018001edf0 f   sfc_debug:sfcdebug.obj
 0001:0001df50       sf_debug_set_instance_cv_ids 000000018001ef50 f   sfc_debug:sfcdebug.obj
 0001:0001e280       sf_debug_select_charts     000000018001f280 f   sfc_debug:sfcdebug.obj
 0001:0001e430       sf_debug_initialized       000000018001f430 f   sfc_debug:sfcdebug.obj
 0001:0001e450       sf_debug_is_uninterruptible 000000018001f450 f   sfc_debug:sfcdebug.obj
 0001:0001e480       sf_debug_initialize_debugger_gui 000000018001f480 f   sfc_debug:sfcdebug.obj
 0001:0001e860       sf_debug_resume            000000018001f860 f   sfc_debug:sfcdebug.obj
 0001:0001e880       sf_debug_go                000000018001f880 f   sfc_debug:sfcdebug.obj
 0001:0001e890       sf_debug_break             000000018001f890 f   sfc_debug:sfcdebug.obj
 0001:0001e8a0       sf_debug_step_over         000000018001f8a0 f   sfc_debug:sfcdebug.obj
 0001:0001e8b0       sf_debug_step_out          000000018001f8b0 f   sfc_debug:sfcdebug.obj
 0001:0001e8c0       sf_debug_set_disable_all_breakpoints 000000018001f8c0 f   sfc_debug:sfcdebug.obj
 0001:0001e8d0       sf_debug_disable_all_breakpoints_and_go 000000018001f8d0 f   sfc_debug:sfcdebug.obj
 0001:0001e8e0       sf_debug_break_on_chart_entry 000000018001f8e0 f   sfc_debug:sfcdebug.obj
 0001:0001e8f0       sf_debug_break_on_event_broadcast 000000018001f8f0 f   sfc_debug:sfcdebug.obj
 0001:0001e900       sf_debug_break_on_state_entry 000000018001f900 f   sfc_debug:sfcdebug.obj
 0001:0001e910       sf_debug_break_between_times 000000018001f910 f   sfc_debug:sfcdebug.obj
 0001:0001e930       sf_debug_browse_data       000000018001f930 f   sfc_debug:sfcdebug.obj
 0001:0001e940       sf_debug_watch_data        000000018001f940 f   sfc_debug:sfcdebug.obj
 0001:0001e970       sf_debug_assign_data       000000018001f970 f   sfc_debug:sfcdebug.obj
 0001:0001e980       sf_debug_whos              000000018001f980 f   sfc_debug:sfcdebug.obj
 0001:0001e9a0       sf_debug_get_consistency_info 000000018001f9a0 f   sfc_debug:sfcdebug.obj
 0001:0001e9b0       sf_debug_browse_trace      000000018001f9b0 f   sfc_debug:sfcdebug.obj
 0001:0001e9c0       sf_debug_set_breakpoints   000000018001f9c0 f   sfc_debug:sfcdebug.obj
 0001:0001eb30       sf_debug_set_eml_breakpoints 000000018001fb30 f   sfc_debug:sfcdebug.obj
 0001:0001ec90       sf_debug_set_script_breakpoints 000000018001fc90 f   sfc_debug:sfcdebug.obj
 0001:0001ed10       sf_debug_add_script_breakpoints 000000018001fd10 f   sfc_debug:sfcdebug.obj
 0001:0001ed80       sf_debug_clear_script_breakpoints 000000018001fd80 f   sfc_debug:sfcdebug.obj
 0001:0001edf0       sf_debug_query_script_breakpoints 000000018001fdf0 f   sfc_debug:sfcdebug.obj
 0001:0001eea0       sf_debug_get_eml_script_id 000000018001fea0 f   sfc_debug:sfcdebug.obj
 0001:0001eef0       sf_debug_set_watch         000000018001fef0 f   sfc_debug:sfcdebug.obj
 0001:0001f110       sf_debug_get_instance_handle 0000000180020110 f   sfc_debug:sfcdebug.obj
 0001:0001f1a0       sf_debug_get_active_states 00000001800201a0 f   sfc_debug:sfcdebug.obj
 0001:0001f1b0       sf_debug_set_honor_breakpoints 00000001800201b0 f   sfc_debug:sfcdebug.obj
 0001:0001f1c0       sf_debug_get_animation     00000001800201c0 f   sfc_debug:sfcdebug.obj
 0001:0001f1d0       sf_debug_set_animation     00000001800201d0 f   sfc_debug:sfcdebug.obj
 0001:0001f1e0       sf_debug_animate           00000001800201e0 f   sfc_debug:sfcdebug.obj
 0001:0001f200       sf_debug_cycle_detection_check 0000000180020200 f   sfc_debug:sfcdebug.obj
 0001:0001f210       sf_debug_data_range_check  0000000180020210 f   sfc_debug:sfcdebug.obj
 0001:0001f220       sf_debug_transition_conflict_check 0000000180020220 f   sfc_debug:sfcdebug.obj
 0001:0001f230       sf_debug_state_consistency_check 0000000180020230 f   sfc_debug:sfcdebug.obj
 0001:0001f240       sf_debug_data_range_check_enabled 0000000180020240 f   sfc_debug:sfcdebug.obj
 0001:0001f260       sf_debug_transition_conflict_check_enabled 0000000180020260 f   sfc_debug:sfcdebug.obj
 0001:0001f280       sf_debug_transition_conflict_check_begin 0000000180020280 f   sfc_debug:sfcdebug.obj
 0001:0001f2a0       sf_debug_transition_conflict_check_end 00000001800202a0 f   sfc_debug:sfcdebug.obj
 0001:0001f2c0       sf_debug_stop_debugging    00000001800202c0 f   sfc_debug:sfcdebug.obj
 0001:0001f2f0       sf_debug_is_cycle_detected 00000001800202f0 f   sfc_debug:sfcdebug.obj
 0001:0001f300       sf_debug_is_array_bounds_detected 0000000180020300 f   sfc_debug:sfcdebug.obj
 0001:0001f310       sf_debug_get_state_vectors_data_size 0000000180020310 f   sfc_debug:sfcdebug.obj
 0001:0001f350       sf_debug_get_state_vectors_data 0000000180020350 f   sfc_debug:sfcdebug.obj
 0001:0001f460       sf_debug_set_state_vectors_data 0000000180020460 f   sfc_debug:sfcdebug.obj
 0001:0001f6f0       sf_debug_get_script_index  00000001800206f0 f   sfc_debug:sfcdebug.obj
 0001:0001f880       sf_debug_add_script        0000000180020880 f   sfc_debug:sfcdebug.obj
 0001:0001fa10       cv_eval_point              0000000180020a10 f   sfc_debug:sfcdebug.obj
 0001:0001fb80       cv_eval_testobjective      0000000180020b80 f   sfc_debug:sfcdebug.obj
 0001:0001fc90       sf_debug_cv_init_state     0000000180020c90 f   sfc_debug:sfcdebug.obj
 0001:0001fdc0       sf_debug_cv_init_chart     0000000180020dc0 f   sfc_debug:sfcdebug.obj
 0001:0001feb0       sf_debug_cv_init_trans     0000000180020eb0 f   sfc_debug:sfcdebug.obj
 0001:0001ffc0       sf_debug_cv_init_saturation 0000000180020fc0 f   sfc_debug:sfcdebug.obj
 0001:000200c0       sf_debug_cv_init_testobjectives 00000001800210c0 f   sfc_debug:sfcdebug.obj
 0001:000202a0       cv_eml_init_script         00000001800212a0 f   sfc_debug:sfcdebug.obj
 0001:000203c0       cv_eml_init_fcn            00000001800213c0 f   sfc_debug:sfcdebug.obj
 0001:000204d0       cv_eml_init_testobjective  00000001800214d0 f   sfc_debug:sfcdebug.obj
 0001:000205b0       cv_eml_init_saturation     00000001800215b0 f   sfc_debug:sfcdebug.obj
 0001:00020680       cv_eml_init_if             0000000180021680 f   sfc_debug:sfcdebug.obj
 0001:00020760       cv_eml_init_for            0000000180021760 f   sfc_debug:sfcdebug.obj
 0001:00020830       cv_eml_init_while          0000000180021830 f   sfc_debug:sfcdebug.obj
 0001:00020900       cv_eml_init_mcdc           0000000180021900 f   sfc_debug:sfcdebug.obj
 0001:00020a20       cv_eml_init_switch         0000000180021a20 f   sfc_debug:sfcdebug.obj
 0001:00020b20       cv_eml_eval                0000000180021b20 f   sfc_debug:sfcdebug.obj
 0001:00020c10       sf_debug_bm_is_a_eml_breakpoint 0000000180021c10 f   sfc_debug:sfcdebug.obj
 0001:00020d60       sf_debug_temporal_threshold 0000000180021d60 f   sfc_debug:sfcdebug.obj
 0001:000210d0       sf_debug_transition_conflict_error 00000001800220d0 f   sfc_debug:sfcdebug.obj
 0001:00021430       sf_debug_state_inconsistency_error 0000000180022430 f   sfc_debug:sfcdebug.obj
 0001:00021550       sf_debug_check_for_state_inconsistency 0000000180022550 f   sfc_debug:sfcdebug.obj
 0001:00021590       sf_debug_cycle_detecton_error 0000000180022590 f   sfc_debug:sfcdebug.obj
 0001:00021ce0       sf_debug_size_eq_check_1d  0000000180022ce0 f   sfc_debug:sfcdebug.obj
 0001:00021d00       sf_debug_size_eq_check_nd  0000000180022d00 f   sfc_debug:sfcdebug.obj
 0001:00021f00       sf_debug_dim_size_eq_check 0000000180022f00 f   sfc_debug:sfcdebug.obj
 0001:00021f30       sf_debug_dim_size_geq_check 0000000180022f30 f   sfc_debug:sfcdebug.obj
 0001:00021f60       sf_debug_sub_assign_size_check_nd 0000000180022f60 f   sfc_debug:sfcdebug.obj
 0001:00022140       sf_debug_matrix_matrix_index_check 0000000180023140 f   sfc_debug:sfcdebug.obj
 0001:00022190       sf_debug_vector_vector_index_check 0000000180023190 f   sfc_debug:sfcdebug.obj
 0001:000221e0       sf_debug_for_loop_vector_check 00000001800231e0 f   sfc_debug:sfcdebug.obj
 0001:00022280       sf_debug_runtime_error_msgid 0000000180023280 f   sfc_debug:sfcdebug.obj
 0001:00022320       sf_debug_data_array_bounds_error_check 0000000180023320 f   sfc_debug:sfcdebug.obj
 0001:00022430       sf_debug_eml_data_array_bounds_error_check 0000000180023430 f   sfc_debug:sfcdebug.obj
 0001:000228f0       sf_debug_integer_check     00000001800238f0 f   sfc_debug:sfcdebug.obj
 0001:000229e0       sf_debug_not_nan_check     00000001800239e0 f   sfc_debug:sfcdebug.obj
 0001:00022ab0       sf_debug_non_negative_check 0000000180023ab0 f   sfc_debug:sfcdebug.obj
 0001:00022b80       sf_debug_overflow_detection 0000000180023b80 f   sfc_debug:sfcdebug.obj
 0001:000231e0       sf_debug_cast_to_real32_T  00000001800241e0 f   sfc_debug:sfcdebug.obj
 0001:000232b0       sf_debug_cast_to_int8_T    00000001800242b0 f   sfc_debug:sfcdebug.obj
 0001:00023380       sf_debug_cast_to_uint8_T   0000000180024380 f   sfc_debug:sfcdebug.obj
 0001:00023450       sf_debug_cast_to_int16_T   0000000180024450 f   sfc_debug:sfcdebug.obj
 0001:00023520       sf_debug_cast_to_uint16_T  0000000180024520 f   sfc_debug:sfcdebug.obj
 0001:000235f0       sf_debug_cast_to_int32_T   00000001800245f0 f   sfc_debug:sfcdebug.obj
 0001:000236c0       sf_debug_cast_to_uint32_T  00000001800246c0 f   sfc_debug:sfcdebug.obj
 0001:00023790       sf_debug_data_range_error  0000000180024790 f   sfc_debug:sfcdebug.obj
 0001:00023aa0       sf_debug_read_before_write_check 0000000180024aa0 f   sfc_debug:sfcdebug.obj
 0001:00023ed0       sf_debug_data_range_error_wrapper_min_max 0000000180024ed0 f   sfc_debug:sfcdebug.obj
 0001:00023ff0       sf_debug_data_range_error_wrapper_min 0000000180024ff0 f   sfc_debug:sfcdebug.obj
 0001:00024100       sf_debug_data_range_error_wrapper_max 0000000180025100 f   sfc_debug:sfcdebug.obj
 0001:00024210       sf_debug_data_range_wrapper 0000000180025210 f   sfc_debug:sfcdebug.obj
 0001:000242d0       sf_debug_set_current_status_info 00000001800252d0 f   sfc_debug:sfcdebug.obj
 0001:00024670       sf_debug_register_message_post_receive_info 0000000180025670 f   sfc_debug:sfcdebug.obj
 0001:000248c0       sf_debug_call              00000001800258c0 f   sfc_debug:sfcdebug.obj
 0001:00025220       sf_debug_initialize_machine 0000000180026220 f   sfc_debug:sfcdebug.obj
 0001:000254d0       sf_debug_initialize_chart  00000001800264d0 f   sfc_debug:sfcdebug.obj
 0001:00025920       sf_debug_ensure_script     0000000180026920 f   sfc_debug:sfcdebug.obj
 0001:000259d0       cv_eval_saturation         00000001800269d0 f   sfc_debug:sfcdebug.obj
 0001:00025b50       cv_saturation_accum        0000000180026b50 f   sfc_debug:sfcdebug.obj
 0001:00025c90       cv_script_init_script      0000000180026c90 f   sfc_debug:sfcdebug.obj
 0001:00025d80       cv_script_init_fcn         0000000180026d80 f   sfc_debug:sfcdebug.obj
 0001:00025e40       cv_script_init_testobjective 0000000180026e40 f   sfc_debug:sfcdebug.obj
 0001:00025f00       cv_script_init_saturation  0000000180026f00 f   sfc_debug:sfcdebug.obj
 0001:00025fb0       cv_script_init_if          0000000180026fb0 f   sfc_debug:sfcdebug.obj
 0001:00026070       cv_script_init_for         0000000180027070 f   sfc_debug:sfcdebug.obj
 0001:00026120       cv_script_init_while       0000000180027120 f   sfc_debug:sfcdebug.obj
 0001:000261d0       cv_script_init_mcdc        00000001800271d0 f   sfc_debug:sfcdebug.obj
 0001:000262d0       cv_script_init_switch      00000001800272d0 f   sfc_debug:sfcdebug.obj
 0001:000263b0       cv_script_eval             00000001800273b0 f   sfc_debug:sfcdebug.obj
 0001:00026480       eml_debug_line_call        0000000180027480 f   sfc_debug:sfcdebug.obj
 0001:00026650       sf_debug_terminate         0000000180027650 f   sfc_debug:sfcdebug.obj
 0001:00026860       sf_debug_set_script_cv_ids 0000000180027860 f   sfc_debug:sfcdebug.obj
 0001:00026990       sf_debug_api               0000000180027990 f   sfc_debug:sfc_api.obj
 0001:00028280       sf_debug_sm_terminate      0000000180029280 f   sfc_debug:sfdb_animation.obj
 0001:00028430       sf_debug_reset_path_objects 0000000180029430 f   sfc_debug:sfdb_animation.obj
 0001:000284b0       sf_debug_sm_reset_object_selection_status 00000001800294b0 f   sfc_debug:sfdb_animation.obj
 0001:00028550       sf_debug_sm_reset_state_buffer 0000000180029550 f   sfc_debug:sfdb_animation.obj
 0001:00028620       sf_debug_sm_store_state_buffer 0000000180029620 f   sfc_debug:sfdb_animation.obj
 0001:000286a0       sf_debug_sm_restore_state_buffer1 00000001800296a0 f   sfc_debug:sfdb_animation.obj
 0001:00028710       sf_debug_sm_restore_state_buffer2 0000000180029710 f   sfc_debug:sfdb_animation.obj
 0001:00028780       sf_debug_sm_chart_active   0000000180029780 f   sfc_debug:sfdb_animation.obj
 0001:000287d0       sf_debug_sm_select_active_objects 00000001800297d0 f   sfc_debug:sfdb_animation.obj
 0001:00028ca0       sf_debug_sm_is_chart_active 0000000180029ca0 f   sfc_debug:sfdb_animation.obj
 0001:00028ce0       sf_debug_sm_is_state_active 0000000180029ce0 f   sfc_debug:sfdb_animation.obj
 0001:00028f20       sf_debug_sm_get_active_states 0000000180029f20 f   sfc_debug:sfdb_animation.obj
 0001:000294d0       sf_debug_sm_initialize_instance 000000018002a4d0 f   sfc_debug:sfdb_animation.obj
 0001:000296e0       sf_debug_sm_change_object_selection_status 000000018002a6e0 f   sfc_debug:sfdb_animation.obj
 0001:000299b0       cv_create_interface        000000018002a9b0 f   sfc_debug:cv_sfinterface.obj
 0001:00029cc0       cv_init_trans              000000018002acc0 f   sfc_debug:cv_sfinterface.obj
 0001:00029d10       cv_init_saturation         000000018002ad10 f   sfc_debug:cv_sfinterface.obj
 0001:00029d50       cv_init_testobjective      000000018002ad50 f   sfc_debug:cv_sfinterface.obj
 0001:00029d90       cv_init_state              000000018002ad90 f   sfc_debug:cv_sfinterface.obj
 0001:00029e00       cv_init_chart              000000018002ae00 f   sfc_debug:cv_sfinterface.obj
 0001:00029e50       cv_dec_update_call         000000018002ae50 f   sfc_debug:cv_sfinterface.obj
 0001:00029e90       cv_cond_update_call        000000018002ae90 f   sfc_debug:cv_sfinterface.obj
 0001:00029ed0       cv_saturation_update_call  000000018002aed0 f   sfc_debug:cv_sfinterface.obj
 0001:00029f10       cv_saturation_update_accum 000000018002af10 f   sfc_debug:cv_sfinterface.obj
 0001:00029f50       cv_testobjective_update_call 000000018002af50 f   sfc_debug:cv_sfinterface.obj
 0001:00029f90       cv_sigrange_update         000000018002af90 f   sfc_debug:cv_sfinterface.obj
 0001:00029fd0       cvsf_eml_eval              000000018002afd0 f   sfc_debug:cv_sfinterface.obj
 0001:0002a0b0       cvsf_eml_init_script       000000018002b0b0 f   sfc_debug:cv_sfinterface.obj
 0001:0002a140       cvsf_eml_init_fcn          000000018002b140 f   sfc_debug:cv_sfinterface.obj
 0001:0002a1a0       cvsf_eml_init_testobjective 000000018002b1a0 f   sfc_debug:cv_sfinterface.obj
 0001:0002a200       cvsf_eml_init_saturation   000000018002b200 f   sfc_debug:cv_sfinterface.obj
 0001:0002a250       cvsf_eml_init_if           000000018002b250 f   sfc_debug:cv_sfinterface.obj
 0001:0002a2b0       cvsf_eml_init_for          000000018002b2b0 f   sfc_debug:cv_sfinterface.obj
 0001:0002a300       cvsf_eml_init_while        000000018002b300 f   sfc_debug:cv_sfinterface.obj
 0001:0002a350       cvsf_eml_init_mcdc         000000018002b350 f   sfc_debug:cv_sfinterface.obj
 0001:0002a3e0       cvsf_eml_init_switch       000000018002b3e0 f   sfc_debug:cv_sfinterface.obj
 0001:0002a450       cvsf_script_eval           000000018002b450 f   sfc_debug:cv_sfinterface.obj
 0001:0002a530       cvsf_script_init_script    000000018002b530 f   sfc_debug:cv_sfinterface.obj
 0001:0002a5c0       cvsf_script_init_fcn       000000018002b5c0 f   sfc_debug:cv_sfinterface.obj
 0001:0002a620       cvsf_script_init_testobjective 000000018002b620 f   sfc_debug:cv_sfinterface.obj
 0001:0002a680       cvsf_script_init_saturation 000000018002b680 f   sfc_debug:cv_sfinterface.obj
 0001:0002a6d0       cvsf_script_init_if        000000018002b6d0 f   sfc_debug:cv_sfinterface.obj
 0001:0002a730       cvsf_script_init_for       000000018002b730 f   sfc_debug:cv_sfinterface.obj
 0001:0002a780       cvsf_script_init_while     000000018002b780 f   sfc_debug:cv_sfinterface.obj
 0001:0002a7d0       cvsf_script_init_mcdc      000000018002b7d0 f   sfc_debug:cv_sfinterface.obj
 0001:0002a860       cvsf_script_init_switch    000000018002b860 f   sfc_debug:cv_sfinterface.obj
 0001:0002a8d0       cv_destroy_interface       000000018002b8d0 f   sfc_debug:cv_sfinterface.obj
 0001:0002a8f0       cv_create_instance_objects 000000018002b8f0 f   sfc_debug:cv_sfinterface.obj
 0001:0002ad60       cv_is_enabled              000000018002bd60 f   sfc_debug:cv_sfinterface.obj
 0001:0002ad70       sf_debug_cv_initialize_script 000000018002bd70 f   sfc_debug:cv_sfinterface.obj
 0001:0002af00       sf_debug_cv_initialize_instance 000000018002bf00 f   sfc_debug:cv_sfinterface.obj
 0001:0002b290       sf_debug_cv_terminate_chart 000000018002c290 f   sfc_debug:cv_sfinterface.obj
 0001:0002b3b0       cv_call_trans_test         000000018002c3b0 f   sfc_debug:cv_sfinterface.obj
 0001:0002b3c0       cv_call_sub_cond_test      000000018002c3c0 f   sfc_debug:cv_sfinterface.obj
 0001:0002b400       sf_debug_st_initialize_machine 000000018002c400 f   sfc_debug:sfdb_data_browse.obj
 0001:0002b4b0       sf_debug_st_initialize_instance 000000018002c4b0 f   sfc_debug:sfdb_data_browse.obj
 0001:0002b6c0       sf_debug_st_terminate      000000018002c6c0 f   sfc_debug:sfdb_data_browse.obj
 0001:0002ba60       sf_debug_st_set_data_value_ptr_in_machine 000000018002ca60 f   sfc_debug:sfdb_data_browse.obj
 0001:0002baf0       sf_debug_st_set_data_value_ptr_in_instance 000000018002caf0 f   sfc_debug:sfdb_data_browse.obj
 0001:0002bbd0       sf_debug_st_unset_data_value_ptr_in_machine 000000018002cbd0 f   sfc_debug:sfdb_data_browse.obj
 0001:0002bc40       sf_debug_st_unset_data_value_ptr_in_instance 000000018002cc40 f   sfc_debug:sfdb_data_browse.obj
 0001:0002bf00       sf_debug_mx_value          000000018002cf00 f   sfc_debug:sfdb_data_browse.obj
 0001:0002bf60       sf_debug_mx_packed_vector  000000018002cf60 f   sfc_debug:sfdb_data_browse.obj
 0001:0002c040       sf_debug_mx_uint_vector    000000018002d040 f   sfc_debug:sfdb_data_browse.obj
 0001:0002c0f0       sf_debug_st_get_double_value_from_void_ptr_vector 000000018002d0f0 f   sfc_debug:sfdb_data_browse.obj
 0001:0002cbd0       sf_debug_st_browse_data    000000018002dbd0 f   sfc_debug:sfdb_data_browse.obj
 0001:0002d410       sf_debug_hm_initialize_instance 000000018002e410 f   sfc_debug:sfdb_handle_management.obj
 0001:0002d8f0       sf_debug_hm_get_object_id  000000018002e8f0 f   sfc_debug:sfdb_handle_management.obj
 0001:0002e4a0       sf_debug_hm_update_chart_visibility 000000018002f4a0 f   sfc_debug:sfdb_handle_management.obj
 0001:0002f690       sf_debug_object_is_eml_function 0000000180030690 f   sfc_debug:sfdb_handle_management.obj
 0001:0002f700       sf_debug_hm_initialize_ids_in_machine 0000000180030700 f   sfc_debug:sfdb_handle_management.obj
 0001:0002f870       sf_debug_hm_initialize_ids_in_chart 0000000180030870 f   sfc_debug:sfdb_handle_management.obj
 0001:0002f970       sf_debug_hm_initialize_chart 0000000180030970 f   sfc_debug:sfdb_handle_management.obj
 0001:00030070       sf_debug_hm_terminate      0000000180031070 f   sfc_debug:sfdb_handle_management.obj
 0001:000300d0       sf_debug_hm_initialize_machine 00000001800310d0 f   sfc_debug:sfdb_handle_management.obj
 0001:000307f0       sf_debug_ss_initialize     00000001800317f0 f   sfc_debug:sfdb_symbol_scope.obj
 0001:00030810       sf_debug_ss_terminate      0000000180031810 f   sfc_debug:sfdb_symbol_scope.obj
 0001:000308a0       sf_debug_ss_push_symbol_scope 00000001800318a0 f   sfc_debug:sfdb_symbol_scope.obj
 0001:000309a0       sf_debug_ss_push_symbol_scope_eml 00000001800319a0 f   sfc_debug:sfdb_symbol_scope.obj
 0001:00030a00       sf_debug_ss_pop_symbol_scope 0000000180031a00 f   sfc_debug:sfdb_symbol_scope.obj
 0001:00030ab0       sf_debug_ss_add_symbol     0000000180031ab0 f   sfc_debug:sfdb_symbol_scope.obj
 0001:00030c20       sf_debug_ss_add_symbol_eml 0000000180031c20 f   sfc_debug:sfdb_symbol_scope.obj
 0001:00031b20       sf_debug_ss_set_data_value 0000000180032b20 f   sfc_debug:sfdb_symbol_scope.obj
 0001:00031f70       getInstanceNumber          0000000180032f70 f   sfc_debug:sfdb_symbol_scope.obj
 0001:00032040       sf_debug_ss_watch_data     0000000180033040 f   sfc_debug:sfdb_symbol_scope.obj
 0001:00032230       sf_debug_ss_assign_data    0000000180033230 f   sfc_debug:sfdb_symbol_scope.obj
 0001:00032c40       get_data_entry_name        0000000180033c40 f   sfc_debug:sfdb_symbol_scope.obj
 0001:00032c90       sf_debug_ss_whos           0000000180033c90 f   sfc_debug:sfdb_symbol_scope.obj
 0001:000332e0       sf_debug_cc_initialize_chart 00000001800342e0 f   sfc_debug:sfdb_coverage.obj
 0001:00033cd0       sf_debug_cc_initialize_instance 0000000180034cd0 f   sfc_debug:sfdb_coverage.obj
 0001:00034a10       sf_debug_cc_terminate      0000000180035a10 f   sfc_debug:sfdb_coverage.obj
 0001:00034b00       sf_debug_cc_set_transition_maps 0000000180035b00 f   sfc_debug:sfdb_coverage.obj
 0001:00034c30       sf_debug_cc_set_state_maps 0000000180035c30 f   sfc_debug:sfdb_coverage.obj
 0001:00034d10       sf_debug_cc_set_transition_weights 0000000180035d10 f   sfc_debug:sfdb_coverage.obj
 0001:00034fd0       sf_debug_cc_set_state_weights 0000000180035fd0 f   sfc_debug:sfdb_coverage.obj
 0001:000352a0       sf_debug_cc_mark_transition_guard 00000001800362a0 f   sfc_debug:sfdb_coverage.obj
 0001:00035330       sf_debug_cc_mark_transition_trigger 0000000180036330 f   sfc_debug:sfdb_coverage.obj
 0001:000353c0       sf_debug_cc_mark_transition_decision 00000001800363c0 f   sfc_debug:sfdb_coverage.obj
 0001:00035430       sf_debug_cc_mark_transition_condition_action 0000000180036430 f   sfc_debug:sfdb_coverage.obj
 0001:00035480       sf_debug_cc_mark_transition_transition_action 0000000180036480 f   sfc_debug:sfdb_coverage.obj
 0001:000354d0       sf_debug_cc_mark_state_entry 00000001800364d0 f   sfc_debug:sfdb_coverage.obj
 0001:00035520       sf_debug_cc_mark_state_during 0000000180036520 f   sfc_debug:sfdb_coverage.obj
 0001:00035570       sf_debug_cc_mark_state_exit 0000000180036570 f   sfc_debug:sfdb_coverage.obj
 0001:000355c0       sf_debug_bm_clear_script_breakpoints 00000001800365c0 f   sfc_debug:sfdb_breakpoints.obj
 0001:000355f0       sf_debug_bm_set_script_breakpoint 00000001800365f0 f   sfc_debug:sfdb_breakpoints.obj
 0001:00035670       sf_debug_bm_clear_single_script_breakpoint 0000000180036670 f   sfc_debug:sfdb_breakpoints.obj
 0001:000356f0       sf_debug_bm_query_script_breakpoint 00000001800366f0 f   sfc_debug:sfdb_breakpoints.obj
 0001:00035740       sf_debug_bm_initialize_scripts 0000000180036740 f   sfc_debug:sfdb_breakpoints.obj
 0001:00035dd0       sf_debug_bm_terminate      0000000180036dd0 f   sfc_debug:sfdb_breakpoints.obj
 0001:000360b0       sf_debug_bm_remove_all_breakpoints_in_machine 00000001800370b0 f   sfc_debug:sfdb_breakpoints.obj
 0001:00036110       sf_debug_bm_remove_all_breakpoints_in_chart 0000000180037110 f   sfc_debug:sfdb_breakpoints.obj
 0001:00036260       sf_debug_bm_initialize_global_breakpoints 0000000180037260 f   sfc_debug:sfdb_breakpoints.obj
 0001:000363e0       sf_debug_bm_set_breakpoint 00000001800373e0 f   sfc_debug:sfdb_breakpoints.obj
 0001:000369a0       sf_debug_bm_set_eml_breakpoint 00000001800379a0 f   sfc_debug:sfdb_breakpoints.obj
 0001:00036a30       sf_debug_bm_initialize_machine_breakpoint_map 0000000180037a30 f   sfc_debug:sfdb_breakpoints.obj
 0001:00036e50       sf_debug_bm_is_a_breakpoint 0000000180037e50 f   sfc_debug:sfdb_breakpoints.obj
 0001:00037370       sf_debug_bm_get_all_breakpoints_in_machine 0000000180038370 f   sfc_debug:sfdb_breakpoints.obj
 0001:00037670       sf_debug_bm_get_all_breakpoints_in_chart 0000000180038670 f   sfc_debug:sfdb_breakpoints.obj
 0001:00038200       sf_debug_bm_initialize_machine 0000000180039200 f   sfc_debug:sfdb_breakpoints.obj
 0001:000382d0       sf_debug_bm_initialize_chart 00000001800392d0 f   sfc_debug:sfdb_breakpoints.obj
 0001:000386c0       sf_debug_sc_terminate      00000001800396c0 f   sfc_debug:sfdb_state_consistency.obj
 0001:000389e0       sf_debug_sc_is_chart_consistent 00000001800399e0 f   sfc_debug:sfdb_state_consistency.obj
 0001:00038c90       sf_debug_sc_get_consistency_error_info 0000000180039c90 f   sfc_debug:sfdb_state_consistency.obj
 0001:000390a0       sf_debug_tm_terminate      000000018003a0a0 f   sfc_debug:sfdb_call_stack.obj
 0001:00039150       sf_debug_tm_push_chart_instance 000000018003a150 f   sfc_debug:sfdb_call_stack.obj
 0001:00039290       sf_debug_tm_pop_chart_instance 000000018003a290 f   sfc_debug:sfdb_call_stack.obj
 0001:000392f0       sf_debug_tm_push_trace_node 000000018003a2f0 f   sfc_debug:sfdb_call_stack.obj
 0001:00039470       sf_debug_tm_pop_trace_node 000000018003a470 f   sfc_debug:sfdb_call_stack.obj
 0001:000394f0       sf_debug_tm_get_current_global_trace_index 000000018003a4f0 f   sfc_debug:sfdb_call_stack.obj
 0001:00039500       sf_debug_tm_get_current_local_trace_index 000000018003a500 f   sfc_debug:sfdb_call_stack.obj
 0001:00039530       sf_debug_tm_set_cycle_detected_flag 000000018003a530 f   sfc_debug:sfdb_call_stack.obj
 0001:00039570       sf_debug_tm_set_cycle_started_flag 000000018003a570 f   sfc_debug:sfdb_call_stack.obj
 0001:000395b0       sf_debug_tm_get_chart_number_from_stack 000000018003a5b0 f   sfc_debug:sfdb_call_stack.obj
 0001:000397b0       sf_debug_tm_browse_trace   000000018003a7b0 f   sfc_debug:sfdb_call_stack.obj
 0001:00039ac0       sf_debug_cd_initialize_instance 000000018003aac0 f   sfc_debug:sfdb_cycle_detection.obj
 0001:00039d70       sf_debug_cd_mark_processed_transition_in_instance 000000018003ad70 f   sfc_debug:sfdb_cycle_detection.obj
 0001:00039e10       sf_debug_cd_checksum_push  000000018003ae10 f   sfc_debug:sfdb_cycle_detection.obj
 0001:0003a0c0       sf_debug_cd_checksum_pop   000000018003b0c0 f   sfc_debug:sfdb_cycle_detection.obj
 0001:0003a130       sf_debug_cd_turn_off_cycle_detection 000000018003b130 f   sfc_debug:sfdb_cycle_detection.obj
 0001:0003a180       sf_debug_cd_terminate      000000018003b180 f   sfc_debug:sfdb_cycle_detection.obj
 0001:0003a3b0       md5_initialize_state       000000018003b3b0 f   sfc_debug:ckmd5.obj
 0001:0003ae40       md5_update_state           000000018003be40 f   sfc_debug:ckmd5.obj
 0001:0003ae60       md5_get_hash               000000018003be60 f   sfc_debug:ckmd5.obj
 0001:0003ae90       md5_get_hash_for_a_single_string 000000018003be90 f   sfc_debug:ckmd5.obj
 0001:0003aef0       mxGetPr                    000000018003bef0 f   libmx:libmx.dll
 0001:0003aef6       mxCreateDoubleScalar       000000018003bef6 f   libmx:libmx.dll
 0001:0003aefc       mxCreateDoubleMatrix_730   000000018003befc f   libmx:libmx.dll
 0001:0003af02       mxSetField_730             000000018003bf02 f   libmx:libmx.dll
 0001:0003af08       mxCreateString             000000018003bf08 f   libmx:libmx.dll
 0001:0003af0e       mxCreateStructMatrix_730   000000018003bf0e f   libmx:libmx.dll
 0001:0003af14       mxCreateCellMatrix_730     000000018003bf14 f   libmx:libmx.dll
 0001:0003af1a       mxDestroyArray             000000018003bf1a f   libmx:libmx.dll
 0001:0003af20       mxDuplicateArray           000000018003bf20 f   libmx:libmx.dll
 0001:0003af26       mxGetString_730            000000018003bf26 f   libmx:libmx.dll
 0001:0003af2c       mxIsChar                   000000018003bf2c f   libmx:libmx.dll
 0001:0003af32       mxGetClassID               000000018003bf32 f   libmx:libmx.dll
 0001:0003af38       mxIsNumeric                000000018003bf38 f   libmx:libmx.dll
 0001:0003af3e       mxIsComplex                000000018003bf3e f   libmx:libmx.dll
 0001:0003af44       mxGetN                     000000018003bf44 f   libmx:libmx.dll
 0001:0003af4a       mxGetM                     000000018003bf4a f   libmx:libmx.dll
 0001:0003af50       mxCalloc                   000000018003bf50 f   libmx:libmx.dll
 0001:0003af56       mxGetScalar                000000018003bf56 f   libmx:libmx.dll
 0001:0003af5c       mxIsLogical                000000018003bf5c f   libmx:libmx.dll
 0001:0003af62       mxCreateDoubleMatrix_700   000000018003bf62 f   libmx:libmx.dll
 0001:0003af68       mxFree                     000000018003bf68 f   libmx:libmx.dll
 0001:0003af6e       mxArrayToString            000000018003bf6e f   libmx:libmx.dll
 0001:0003af74       mxCreateCellMatrix_700     000000018003bf74 f   libmx:libmx.dll
 0001:0003af7a       mxSetCell_700              000000018003bf7a f   libmx:libmx.dll
 0001:0003af80       mxGetCell_700              000000018003bf80 f   libmx:libmx.dll
 0001:0003af86       mxGetClassName             000000018003bf86 f   libmx:libmx.dll
 0001:0003af8c       mxSetField_700             000000018003bf8c f   libmx:libmx.dll
 0001:0003af92       mxAddField                 000000018003bf92 f   libmx:libmx.dll
 0001:0003af98       mxGetField_700             000000018003bf98 f   libmx:libmx.dll
 0001:0003af9e       mxGetNumberOfElements      000000018003bf9e f   libmx:libmx.dll
 0001:0003afa4       mxIsStruct                 000000018003bfa4 f   libmx:libmx.dll
 0001:0003afaa       mxIsA                      000000018003bfaa f   libmx:libmx.dll
 0001:0003afb0       mxIsClass                  000000018003bfb0 f   libmx:libmx.dll
 0001:0003afb6       mxGetLogicals              000000018003bfb6 f   libmx:libmx.dll
 0001:0003afbc       mxIsSparse                 000000018003bfbc f   libmx:libmx.dll
 0001:0003afc2       mxSetFieldByNumber_700     000000018003bfc2 f   libmx:libmx.dll
 0001:0003afc8       mxGetFieldByNumber_700     000000018003bfc8 f   libmx:libmx.dll
 0001:0003afce       mxGetFieldNameByNumber     000000018003bfce f   libmx:libmx.dll
 0001:0003afd4       mxGetNumberOfFields        000000018003bfd4 f   libmx:libmx.dll
 0001:0003afda       mxCreateStructMatrix_700   000000018003bfda f   libmx:libmx.dll
 0001:0003afe0       mxGetFieldNumber           000000018003bfe0 f   libmx:libmx.dll
 0001:0003afe6       mxIsNaN                    000000018003bfe6 f   libmx:libmx.dll
 0001:0003afec       mxIsEmpty                  000000018003bfec f   libmx:libmx.dll
 0001:0003aff2       mxGetData                  000000018003bff2 f   libmx:libmx.dll
 0001:0003aff8       mxGetImagData              000000018003bff8 f   libmx:libmx.dll
 0001:0003affe       mxArrayClassIDName         000000018003bffe f   libmx:libmx.dll
 0001:0003b004       mxCreateNumericMatrix_700  000000018003c004 f   libmx:libmx.dll
 0001:0003b00a       mxCreateStructArray_700    000000018003c00a f   libmx:libmx.dll
 0001:0003b010       mxCalcSingleSubscript_700  000000018003c010 f   libmx:libmx.dll
 0001:0003b016       mxGetDimensions_700        000000018003c016 f   libmx:libmx.dll
 0001:0003b01c       mxGetNumberOfDimensions_700 000000018003c01c f   libmx:libmx.dll
 0001:0003b022       mxCreateNumericArray_700   000000018003c022 f   libmx:libmx.dll
 0001:0003b028       mxGetElementSize           000000018003c028 f   libmx:libmx.dll
 0001:0003b02e       mxCreateStringFromNChars_700 000000018003c02e f   libmx:libmx.dll
 0001:0003b034       mxGetString_700            000000018003c034 f   libmx:libmx.dll
 0001:0003b03a       mxIsLogicalScalarTrue      000000018003c03a f   libmx:libmx.dll
 0001:0003b040       mxCreateLogicalScalar      000000018003c040 f   libmx:libmx.dll
 0001:0003b046       mexUnlock                  000000018003c046 f   libmex:libmex.dll
 0001:0003b04c       mexIsLocked                000000018003c04c f   libmex:libmex.dll
 0001:0003b052       mexWarnMsgTxt              000000018003c052 f   libmex:libmex.dll
 0001:0003b058       mexCallMATLAB              000000018003c058 f   libmex:libmex.dll
 0001:0003b05e       mexErrMsgTxt               000000018003c05e f   libmex:libmex.dll
 0001:0003b064       mexMakeArrayPersistent     000000018003c064 f   libmex:libmex.dll
 0001:0003b06a       mexSetTrapFlag             000000018003c06a f   libmex:libmex.dll
 0001:0003b070       mexPutVariable             000000018003c070 f   libmex:libmex.dll
 0001:0003b076       mexGetVariable             000000018003c076 f   libmex:libmex.dll
 0001:0003b07c       mexLock                    000000018003c07c f   libmex:libmex.dll
 0001:0003b082       mexMakeMemoryPersistent    000000018003c082 f   libmex:libmex.dll
 0001:0003b088       mexFunctionName            000000018003c088 f   libmex:libmex.dll
 0001:0003b08e       ssRegisterDataTypeFxpFSlopeFixExpBias 000000018003c08e f   libfixedpoint:libfixedpoint.dll
 0001:0003b094       ssRegisterDataTypeFxpScaledDouble 000000018003c094 f   libfixedpoint:libfixedpoint.dll
 0001:0003b09a       utMalloc                   000000018003c09a f   libut:libut.dll
 0001:0003b0a0       utFree                     000000018003c0a0 f   libut:libut.dll
 0001:0003b0a6       utVSNprintf                000000018003c0a6 f   libut:libut.dll
 0001:0003b0ac       utCPUtime                  000000018003c0ac f   libut:libut.dll
 0001:0003b0b2       utCalloc                   000000018003c0b2 f   libut:libut.dll
 0001:0003b0b8       utRealloc                  000000018003c0b8 f   libut:libut.dll
 0001:0003b0be       muDoubleScalarCos          000000018003c0be f   libmwmathutil:libmwmathutil.dll
 0001:0003b0c4       muDoubleScalarSin          000000018003c0c4 f   libmwmathutil:libmwmathutil.dll
 0001:0003b0ca       emlrtCreateRootTLS         000000018003c0ca f   libemlrt:libemlrt.dll
 0001:0003b0d0       emlrtDestroyRootTLS        000000018003c0d0 f   libemlrt:libemlrt.dll
 0001:0003b0d6       emlrtCheckBuiltInR2012b    000000018003c0d6 f   libemlrt:libemlrt.dll
 0001:0003b0dc       emlrtCheckVsBuiltInR2012b  000000018003c0dc f   libemlrt:libemlrt.dll
 0001:0003b0e2       emlrtCheckEnumR2012b       000000018003c0e2 f   libemlrt:libemlrt.dll
 0001:0003b0e8       emlrtCreateEnumR2012b      000000018003c0e8 f   libemlrt:libemlrt.dll
 0001:0003b0ee       emlrtGetEnumElementR2009a  000000018003c0ee f   libemlrt:libemlrt.dll
 0001:0003b0f4       emlrtCreateReference       000000018003c0f4 f   libemlrt:libemlrt.dll
 0001:0003b0fa       emlrtImportVsFiArrayR2009b 000000018003c0fa f   libemlrt:libemlrt.dll
 0001:0003b100       emlrtNameCapturePostProcessR2012a 000000018003c100 f   libemlrt:libemlrt.dll
 0001:0003b106       emlrtExtractMessageId      000000018003c106 f   libemlrt:libemlrt.dll
 0001:0003b10c       emlrtTranslateMessageIDtoLCPstring 000000018003c10c f   libemlrt:libemlrt.dll
 0001:0003b112       emlrtForLoopVectorIsValidR2011b 000000018003c112 f   libemlrt:libemlrt.dll
 0001:0003b118       emlrtTranslateUTF16MessagetoLCPstring 000000018003c118 f   libemlrt:libemlrt.dll
 0001:0003b11e       emlrtGetEnumUnderlyingArrayR2009a 000000018003c11e f   libemlrt:libemlrt.dll
 0001:0003b124       emlrtIsEnumR2009a          000000018003c124 f   libemlrt:libemlrt.dll
 0001:0003b12c       __GSHandlerCheckCommon     000000018003c12c f   MSVCRT:gshandler.obj
 0001:0003b190       __GSHandlerCheck           000000018003c190 f   MSVCRT:gshandler.obj
 0001:0003b1ae       strlen                     000000018003c1ae f   MSVCRT:MSVCR100.dll
 0001:0003b1d0       __security_check_cookie    000000018003c1d0 f   MSVCRT:amdsecgs.obj
 0001:0003b1f0       memset                     000000018003c1f0 f   MSVCRT:MSVCR100.dll
 0001:0003b1f6       strcmp                     000000018003c1f6 f   MSVCRT:MSVCR100.dll
 0001:0003b1fc       free                       000000018003c1fc f   MSVCRT:MSVCR100.dll
 0001:0003b202       sprintf                    000000018003c202 f   MSVCRT:MSVCR100.dll
 0001:0003b208       malloc                     000000018003c208 f   MSVCRT:MSVCR100.dll
 0001:0003b20e       strcat                     000000018003c20e f   MSVCRT:MSVCR100.dll
 0001:0003b214       memcpy                     000000018003c214 f   MSVCRT:MSVCR100.dll
 0001:0003b21c       NtCurrentTeb               000000018003c21c f i MSVCRT:crtdll.obj
 0001:0003b288       _CRT_INIT                  000000018003c288 f   MSVCRT:crtdll.obj
 0001:0003b620       _DllMainCRTStartup         000000018003c620 f   MSVCRT:crtdll.obj
 0001:0003b65e       strncpy                    000000018003c65e f   MSVCRT:MSVCR100.dll
 0001:0003b680       __chkstk                   000000018003c680 f   MSVCRT:chkstk.obj
 0001:0003b680       _alloca_probe              000000018003c680     MSVCRT:chkstk.obj
 0001:0003b6ce       longjmp                    000000018003c6ce f   MSVCRT:MSVCR100.dll
 0001:0003b6d4       strncmp                    000000018003c6d4 f   MSVCRT:MSVCR100.dll
 0001:0003b6da       ceil                       000000018003c6da f   MSVCRT:MSVCR100.dll
 0001:0003b6e0       strrchr                    000000018003c6e0 f   MSVCRT:MSVCR100.dll
 0001:0003b6e6       _setjmp                    000000018003c6e6 f   MSVCRT:MSVCR100.dll
 0001:0003b6ec       ldexp                      000000018003c6ec f   MSVCRT:MSVCR100.dll
 0001:0003b6f4       __report_gsfailure         000000018003c6f4 f   MSVCRT:gs_report.obj
 0001:0003b840       __clean_type_info_names    000000018003c840 f   MSVCRT:tncleanup.obj
 0001:0003b84c       _onexit                    000000018003c84c f   MSVCRT:atonexit.obj
 0001:0003b8fc       atexit                     000000018003c8fc f   MSVCRT:atonexit.obj
 0001:0003b914       _RTC_Initialize            000000018003c914 f   MSVCRT:_initsect_.obj
 0001:0003b94c       _RTC_Terminate             000000018003c94c f   MSVCRT:_initsect_.obj
 0001:0003b984       _malloc_crt                000000018003c984 f   MSVCRT:MSVCR100.dll
 0001:0003b990       _ValidateImageBase         000000018003c990 f   MSVCRT:pesect.obj
 0001:0003b9c0       _FindPESection             000000018003c9c0 f   MSVCRT:pesect.obj
 0001:0003ba10       _IsNonwritableInCurrentImage 000000018003ca10 f   MSVCRT:pesect.obj
 0001:0003ba52       _initterm                  000000018003ca52 f   MSVCRT:MSVCR100.dll
 0001:0003ba58       _initterm_e                000000018003ca58 f   MSVCRT:MSVCR100.dll
 0001:0003ba5e       _encoded_null              000000018003ca5e f   MSVCRT:MSVCR100.dll
 0001:0003ba64       _amsg_exit                 000000018003ca64 f   MSVCRT:MSVCR100.dll
 0001:0003ba6a       __C_specific_handler       000000018003ca6a f   MSVCRT:MSVCR100.dll
 0001:0003ba70       __CppXcptFilter            000000018003ca70 f   MSVCRT:MSVCR100.dll
 0001:0003ba78       DllMain                    000000018003ca78 f   MSVCRT:dllmain.obj
 0001:0003ba9c       __security_init_cookie     000000018003ca9c f   MSVCRT:gs_support.obj
 0001:0003bb50       __crt_debugger_hook        000000018003cb50 f   MSVCRT:MSVCR100.dll
 0001:0003bb56       __clean_type_info_names_internal 000000018003cb56 f   MSVCRT:MSVCR100.dll
 0001:0003bb5c       _unlock                    000000018003cb5c f   MSVCRT:MSVCR100.dll
 0001:0003bb62       __dllonexit                000000018003cb62 f   MSVCRT:MSVCR100.dll
 0001:0003bb68       _lock                      000000018003cb68 f   MSVCRT:MSVCR100.dll
 0001:0003bb6e       EncodePointer              000000018003cb6e f   kernel32:KERNEL32.dll
 0001:0003bb74       DecodePointer              000000018003cb74 f   kernel32:KERNEL32.dll
 0001:0003bb7a       Sleep                      000000018003cb7a f   kernel32:KERNEL32.dll
 0001:0003bb80       TerminateProcess           000000018003cb80 f   kernel32:KERNEL32.dll
 0001:0003bb86       GetCurrentProcess          000000018003cb86 f   kernel32:KERNEL32.dll
 0001:0003bb8c       UnhandledExceptionFilter   000000018003cb8c f   kernel32:KERNEL32.dll
 0001:0003bb92       SetUnhandledExceptionFilter 000000018003cb92 f   kernel32:KERNEL32.dll
 0001:0003bb98       IsDebuggerPresent          000000018003cb98 f   kernel32:KERNEL32.dll
 0001:0003bb9e       RtlVirtualUnwind           000000018003cb9e f   kernel32:KERNEL32.dll
 0001:0003bba4       RtlLookupFunctionEntry     000000018003cba4 f   kernel32:KERNEL32.dll
 0001:0003bbaa       RtlCaptureContext          000000018003cbaa f   kernel32:KERNEL32.dll
 0001:0003bbb0       DisableThreadLibraryCalls  000000018003cbb0 f   kernel32:KERNEL32.dll
 0001:0003bbb6       QueryPerformanceCounter    000000018003cbb6 f   kernel32:KERNEL32.dll
 0001:0003bbbc       GetTickCount               000000018003cbbc f   kernel32:KERNEL32.dll
 0001:0003bbc2       GetCurrentThreadId         000000018003cbc2 f   kernel32:KERNEL32.dll
 0001:0003bbc8       GetCurrentProcessId        000000018003cbc8 f   kernel32:KERNEL32.dll
 0001:0003bbce       GetSystemTimeAsFileTime    000000018003cbce f   kernel32:KERNEL32.dll
 0002:00000000       __imp_RtlLookupFunctionEntry 000000018003d000     kernel32:KERNEL32.dll
 0002:00000008       __imp_RtlVirtualUnwind     000000018003d008     kernel32:KERNEL32.dll
 0002:00000010       __imp_IsDebuggerPresent    000000018003d010     kernel32:KERNEL32.dll
 0002:00000018       __imp_SetUnhandledExceptionFilter 000000018003d018     kernel32:KERNEL32.dll
 0002:00000020       __imp_UnhandledExceptionFilter 000000018003d020     kernel32:KERNEL32.dll
 0002:00000028       __imp_GetCurrentProcess    000000018003d028     kernel32:KERNEL32.dll
 0002:00000030       __imp_TerminateProcess     000000018003d030     kernel32:KERNEL32.dll
 0002:00000038       __imp_Sleep                000000018003d038     kernel32:KERNEL32.dll
 0002:00000040       __imp_DecodePointer        000000018003d040     kernel32:KERNEL32.dll
 0002:00000048       __imp_EncodePointer        000000018003d048     kernel32:KERNEL32.dll
 0002:00000050       __imp_DisableThreadLibraryCalls 000000018003d050     kernel32:KERNEL32.dll
 0002:00000058       __imp_QueryPerformanceCounter 000000018003d058     kernel32:KERNEL32.dll
 0002:00000060       __imp_GetTickCount         000000018003d060     kernel32:KERNEL32.dll
 0002:00000068       __imp_GetCurrentThreadId   000000018003d068     kernel32:KERNEL32.dll
 0002:00000070       __imp_GetCurrentProcessId  000000018003d070     kernel32:KERNEL32.dll
 0002:00000078       __imp_GetSystemTimeAsFileTime 000000018003d078     kernel32:KERNEL32.dll
 0002:00000080       __imp_RtlCaptureContext    000000018003d080     kernel32:KERNEL32.dll
 0002:00000088       \177KERNEL32_NULL_THUNK_DATA 000000018003d088     kernel32:KERNEL32.dll
 0002:00000090       __imp__onexit              000000018003d090     MSVCRT:MSVCR100.dll
 0002:00000098       __imp__lock                000000018003d098     MSVCRT:MSVCR100.dll
 0002:000000a0       __imp___dllonexit          000000018003d0a0     MSVCRT:MSVCR100.dll
 0002:000000a8       __imp__unlock              000000018003d0a8     MSVCRT:MSVCR100.dll
 0002:000000b0       __imp___clean_type_info_names_internal 000000018003d0b0     MSVCRT:MSVCR100.dll
 0002:000000b8       __imp___crt_debugger_hook  000000018003d0b8     MSVCRT:MSVCR100.dll
 0002:000000c0       __imp___CppXcptFilter      000000018003d0c0     MSVCRT:MSVCR100.dll
 0002:000000c8       __imp___C_specific_handler 000000018003d0c8     MSVCRT:MSVCR100.dll
 0002:000000d0       __imp__amsg_exit           000000018003d0d0     MSVCRT:MSVCR100.dll
 0002:000000d8       __imp__encoded_null        000000018003d0d8     MSVCRT:MSVCR100.dll
 0002:000000e0       __imp__initterm_e          000000018003d0e0     MSVCRT:MSVCR100.dll
 0002:000000e8       __imp__initterm            000000018003d0e8     MSVCRT:MSVCR100.dll
 0002:000000f0       __imp__malloc_crt          000000018003d0f0     MSVCRT:MSVCR100.dll
 0002:000000f8       __imp_ldexp                000000018003d0f8     MSVCRT:MSVCR100.dll
 0002:00000100       __imp__setjmp              000000018003d100     MSVCRT:MSVCR100.dll
 0002:00000108       __imp_strrchr              000000018003d108     MSVCRT:MSVCR100.dll
 0002:00000110       __imp_ceil                 000000018003d110     MSVCRT:MSVCR100.dll
 0002:00000118       __imp_strncmp              000000018003d118     MSVCRT:MSVCR100.dll
 0002:00000120       __imp_longjmp              000000018003d120     MSVCRT:MSVCR100.dll
 0002:00000128       __imp_strncpy              000000018003d128     MSVCRT:MSVCR100.dll
 0002:00000130       __imp_memcpy               000000018003d130     MSVCRT:MSVCR100.dll
 0002:00000138       __imp_strcat               000000018003d138     MSVCRT:MSVCR100.dll
 0002:00000140       __imp_malloc               000000018003d140     MSVCRT:MSVCR100.dll
 0002:00000148       __imp_sprintf              000000018003d148     MSVCRT:MSVCR100.dll
 0002:00000150       __imp_free                 000000018003d150     MSVCRT:MSVCR100.dll
 0002:00000158       __imp_strcmp               000000018003d158     MSVCRT:MSVCR100.dll
 0002:00000160       __imp_memset               000000018003d160     MSVCRT:MSVCR100.dll
 0002:00000168       __imp_strlen               000000018003d168     MSVCRT:MSVCR100.dll
 0002:00000170       \177MSVCR100_NULL_THUNK_DATA 000000018003d170     MSVCRT:MSVCR100.dll
 0002:00000178       __imp_emlrtIsEnumR2009a    000000018003d178     libemlrt:libemlrt.dll
 0002:00000180       __imp_emlrtGetEnumUnderlyingArrayR2009a 000000018003d180     libemlrt:libemlrt.dll
 0002:00000188       __imp_emlrtTranslateUTF16MessagetoLCPstring 000000018003d188     libemlrt:libemlrt.dll
 0002:00000190       __imp_emlrtForLoopVectorIsValidR2011b 000000018003d190     libemlrt:libemlrt.dll
 0002:00000198       __imp_emlrtTranslateMessageIDtoLCPstring 000000018003d198     libemlrt:libemlrt.dll
 0002:000001a0       __imp_emlrtExtractMessageId 000000018003d1a0     libemlrt:libemlrt.dll
 0002:000001a8       __imp_emlrtNameCapturePostProcessR2012a 000000018003d1a8     libemlrt:libemlrt.dll
 0002:000001b0       __imp_emlrtImportVsFiArrayR2009b 000000018003d1b0     libemlrt:libemlrt.dll
 0002:000001b8       __imp_emlrtCreateReference 000000018003d1b8     libemlrt:libemlrt.dll
 0002:000001c0       __imp_emlrtGetEnumElementR2009a 000000018003d1c0     libemlrt:libemlrt.dll
 0002:000001c8       __imp_emlrtDestroyRootTLS  000000018003d1c8     libemlrt:libemlrt.dll
 0002:000001d0       __imp_emlrtCheckBuiltInR2012b 000000018003d1d0     libemlrt:libemlrt.dll
 0002:000001d8       __imp_emlrtCheckVsBuiltInR2012b 000000018003d1d8     libemlrt:libemlrt.dll
 0002:000001e0       __imp_emlrtCheckEnumR2012b 000000018003d1e0     libemlrt:libemlrt.dll
 0002:000001e8       __imp_emlrtCreateEnumR2012b 000000018003d1e8     libemlrt:libemlrt.dll
 0002:000001f0       __imp_emlrtCreateRootTLS   000000018003d1f0     libemlrt:libemlrt.dll
 0002:000001f8       \177libemlrt_NULL_THUNK_DATA 000000018003d1f8     libemlrt:libemlrt.dll
[...]
 0001:00011880       sf_mex_check_complex       0000000180012880 f   sfc_mex:sfc_mex.obj
 0001:00011910       sf_mex_check_sparse        0000000180012910 f   sfc_mex:sfc_mex.obj
 0001:00011970       sf_mex_check_numerictype   0000000180012970 f   sfc_mex:sfc_mex.obj
 0001:00011b00       sf_mex_check_fimath        0000000180012b00 f   sfc_mex:sfc_mex.obj
 0001:00012660       size_mismatch_error        0000000180013660 f   sfc_mex:sfc_mex.obj
 0001:000130d0       check_array_dimensions     00000001800140d0 f   sfc_mex:sfc_mex.obj
 0001:00013140       check_input_mxarray        0000000180014140 f   sfc_mex:sfc_mex.obj
 0001:00013880       sf_numeric_value_to_double 0000000180014880 f   sfc_mex:sfc_mex.obj
 0001:000138d0       ml_generic_out_of_bounds_check 00000001800148d0 f   sfc_mex:sfc_mex.obj
 0001:00013a90       ml_get_element_value_from_array 0000000180014a90 f   sfc_mex:sfc_mex.obj
 0001:00013e30       _ml_generic_castability_check 0000000180014e30 f   sfc_mex:sfc_mex.obj
 0001:00014580       ml_generic_castability_check 0000000180015580 f   sfc_mex:sfc_mex.obj
 0001:00014620       ml_check_mx_array_for_single_castability 0000000180015620 f   sfc_mex:sfc_mex.obj
 0001:000146c0       ml_check_mx_array_for_logical_castability 00000001800156c0 f   sfc_mex:sfc_mex.obj
 0001:00014760       ml_check_mx_array_for_int8_castability 0000000180015760 f   sfc_mex:sfc_mex.obj
 0001:00014810       ml_check_mx_array_for_uint8_castability 0000000180015810 f   sfc_mex:sfc_mex.obj
 0001:00014870       ml_check_mx_array_for_int16_castability 0000000180015870 f   sfc_mex:sfc_mex.obj
 0001:000148d0       ml_check_mx_array_for_uint16_castability 00000001800158d0 f   sfc_mex:sfc_mex.obj
 0001:00014930       ml_check_mx_array_for_int32_castability 0000000180015930 f   sfc_mex:sfc_mex.obj
 0001:00014990       ml_check_mx_array_for_uint32_castability 0000000180015990 f   sfc_mex:sfc_mex.obj
 0001:000149f0       ml_check_mx_array_for_castability 00000001800159f0 f   sfc_mex:sfc_mex.obj
 0001:00015210       set_data_value             0000000180016210 f   sfc_mex:sfc_mex.obj
 0001:00015580       get_data_value             0000000180016580 f   sfc_mex:sfc_mex.obj
 0001:00015690       get_next_element_address   0000000180016690 f   sfc_mex:sfc_mex.obj
 0001:00015760       sf_normalize_index         0000000180016760 f   sfc_mex:sfc_mex.obj
 0001:00015b10       ml_array_index_bound_check 0000000180016b10 f   sfc_mex:sfc_mex.obj
 0001:00016690       mx_value                   0000000180017690 f   sfc_mex:sfc_mex.obj
 0001:000166e0       sf_create_numeric_array    00000001800176e0 f   sfc_mex:sfc_mex.obj
 0001:00016780       sf_mex_assign_to_mx_array  0000000180017780 f   sfc_mex:sfc_mex.obj
 0001:00016af0       assign_from_mx_array       0000000180017af0 f   sfc_mex:sfc_mex.obj
 0001:00017250       sf_mex_import_v            0000000180018250 f   sfc_mex:sfc_mex.obj
 0001:00017960       get_machine_and_chart_file_number 0000000180018960 f   sfc_mex:sfc_sf.obj
 0001:00017a50       get_sfun_block_specialization 0000000180018a50 f   sfc_mex:sfc_sf.obj
 0001:00017b00       call_sf_machine_global_method_dispatcher 0000000180018b00 f   sfc_mex:sfc_sf.obj
 0001:00017d50       mdl_zeroCrossings_processing 0000000180018d50 f   sfc_mex:sfc_sf.obj
 0001:00017e30       mdl_derivatives_processing 0000000180018e30 f   sfc_mex:sfc_sf.obj
 0001:00018110       mdl_outputs_continuous_legacy 0000000180019110 f   sfc_mex:sfc_sf.obj
 0001:00018190       mdl_outputs_processing     0000000180019190 f   sfc_mex:sfc_sf.obj
 0001:00018400       mdl_enable_processing      0000000180019400 f   sfc_mex:sfc_sf.obj
 0001:000184e0       mdl_disable_processing     00000001800194e0 f   sfc_mex:sfc_sf.obj
 0001:00019370       sf_call_output_fcn_enable_disable 000000018001a370 f   sfc_mex:sfc_sf.obj
 0001:000195f0       set_dwork_information_from_mx_array 000000018001a5f0 f   sfc_mex:sfc_sf.obj
 0001:00019ee0       ptr2mxStruct               000000018001aee0 f   sfc_mex:sfc_sf.obj
 0001:0001a1f0       SNPRINTF_WRAPPER           000000018001b1f0 f   sfc_debug:sfcdebug.obj
 0001:0001a220       sf_debug_chart_instance_initialized 000000018001b220 f   sfc_debug:sfcdebug.obj
 0001:0001a3c0       sfrtAddSize                000000018001b3c0 f   sfc_debug:sfcdebug.obj
 0001:0001a480       sfrtGenSizeString          000000018001b480 f   sfc_debug:sfcdebug.obj
 0001:0001abd0       fill_single_message_info   000000018001bbd0 f   sfc_debug:sfcdebug.obj
 0001:0001ae50       sf_debug_sim_status_listener 000000018001be50 f   sfc_debug:sfcdebug.obj
 0001:0001b3e0       sf_debug_form_mask_bits    000000018001c3e0 f   sfc_debug:sfcdebug.obj
 0001:0001b400       sf_debug_form_sf_data_type_offsets 000000018001c400 f   sfc_debug:sfcdebug.obj
 0001:0001b4c0       sf_debug_free_all          000000018001c4c0 f   sfc_debug:sfcdebug.obj
 0001:0001b650       sf_debug_append_debugger_context 000000018001c650 f   sfc_debug:sfcdebug.obj
 0001:0001b9c0       local_strdup               000000018001c9c0 f   sfc_debug:sfcdebug.obj
 0001:0001c940       sf_debug_em_terminate      000000018001d940 f   sfc_debug:sfcdebug.obj
 0001:0001c980       sf_debug_push_eml_function 000000018001d980 f   sfc_debug:sfcdebug.obj
 0001:0001ca20       sf_debug_pop_eml_function  000000018001da20 f   sfc_debug:sfcdebug.obj
 0001:0001d6c0       sf_debug_get_machine_number_from_id_or_name 000000018001e6c0 f   sfc_debug:sfcdebug.obj
 0001:0001d810       sf_debug_get_chart_number_from_id 000000018001e810 f   sfc_debug:sfcdebug.obj
 0001:0001e5f0       sf_debug_transfer_control_to_debugger_GUI 000000018001f5f0 f   sfc_debug:sfcdebug.obj
 0001:0001f560       sf_debug_scripts_rehash    0000000180020560 f   sfc_debug:sfcdebug.obj
 0001:0001f770       sf_debug_get_script_line_count 0000000180020770 f   sfc_debug:sfcdebug.obj
 0001:000201c0       cv_eml_state_cvId          00000001800211c0 f   sfc_debug:sfcdebug.obj
 0001:00020230       cv_eml_trans_cvId          0000000180021230 f   sfc_debug:sfcdebug.obj
 0001:000216b0       sf_debug_data_array_bounds_error 00000001800226b0 f   sfc_debug:sfcdebug.obj
 0001:00021a60       eml_debug_runtime_error_doclink 0000000180022a60 f   sfc_debug:sfcdebug.obj
 0001:00021bd0       sf_debug_runtime_error     0000000180022bd0 f   sfc_debug:sfcdebug.obj
 0001:00021c40       sf_debug_matlab_error      0000000180022c40 f   sfc_debug:sfcdebug.obj
 0001:000225b0       sf_debug_data_value_error  00000001800235b0 f   sfc_debug:sfcdebug.obj
 0001:00022e80       sf_debug_data_loss_error   0000000180023e80 f   sfc_debug:sfcdebug.obj
 0001:00023da0       call_cv_range_check        0000000180024da0 f   sfc_debug:sfcdebug.obj
 0001:00024600       sf_debug_invoke_cycle_detection_code 0000000180025600 f   sfc_debug:sfcdebug.obj
 0001:00025170       sf_reset_debug_info_struct 0000000180026170 f   sfc_debug:sfcdebug.obj
 0001:00025960       cv_script_cvId             0000000180026960 f   sfc_debug:sfcdebug.obj
 0001:00026b20       sfc_api_chart_visible      0000000180027b20 f   sfc_debug:sfc_api.obj
 0001:00026bb0       sfc_api_active_instance    0000000180027bb0 f   sfc_debug:sfc_api.obj
 0001:00026c40       sfc_api_machine_load       0000000180027c40 f   sfc_debug:sfc_api.obj
 0001:00026d30       sfc_api_debugger_alive     0000000180027d30 f   sfc_debug:sfc_api.obj
 0001:00026d40       sfc_api_go                 0000000180027d40 f   sfc_debug:sfc_api.obj
 0001:00026d50       sfc_api_step_over          0000000180027d50 f   sfc_debug:sfc_api.obj
 0001:00026d60       sfc_api_step_out           0000000180027d60 f   sfc_debug:sfc_api.obj
 0001:00026d70       sfc_api_resume             0000000180027d70 f   sfc_debug:sfc_api.obj
 0001:00026d80       sfc_api_break              0000000180027d80 f   sfc_debug:sfc_api.obj
 0001:00026d90       sfc_api_stop_debugging     0000000180027d90 f   sfc_debug:sfc_api.obj
 0001:00026df0       sfc_api_is_cycle_detected  0000000180027df0 f   sfc_debug:sfc_api.obj
 0001:00026e50       sfc_api_is_array_bounds_detected 0000000180027e50 f   sfc_debug:sfc_api.obj
 0001:00026eb0       sfc_api_set_disable_all_breakpoints 0000000180027eb0 f   sfc_debug:sfc_api.obj
 0001:00026f30       sfc_api_disable_all_breakpoints_and_go 0000000180027f30 f   sfc_debug:sfc_api.obj
 0001:00026f40       sfc_api_close              0000000180027f40 f   sfc_debug:sfc_api.obj
 0001:00026f50       sfc_api_browse_data        0000000180027f50 f   sfc_debug:sfc_api.obj
 0001:00026fd0       sfc_api_watch_data         0000000180027fd0 f   sfc_debug:sfc_api.obj
 0001:000270e0       sfc_api_extract_message_post_receive_info 00000001800280e0 f   sfc_debug:sfc_api.obj
 0001:00027100       sfc_api_assign_data        0000000180028100 f   sfc_debug:sfc_api.obj
 0001:000271b0       sfc_api_whos               00000001800281b0 f   sfc_debug:sfc_api.obj
 0001:00027240       sfc_api_get_consistency_info 0000000180028240 f   sfc_debug:sfc_api.obj
 0001:00027250       sfc_api_browse_trace       0000000180028250 f   sfc_debug:sfc_api.obj
 0001:00027260       sfc_api_break_on_chart_entry 0000000180028260 f   sfc_debug:sfc_api.obj
 0001:00027290       sfc_api_break_on_event_broadcast 0000000180028290 f   sfc_debug:sfc_api.obj
 0001:000272c0       sfc_api_break_on_state_entry 00000001800282c0 f   sfc_debug:sfc_api.obj
 0001:000272f0       sfc_api_set_watch          00000001800282f0 f   sfc_debug:sfc_api.obj
 0001:000273a0       sfc_api_set_breakpoints    00000001800283a0 f   sfc_debug:sfc_api.obj
 0001:00027460       sfc_api_set_eml_breakpoints 0000000180028460 f   sfc_debug:sfc_api.obj
 0001:00027500       sfc_api_set_script_breakpoints 0000000180028500 f   sfc_debug:sfc_api.obj
 0001:00027560       sfc_api_add_script_breakpoints 0000000180028560 f   sfc_debug:sfc_api.obj
 0001:000275c0       sfc_api_clear_script_breakpoints 00000001800285c0 f   sfc_debug:sfc_api.obj
 0001:00027620       sfc_api_query_script_breakpoints 0000000180028620 f   sfc_debug:sfc_api.obj
 0001:00027690       sfc_api_get_script_id      0000000180028690 f   sfc_debug:sfc_api.obj
 0001:00027750       sfc_api_get_active_states  0000000180028750 f   sfc_debug:sfc_api.obj
 0001:000277e0       sfc_api_break_between_times 00000001800287e0 f   sfc_debug:sfc_api.obj
 0001:00027850       sfc_api_get_instance_handle 0000000180028850 f   sfc_debug:sfc_api.obj
 0001:00027920       sfc_api_set_animation      0000000180028920 f   sfc_debug:sfc_api.obj
 0001:00027970       sfc_api_select_chart       0000000180028970 f   sfc_debug:sfc_api.obj
 0001:000279e0       sfc_api_select_charts      00000001800289e0 f   sfc_debug:sfc_api.obj
 0001:00027a10       sfc_api_cycle_detection_check 0000000180028a10 f   sfc_debug:sfc_api.obj
 0001:00027a60       sfc_api_data_range_check   0000000180028a60 f   sfc_debug:sfc_api.obj
 0001:00027ab0       sfc_api_transition_conflict_check 0000000180028ab0 f   sfc_debug:sfc_api.obj
 0001:00027b00       sfc_api_state_consistency_check 0000000180028b00 f   sfc_debug:sfc_api.obj
 0001:00027b50       sfc_api_set_instance_cv_ids 0000000180028b50 f   sfc_debug:sfc_api.obj
 0001:00027c80       sfc_api_set_script_cv_ids  0000000180028c80 f   sfc_debug:sfc_api.obj
 0001:00027d50       sfc_api_get_current_machine_id 0000000180028d50 f   sfc_debug:sfc_api.obj
 0001:00027d80       sfc_api_get_current_machine_number 0000000180028d80 f   sfc_debug:sfc_api.obj
 0001:00027db0       sfc_api_get_current_chart_number 0000000180028db0 f   sfc_debug:sfc_api.obj
 0001:00027de0       sfc_api_get_current_instance_number 0000000180028de0 f   sfc_debug:sfc_api.obj
 0001:00027e10       sfc_api_get_current_instance_handle 0000000180028e10 f   sfc_debug:sfc_api.obj
 0001:00027e30       sfc_api_get_current_is_minor_time_step 0000000180028e30 f   sfc_debug:sfc_api.obj
 0001:00027e60       sfc_api_get_current_machine_name 0000000180028e60 f   sfc_debug:sfc_api.obj
 0001:00027e80       sfc_api_get_current_chart_id 0000000180028e80 f   sfc_debug:sfc_api.obj
 0001:00027eb0       sfc_api_get_current_object_type 0000000180028eb0 f   sfc_debug:sfc_api.obj
 0001:00027ee0       sfc_api_get_current_event_type 0000000180028ee0 f   sfc_debug:sfc_api.obj
 0001:00027f10       sfc_api_get_current_object_id 0000000180028f10 f   sfc_debug:sfc_api.obj
 0001:00027f40       sfc_get_current_active_event_type 0000000180028f40 f   sfc_debug:sfc_api.obj
 0001:00027f70       sfc_api_get_current_active_event_id 0000000180028f70 f   sfc_debug:sfc_api.obj
 0001:00027fa0       sfc_api_get_current_simulation_time 0000000180028fa0 f   sfc_debug:sfc_api.obj
 0001:00027fc0       sfc_get_current_tag_type   0000000180028fc0 f   sfc_debug:sfc_api.obj
 0001:00027ff0       sfc_get_current_coverage_percentage 0000000180028ff0 f   sfc_debug:sfc_api.obj
 0001:00028010       sfc_get_current_statement_context 0000000180029010 f   sfc_debug:sfc_api.obj
 0001:00028030       sfc_get_current_optional_integer 0000000180029030 f   sfc_debug:sfc_api.obj
 0001:00028060       sfc_get_current_statement_info 0000000180029060 f   sfc_debug:sfc_api.obj
 0001:00028100       sfc_api_get                0000000180029100 f   sfc_debug:sfc_api.obj
 0001:00028d60       sf_debug_sm_fill_state_activity_data 0000000180029d60 f   sfc_debug:sfdb_animation.obj
 0001:0002b5a0       void_ptr_stack_vector_free_total 000000018002c5a0 f   sfc_debug:sfdb_data_browse.obj
 0001:0002b620       sf_debug_st_terminate_machine 000000018002c620 f   sfc_debug:sfdb_data_browse.obj
 0001:0002b660       sf_debug_st_terminate_instance 000000018002c660 f   sfc_debug:sfdb_data_browse.obj
 0001:0002ba10       push_on_to_void_ptr_stack  000000018002ca10 f   sfc_debug:sfdb_data_browse.obj
 0001:0002bba0       pop_from_void_ptr_stack    000000018002cba0 f   sfc_debug:sfdb_data_browse.obj
 0001:0002bcd0       sf_debug_st_get_data_value 000000018002ccd0 f   sfc_debug:sfdb_data_browse.obj
 0001:0002c200       mx_value                   000000018002d200 f   sfc_debug:sfdb_data_browse.obj
 0001:0002c240       sf_debug_st_fill_data_struct 000000018002d240 f   sfc_debug:sfdb_data_browse.obj
 0001:0002c580       data_type_format_strings   000000018002d580 f   sfc_debug:sfdb_data_browse.obj
 0001:0002c630       sf_debug_st_fill_data      000000018002d630 f   sfc_debug:sfdb_data_browse.obj
 0001:0002d320       sf_debug_hm_get_simulink_handle 000000018002e320 f   sfc_debug:sfdb_handle_management.obj
 0001:0002ddd0       sf_debug_hm_initialize_globals 000000018002edd0 f   sfc_debug:sfdb_handle_management.obj
 0001:0002ded0       sf_debug_hm_get_machine_debug_flag 000000018002eed0 f   sfc_debug:sfdb_handle_management.obj
 0001:0002e040       sf_debug_hm_get_machine_id 000000018002f040 f   sfc_debug:sfdb_handle_management.obj
 0001:0002e160       sf_debug_hm_get_chart_id   000000018002f160 f   sfc_debug:sfdb_handle_management.obj
 0001:0002e300       sf_debug_hm_register_executing_SFunction 000000018002f300 f   sfc_debug:sfdb_handle_management.obj
 0001:0002e690       sf_debug_hm_form_object_boolean_properties 000000018002f690 f   sfc_debug:sfdb_handle_management.obj
 0001:0002e960       sf_debug_hm_form_object_properties 000000018002f960 f   sfc_debug:sfdb_handle_management.obj
 0001:0002eba0       sf_debug_hm_terminate_charts 000000018002fba0 f   sfc_debug:sfdb_handle_management.obj
 0001:0002f280       sf_debug_hm_terminate_machines 0000000180030280 f   sfc_debug:sfdb_handle_management.obj
 0001:00030cf0       sf_debug_ss_copy_dimension 0000000180031cf0 f   sfc_debug:sfdb_symbol_scope.obj
 0001:00030db0       sf_debug_ss_get_number_elements 0000000180031db0 f   sfc_debug:sfdb_symbol_scope.obj
 0001:00030dd0       sf_debug_ss_fill_data_struct 0000000180031dd0 f   sfc_debug:sfdb_symbol_scope.obj
 0001:00031120       sf_debug_ss_reset_data_info 0000000180032120 f   sfc_debug:sfdb_symbol_scope.obj
 0001:00031180       sf_debug_fill_data_info_by_symbol_scope_entry 0000000180032180 f   sfc_debug:sfdb_symbol_scope.obj
 0001:00031240       sf_debug_fill_data_info_by_data_vector 0000000180032240 f   sfc_debug:sfdb_symbol_scope.obj
 0001:00031490       get_data_info_helper       0000000180032490 f   sfc_debug:sfdb_symbol_scope.obj
 0001:00031780       sf_debug_ss_get_data_info  0000000180032780 f   sfc_debug:sfdb_symbol_scope.obj
 0001:000319a0       sf_debug_select_mex_function 00000001800329a0 f   sfc_debug:sfdb_symbol_scope.obj
 0001:000319d0       sf_debug_is_dyn_matrix_initialized 00000001800329d0 f   sfc_debug:sfdb_symbol_scope.obj
 0001:000319f0       sf_debug_ss_set_data_value_try 00000001800329f0 f   sfc_debug:sfdb_symbol_scope.obj
 0001:00031be0       sf_debug_ss_get_data_value 0000000180032be0 f   sfc_debug:sfdb_symbol_scope.obj
 0001:00032340       sf_debug_ss_data_bytes_string 0000000180033340 f   sfc_debug:sfdb_symbol_scope.obj
 0001:000323d0       sf_debug_ss_data_class_string 00000001800333d0 f   sfc_debug:sfdb_symbol_scope.obj
 0001:00032750       sf_debug_ss_data_size_string 0000000180033750 f   sfc_debug:sfdb_symbol_scope.obj
 0001:00032830       sf_debug_ss_data_create_data_info_struct 0000000180033830 f   sfc_debug:sfdb_symbol_scope.obj
 0001:00032ae0       sf_debug_ss_data_create_name_value_pair 0000000180033ae0 f   sfc_debug:sfdb_symbol_scope.obj
 0001:00032b80       sf_debug_ss_data_get_whos_info 0000000180033b80 f   sfc_debug:sfdb_symbol_scope.obj
 0001:00032b90       same_named_data_in_data_array 0000000180033b90 f   sfc_debug:sfdb_symbol_scope.obj
 0001:00034320       sf_debug_cc_terminate_chart 0000000180035320 f   sfc_debug:sfdb_coverage.obj
 0001:00034630       sf_debug_cc_terminate_instance 0000000180035630 f   sfc_debug:sfdb_coverage.obj
 0001:00035200       sf_debug_cc_mark_object_if_needed 0000000180036200 f   sfc_debug:sfdb_coverage.obj
 0001:00035a80       sf_debug_bm_initialize_eml 0000000180036a80 f   sfc_debug:sfdb_breakpoints.obj
 0001:00036b40       sf_debug_bm_map_debug_tag_to_breakpoint_tag 0000000180037b40 f   sfc_debug:sfdb_breakpoints.obj
 0001:00036c20       sf_debug_bm_is_a_eml_breakpoint_impl 0000000180037c20 f   sfc_debug:sfdb_breakpoints.obj
 0001:00038550       sf_debug_sc_push_on_error_stack 0000000180039550 f   sfc_debug:sfdb_state_consistency.obj
 0001:00038670       sf_debug_sc_reset_error_stack 0000000180039670 f   sfc_debug:sfdb_state_consistency.obj
 0001:00038800       sf_debug_sc_is_state_inconsistent 0000000180039800 f   sfc_debug:sfdb_state_consistency.obj
 0001:00038af0       sf_debug_sc_fill_consistency_info 0000000180039af0 f   sfc_debug:sfdb_state_consistency.obj
 0001:00039090       void_assertion_fcn         000000018003a090 f   sfc_debug:sfdb_call_stack.obj
 0001:000395e0       sf_debug_tm_fill_local_trace 000000018003a5e0 f   sfc_debug:sfdb_call_stack.obj
 0001:00039b80       sf_debug_cd_terminate_instance 000000018003ab80 f   sfc_debug:sfdb_cycle_detection.obj
 0001:00039be0       sf_debug_cd_free_checksum_stack 000000018003abe0 f   sfc_debug:sfdb_cycle_detection.obj
 0001:00039c30       sf_debug_cd_reset_pack_strings 000000018003ac30 f   sfc_debug:sfdb_cycle_detection.obj
 0001:0003a2d0       md5file_clear              000000018003b2d0 f   sfc_debug:ckmd5.obj
 0001:0003a300       Encode                     000000018003b300 f   sfc_debug:ckmd5.obj
 0001:0003a350       Decode                     000000018003b350 f   sfc_debug:ckmd5.obj
 0001:0003a3f0       MD5Transform               000000018003b3f0 f   sfc_debug:ckmd5.obj
 0001:0003ac50       md5file_addn               000000018003bc50 f   sfc_debug:ckmd5.obj
 0001:0003ad20       md5file_hash               000000018003bd20 f   sfc_debug:ckmd5.obj
 0001:0003b228       pre_c_init                 000000018003c228 f   MSVCRT:crtdll.obj
 0001:0003b4e4       __DllMainCRTStartup        000000018003c4e4 f   MSVCRT:crtdll.obj
 0001:0003bbe0       __DllMainCRTStartup$filt$0 000000018003cbe0 f   MSVCRT:crtdll.obj
 0001:0003bc10       __DllMainCRTStartup$fin$1  000000018003cc10 f   MSVCRT:crtdll.obj
 0001:0003bc2a       _onexit$fin$0              000000018003cc2a f   MSVCRT:atonexit.obj
 0001:0003bc50       _IsNonwritableInCurrentImage$filt$0 000000018003cc50 f   MSVCRT:pesect.obj
