 F16LinmodTest_sfun

 Timestamp is 5417b0c4 (Tue Sep 16 11:38:44 2014)

 Preferred load address is 0000000180000000

 Start         Length     Name                   Class
 0001:00000000 00035024H .text                   CODE
 0001:00035030 00000092H .text$x                 CODE
 0002:00000000 00000488H .idata$5                DATA
 0002:00000488 00000008H .CRT$XCA                DATA
 0002:00000490 00000008H .CRT$XCZ                DATA
 0002:00000498 00000008H .CRT$XIA                DATA
 0002:000004a0 00000008H .CRT$XIAA               DATA
 0002:000004a8 00000008H .CRT$XIZ                DATA
 0002:000004b0 00004b0cH .rdata                  DATA
 0002:00004fc0 00000008H .rtc$IAA                DATA
 0002:00004fc8 00000008H .rtc$IZZ                DATA
 0002:00004fd0 00000008H .rtc$TAA                DATA
 0002:00004fd8 00000008H .rtc$TZZ                DATA
 0002:00004fe0 0000414cH .xdata                  DATA
 0002:0000912c 0000008cH .idata$2                DATA
 0002:000091b8 00000014H .idata$3                DATA
 0002:000091d0 00000488H .idata$4                DATA
 0002:00009658 00000a9eH .idata$6                DATA
 0002:0000a100 00000058H .edata                  DATA
 0003:00000000 00001668H .data                   DATA
 0003:00001680 00002418H .bss                    DATA
 0004:00000000 000030fcH .pdata                  DATA

  Address         Publics by Value              Rva+Base               Lib:Object

 0000:00000000       ___safe_se_handler_count   0000000000000000     <absolute>
 0000:00000000       ___safe_se_handler_table   0000000000000000     <absolute>
 0000:00000000       __ImageBase                0000000180000000     <linker-defined>
 0001:00000000       sf_c3_F16LinmodTest_get_eml_resolved_functions_info 0000000180001000 f   c3_F16LinmodTest.obj
 0001:000004e0       sf_c3_F16LinmodTest_get_check_sum 00000001800014e0 f   c3_F16LinmodTest.obj
 0001:00000560       sf_c3_F16LinmodTest_get_autoinheritance_info 0000000180001560 f   c3_F16LinmodTest.obj
 0001:00000ad0       sf_c3_F16LinmodTest_third_party_uses_info 0000000180001ad0 f   c3_F16LinmodTest.obj
 0001:00000b00       sf_internal_get_sim_state_c3_F16LinmodTest 0000000180001b00 f   c3_F16LinmodTest.obj
 0001:00000e50       sf_internal_set_sim_state_c3_F16LinmodTest 0000000180001e50 f   c3_F16LinmodTest.obj
 0001:00001250       c3_F16LinmodTest_method_dispatcher 0000000180002250 f   c3_F16LinmodTest.obj
 0001:00002ec0       sf_process_check_sum_call  0000000180003ec0 f   F16LinmodTest_sfun_registry.obj
 0001:00002f10       sf_process_autoinheritance_call 0000000180003f10 f   F16LinmodTest_sfun_registry.obj
 0001:000030b0       sf_process_get_third_party_uses_info_call 00000001800040b0 f   F16LinmodTest_sfun_registry.obj
 0001:00003250       sf_process_get_eml_resolved_functions_info_call 0000000180004250 f   F16LinmodTest_sfun_registry.obj
 0001:000033d0       sf_mex_unlock_call         00000001800043d0 f   F16LinmodTest_sfun_registry.obj
 0001:00003480       sf_machine_global_initializer_called 0000000180004480 f   F16LinmodTest_sfun_registry.obj
 0001:000034b0       sf_machine_global_method_dispatcher 00000001800044b0 f   F16LinmodTest_sfun_registry.obj
 0001:00003510       sf_machine_global_terminator 0000000180004510 f   F16LinmodTest_sfun_registry.obj
 0001:00003560       sf_register_machine_exported_symbols 0000000180004560 f   F16LinmodTest_sfun_registry.obj
 0001:00003580       callCustomFcn              0000000180004580 f   F16LinmodTest_sfun_registry.obj
 0001:00003590       sf_machine_global_initializer 0000000180004590 f   F16LinmodTest_sfun_registry.obj
 0001:00003610       _ssSetStateAbsTol          0000000180004610 f   F16LinmodTest_sfun_registry.obj
 0001:000036f0       _ssGetAbsTol               00000001800046f0 f   F16LinmodTest_sfun_registry.obj
 0001:00003760       _ssSetInputPortMatrixDimensions 0000000180004760 f   F16LinmodTest_sfun_registry.obj
 0001:00003870       _ssSetOutputPortMatrixDimensions 0000000180004870 f   F16LinmodTest_sfun_registry.obj
 0001:00003980       _ssSetInputPortVectorDimension 0000000180004980 f   F16LinmodTest_sfun_registry.obj
 0001:00003a50       _ssSetOutputPortVectorDimension 0000000180004a50 f   F16LinmodTest_sfun_registry.obj
 0001:00003b20       ssIsRunTimeParamTunable    0000000180004b20 f   F16LinmodTest_sfun_registry.obj
 0001:00003b90       ssGetSFuncBlockHandle      0000000180004b90 f   F16LinmodTest_sfun_registry.obj
 0001:00003c00       _ssGetCurrentInputPortWidth 0000000180004c00 f   F16LinmodTest_sfun_registry.obj
 0001:00003d20       _ssGetCurrentOutputPortWidth 0000000180004d20 f   F16LinmodTest_sfun_registry.obj
 0001:00003e40       _ssGetCallSystemNumFcnCallDestinations 0000000180004e40 f   F16LinmodTest_sfun_registry.obj
 0001:00003eb0       ssWarning                  0000000180004eb0 f   F16LinmodTest_sfun_registry.obj
 0001:00003fc0       ssGetIsZeroCrossControlDisabled 0000000180004fc0 f   F16LinmodTest_sfun_registry.obj
 0001:00004030       ssSetIsInputPortUsedForContZcSignal 0000000180005030 f   F16LinmodTest_sfun_registry.obj
 0001:000040a0       ssSetZcSignalIsZcElementDisc 00000001800050a0 f   F16LinmodTest_sfun_registry.obj
 0001:00004150       ssSetZcSignalName          0000000180005150 f   F16LinmodTest_sfun_registry.obj
 0001:000041c0       ssSetZcSignalWidth         00000001800051c0 f   F16LinmodTest_sfun_registry.obj
 0001:00004230       ssSetZcSignalZcEventType   0000000180005230 f   F16LinmodTest_sfun_registry.obj
 0001:000042a0       ssSetZcSignalType          00000001800052a0 f   F16LinmodTest_sfun_registry.obj
 0001:00004310       ssSetZcSignalZcTol         0000000180005310 f   F16LinmodTest_sfun_registry.obj
 0001:00004380       ssSetZcSignalNeedsEventNotification 0000000180005380 f   F16LinmodTest_sfun_registry.obj
 0001:000043f0       ssCreateAndAddZcSignalInfo 00000001800053f0 f   F16LinmodTest_sfun_registry.obj
 0001:00004460       ssCloneAndAddZcSignalInfo  0000000180005460 f   F16LinmodTest_sfun_registry.obj
 0001:000044d0       ssGetNumZcSignals          00000001800054d0 f   F16LinmodTest_sfun_registry.obj
 0001:00004540       ssGetZcSignalVector        0000000180005540 f   F16LinmodTest_sfun_registry.obj
 0001:000045b0       ssGetZcSignalZcEvents      00000001800055b0 f   F16LinmodTest_sfun_registry.obj
 0001:00004620       ssGetZcSignalName          0000000180005620 f   F16LinmodTest_sfun_registry.obj
 0001:00004690       ssGetZcSignalWidth         0000000180005690 f   F16LinmodTest_sfun_registry.obj
 0001:00004700       ssGetZcSignalZcEventType   0000000180005700 f   F16LinmodTest_sfun_registry.obj
 0001:00004770       ssGetZcSignalType          0000000180005770 f   F16LinmodTest_sfun_registry.obj
 0001:000047e0       ssGetZcSignalZcTol         00000001800057e0 f   F16LinmodTest_sfun_registry.obj
 0001:00004860       ssGetZcSignalNeedsEventNotification 0000000180005860 f   F16LinmodTest_sfun_registry.obj
 0001:000048d0       ssGetZcSignalIsZcElementDisc 00000001800058d0 f   F16LinmodTest_sfun_registry.obj
 0001:00004970       ssGetIsInputPortElementContinuous 0000000180005970 f   F16LinmodTest_sfun_registry.obj
 0001:00004a10       _ssGetInputPortSignalPtrsFcn 0000000180005a10 f   F16LinmodTest_sfun_registry.obj
 0001:00004cd0       _ssGetInputPortSignalFcn   0000000180005cd0 f   F16LinmodTest_sfun_registry.obj
 0001:00004ef0       _ssSetInputPortDirectFeedThroughFcn 0000000180005ef0 f   F16LinmodTest_sfun_registry.obj
 0001:00005050       _ssSetInputPortReusableFcn 0000000180006050 f   F16LinmodTest_sfun_registry.obj
 0001:00005140       _ssSetOutputPortReusableFcn 0000000180006140 f   F16LinmodTest_sfun_registry.obj
 0001:00005220       ssGetDTypeIdFromMxArray    0000000180006220 f   F16LinmodTest_sfun_registry.obj
 0001:00005340       ssWriteRTWStr              0000000180006340 f   F16LinmodTest_sfun_registry.obj
 0001:000053a0       ssWriteRTWMxVectParam      00000001800063a0 f   F16LinmodTest_sfun_registry.obj
 0001:00005400       ssWriteRTWMx2dMatParam     0000000180006400 f   F16LinmodTest_sfun_registry.obj
 0001:00005480       ssWriteRTWNameValuePair    0000000180006480 f   F16LinmodTest_sfun_registry.obj
 0001:00005970       ssWriteRTWParameters       0000000180006970 f   F16LinmodTest_sfun_registry.obj
 0001:00005f70       ssWriteRTWParamSettings    0000000180006f70 f   F16LinmodTest_sfun_registry.obj
 0001:00006640       ssWriteRTWWorkVect         0000000180007640 f   F16LinmodTest_sfun_registry.obj
 0001:00006b40       mexFunction                0000000180007b40 f   F16LinmodTest_sfun_registry.obj
 0001:00008870       ProcessMexSfunctionEveryCall 0000000180009870 f   F16LinmodTest_sfun_registry.obj
 0001:000089e0       F16LinmodTest_initializer  00000001800099e0 f   F16LinmodTest_sfun.obj
 0001:000089f0       F16LinmodTest_terminator   00000001800099f0 f   F16LinmodTest_sfun.obj
 0001:00008a00       sf_F16LinmodTest_method_dispatcher 0000000180009a00 f   F16LinmodTest_sfun.obj
 0001:00008a50       sf_F16LinmodTest_process_check_sum_call 0000000180009a50 f   F16LinmodTest_sfun.obj
 0001:00008e60       sf_F16LinmodTest_autoinheritance_info 0000000180009e60 f   F16LinmodTest_sfun.obj
 0001:00008fd0       sf_F16LinmodTest_get_eml_resolved_functions_info 0000000180009fd0 f   F16LinmodTest_sfun.obj
 0001:00009100       sf_F16LinmodTest_third_party_uses_info 000000018000a100 f   F16LinmodTest_sfun.obj
 0001:00009250       F16LinmodTest_debug_initialize 000000018000a250 f   F16LinmodTest_sfun.obj
 0001:000092d0       F16LinmodTest_register_exported_symbols 000000018000a2d0 f   F16LinmodTest_sfun.obj
 0001:000092e0       load_F16LinmodTest_optimization_info 000000018000a2e0 f   F16LinmodTest_sfun.obj
 0001:00009330       unload_F16LinmodTest_optimization_info 000000018000a330 f   F16LinmodTest_sfun.obj
 0001:00009450       sf_mex_mx_is_numeric       000000018000a450 f   sfc_mex:sfc_mex.obj
 0001:00009490       strcmp_ignore_ws           000000018000a490 f   sfc_mex:sfc_mex.obj
 0001:000095d0       sf_mex_duplicatearraysafe  000000018000a5d0 f   sfc_mex:sfc_mex.obj
 0001:00009730       sf_set_error_debugger_context_message_fcn 000000018000a730 f   sfc_mex:sfc_mex.obj
 0001:00009740       sf_set_debugger_matlab_error_fcn 000000018000a740 f   sfc_mex:sfc_mex.obj
 0001:00009780       sf_set_error_prefix_string 000000018000a780 f   sfc_mex:sfc_mex.obj
 0001:000097b0       sf_get_error_prefix_string 000000018000a7b0 f   sfc_mex:sfc_mex.obj
 0001:000097c0       sf_mex_enter_parallel_region 000000018000a7c0 f   sfc_mex:sfc_mex.obj
 0001:000097d0       sf_mex_exit_parallel_region 000000018000a7d0 f   sfc_mex:sfc_mex.obj
 0001:000097e0       sf_get_current_jmp_buf_ptr 000000018000a7e0 f   sfc_mex:sfc_mex.obj
 0001:000097f0       sf_set_current_jmp_buf_ptr 000000018000a7f0 f   sfc_mex:sfc_mex.obj
 0001:00009800       sf_mex_set_halt_simulation 000000018000a800 f   sfc_mex:sfc_mex.obj
 0001:00009810       sf_mex_get_halt_simulation 000000018000a810 f   sfc_mex:sfc_mex.obj
 0001:00009820       sf_mex_clear_error_message 000000018000a820 f   sfc_mex:sfc_mex.obj
 0001:00009840       sf_mex_get_error_message_for_read 000000018000a840 f   sfc_mex:sfc_mex.obj
 0001:00009850       sf_mex_get_error_message_buffer_length 000000018000a850 f   sfc_mex:sfc_mex.obj
 0001:00009930       sf_mex_warning_message     000000018000a930 f   sfc_mex:sfc_mex.obj
 0001:000099a0       sf_mex_v_errbuf_createf    000000018000a9a0 f   sfc_mex:sfc_mex.obj
 0001:000099b0       sf_mex_errbuf_createf      000000018000a9b0 f   sfc_mex:sfc_mex.obj
 0001:000099e0       sf_mex_v_errbuf_catf       000000018000a9e0 f   sfc_mex:sfc_mex.obj
 0001:00009a20       sf_mex_errbuf_catf         000000018000aa20 f   sfc_mex:sfc_mex.obj
 0001:00009a70       sf_mex_errbuf_copy         000000018000aa70 f   sfc_mex:sfc_mex.obj
 0001:00009a80       sf_mex_errbuf_clear        000000018000aa80 f   sfc_mex:sfc_mex.obj
 0001:00009a90       sf_mex_errbuf_isempty      000000018000aa90 f   sfc_mex:sfc_mex.obj
 0001:00009b90       sf_mex_set_error_status    000000018000ab90 f   sfc_mex:sfc_mex.obj
 0001:00009be0       sf_mex_error_direct_call   000000018000abe0 f   sfc_mex:sfc_mex.obj
 0001:00009c00       sf_mex_error_message_no_long_jump 000000018000ac00 f   sfc_mex:sfc_mex.obj
 0001:00009c20       sf_mex_long_jump_on_error  000000018000ac20 f   sfc_mex:sfc_mex.obj
 0001:00009c50       sf_mex_call_matlab         000000018000ac50 f   sfc_mex:sfc_mex.obj
 0001:00009d70       sf_mex_check_builtin       000000018000ad70 f   sfc_mex:sfc_mex.obj
 0001:00009e10       sf_mex_check_builtin_vs    000000018000ae10 f   sfc_mex:sfc_mex.obj
 0001:00009ed0       sf_mex_check_enum          000000018000aed0 f   sfc_mex:sfc_mex.obj
 0001:00009f50       sf_mex_create_enum         000000018000af50 f   sfc_mex:sfc_mex.obj
 0001:00009fc0       sf_mex_get_enum_element    000000018000afc0 f   sfc_mex:sfc_mex.obj
 0001:00009fd0       sf_mex_createcellarray     000000018000afd0 f   sfc_mex:sfc_mex.obj
 0001:00009fe0       sf_mex_setcell             000000018000afe0 f   sfc_mex:sfc_mex.obj
 0001:00009ff0       sf_mex_getcell             000000018000aff0 f   sfc_mex:sfc_mex.obj
 0001:0000a000       sf_mex_dup                 000000018000b000 f   sfc_mex:sfc_mex.obj
 0001:0000a020       sf_mex_assign              000000018000b020 f   sfc_mex:sfc_mex.obj
 0001:0000a0a0       sf_mex_destroy             000000018000b0a0 f   sfc_mex:sfc_mex.obj
 0001:0000a0d0       mx_array_has_fi_type       000000018000b0d0 f   sfc_mex:sfc_mex.obj
 0001:0000a100       sf_mex_convert_from_fi     000000018000b100 f   sfc_mex:sfc_mex.obj
 0001:0000a230       sf_mex_convert_to_double   000000018000b230 f   sfc_mex:sfc_mex.obj
 0001:0000a350       sf_mex_import_fi_vs        000000018000b350 f   sfc_mex:sfc_mex.obj
 0001:0000a580       sf_matrix_matrix_index_ok  000000018000b580 f   sfc_mex:sfc_mex.obj
 0001:0000a610       sf_vector_vector_index_ok  000000018000b610 f   sfc_mex:sfc_mex.obj
 0001:0000a640       ssGetCurrentInputPortDimensions_wrapper 000000018000b640 f   sfc_mex:sfc_mex.obj
 0001:0000a660       ssGetCurrentOutputPortDimensions_wrapper 000000018000b660 f   sfc_mex:sfc_mex.obj
 0001:0000a680       sf_mex_emlrt_context_is_debug_mode 000000018000b680 f   sfc_mex:sfc_mex.obj
 0001:0000a690       sf_mex_emlrt_context_set_debug_mode 000000018000b690 f   sfc_mex:sfc_mex.obj
 0001:0000a6a0       sf_mex_emlrtNameCapturePostProcessR2012a 000000018000b6a0 f   sfc_mex:sfc_mex.obj
 0001:0000a710       sf_clear_error_manager_info 000000018000b710 f   sfc_mex:sfc_mex.obj
 0001:0000a770       sf_mex_stop_simulation_abruptly_wo_error 000000018000b770 f   sfc_mex:sfc_mex.obj
 0001:0000a7b0       sf_mex_error_message       000000018000b7b0 f   sfc_mex:sfc_mex.obj
 0001:0000a820       sf_react_to_error_in_matlab_call 000000018000b820 f   sfc_mex:sfc_mex.obj
 0001:0000a850       sf_mex_addfield            000000018000b850 f   sfc_mex:sfc_mex.obj
 0001:0000a8f0       sf_mex_getfield            000000018000b8f0 f   sfc_mex:sfc_mex.obj
 0001:0000abf0       sf_mex_check_class         000000018000bbf0 f   sfc_mex:sfc_mex.obj
 0001:0000ac90       sf_mex_is_real             000000018000bc90 f   sfc_mex:sfc_mex.obj
 0001:0000b100       sf_mex_decode_encoded_mx_struct_array 000000018000c100 f   sfc_mex:sfc_mex.obj
 0001:0000b3f0       sf_mex_lw_bounds_check     000000018000c3f0 f   sfc_mex:sfc_mex.obj
 0001:0000b420       sf_mex_lw_size_eq_check_1d 000000018000c420 f   sfc_mex:sfc_mex.obj
 0001:0000b440       sf_mex_lw_size_eq_check_nd 000000018000c440 f   sfc_mex:sfc_mex.obj
 0001:0000b620       sf_mex_lw_dim_size_eq_check 000000018000c620 f   sfc_mex:sfc_mex.obj
 0001:0000b650       sf_mex_lw_dim_size_geq_check 000000018000c650 f   sfc_mex:sfc_mex.obj
 0001:0000b680       sf_mex_lw_sub_assign_size_check_nd 000000018000c680 f   sfc_mex:sfc_mex.obj
 0001:0000b850       sf_mex_lw_runtime_error_msgid 000000018000c850 f   sfc_mex:sfc_mex.obj
 0001:0000b940       sf_mex_lw_matrix_matrix_index_check 000000018000c940 f   sfc_mex:sfc_mex.obj
 0001:0000b960       sf_mex_lw_vector_vector_index_check 000000018000c960 f   sfc_mex:sfc_mex.obj
 0001:0000b9a0       sf_mex_lw_for_loop_vector_check 000000018000c9a0 f   sfc_mex:sfc_mex.obj
 0001:0000ba30       sf_mex_lw_non_negative_check 000000018000ca30 f   sfc_mex:sfc_mex.obj
 0001:0000ba70       sf_mex_overflow_error      000000018000ca70 f   sfc_mex:sfc_mex.obj
 0001:0000ba80       sf_mex_dividebyzero_error  000000018000ca80 f   sfc_mex:sfc_mex.obj
 0001:0000ba90       sf_mex_unsafe_enum_error   000000018000ca90 f   sfc_mex:sfc_mex.obj
 0001:0000baa0       sf_emlrtErrHandler         000000018000caa0 f   sfc_mex:sfc_mex.obj
 0001:0000bb80       sf_mex_size_one_check      000000018000cb80 f   sfc_mex:sfc_mex.obj
 0001:0000bba0       sf_mex_printf              000000018000cba0 f   sfc_mex:sfc_mex.obj
 0001:0000bd70       sf_mex_check_size          000000018000cd70 f   sfc_mex:sfc_mex.obj
 0001:0000c010       sf_mex_check_struct        000000018000d010 f   sfc_mex:sfc_mex.obj
 0001:0000c270       sf_mex_check_struct_vs     000000018000d270 f   sfc_mex:sfc_mex.obj
 0001:0000c300       sf_mex_check_fi            000000018000d300 f   sfc_mex:sfc_mex.obj
 0001:0000c400       sf_mex_check_fi_vs         000000018000d400 f   sfc_mex:sfc_mex.obj
 0001:0000c4a0       sf_echo_expression         000000018000d4a0 f   sfc_mex:sfc_mex.obj
 0001:0000c500       sf_assertion_failed        000000018000d500 f   sfc_mex:sfc_mex.obj
 0001:0000c7e0       sf_mex_evalin              000000018000d7e0 f   sfc_mex:sfc_mex.obj
 0001:0000ca50       sf_mex_export              000000018000da50 f   sfc_mex:sfc_mex.obj
 0001:0000cb10       sf_mex_get_ml_var_no_error 000000018000db10 f   sfc_mex:sfc_mex.obj
 0001:0000ccb0       sf_mex_get_ml_var          000000018000dcb0 f   sfc_mex:sfc_mex.obj
 0001:0000d140       ml_set_element_value_in_array 000000018000e140 f   sfc_mex:sfc_mex.obj
 0001:0000e200       sf_mex_call_impl           000000018000f200 f   sfc_mex:sfc_mex.obj
 0001:0000e620       sf_mex_call_debug          000000018000f620 f   sfc_mex:sfc_mex.obj
 0001:0000e650       sf_mex_call                000000018000f650 f   sfc_mex:sfc_mex.obj
 0001:0000eca0       sf_mex_createstruct        000000018000fca0 f   sfc_mex:sfc_mex.obj
 0001:0000edb0       sf_mex_createstructarray   000000018000fdb0 f   sfc_mex:sfc_mex.obj
 0001:0000ee30       sf_mex_get_mx_datatype_from_sf_datatype 000000018000fe30 f   sfc_mex:sfc_mex.obj
 0001:0000f140       sf_mex_ml_var_sub          0000000180010140 f   sfc_mex:sfc_mex.obj
 0001:0000f320       sf_mex_ml_var_subsasgn     0000000180010320 f   sfc_mex:sfc_mex.obj
 0001:0000f720       sf_mex_sub                 0000000180010720 f   sfc_mex:sfc_mex.obj
 0001:0000f930       sf_mex_subsasgn            0000000180010930 f   sfc_mex:sfc_mex.obj
 0001:0000fe40       sf_mex_create              0000000180010e40 f   sfc_mex:sfc_mex.obj
 0001:000107e0       sf_mex_import_named        00000001800117e0 f   sfc_mex:sfc_mex.obj
 0001:00010840       sf_mex_import              0000000180011840 f   sfc_mex:sfc_mex.obj
 0001:00010890       sf_mex_import_vs           0000000180011890 f   sfc_mex:sfc_mex.obj
 0001:000109a0       sf_mex_lower_fixpt_mx_array 00000001800119a0 f   sfc_mex:sfc_mex.obj
 0001:00010ca0       sf_send_message_wrapper    0000000180011ca0 f   sfc_mex:sfc_sf.obj
 0001:00010cd0       sf_receive_message_wrapper 0000000180011cd0 f   sfc_mex:sfc_sf.obj
 0001:00010d10       sf_check_out_message_wrapper 0000000180011d10 f   sfc_mex:sfc_sf.obj
 0001:00010d50       sf_check_in_message_wrapper 0000000180011d50 f   sfc_mex:sfc_sf.obj
 0001:00010d90       sf_no_message_wrapper      0000000180011d90 f   sfc_mex:sfc_sf.obj
 0001:00011120       sim_mode_is_rtw_gen        0000000180012120 f   sfc_mex:sfc_sf.obj
 0001:00011150       sim_mode_is_external       0000000180012150 f   sfc_mex:sfc_sf.obj
 0001:00011160       sim_mode_is_modelref_sim   0000000180012160 f   sfc_mex:sfc_sf.obj
 0001:00011180       mdlInitializeSizes         0000000180012180 f   sfc_mex:sfc_sf.obj
 0001:000111a0       mdlInitializeSampleTimes   00000001800121a0 f   sfc_mex:sfc_sf.obj
 0001:000111e0       mdlZeroCrossings           00000001800121e0 f   sfc_mex:sfc_sf.obj
 0001:000112d0       mdlDerivatives             00000001800122d0 f   sfc_mex:sfc_sf.obj
 0001:00011390       mdl_initialize_conditions_processing 0000000180012390 f   sfc_mex:sfc_sf.obj
 0001:000113c0       mdlInitializeConditions    00000001800123c0 f   sfc_mex:sfc_sf.obj
 0001:00011480       mdlGetSimState             0000000180012480 f   sfc_mex:sfc_sf.obj
 0001:00011490       mdlSetSimState             0000000180012490 f   sfc_mex:sfc_sf.obj
 0001:000114a0       mdl_ext_mode_exec_processing 00000001800124a0 f   sfc_mex:sfc_sf.obj
 0001:000114c0       mdlExtModeExec             00000001800124c0 f   sfc_mex:sfc_sf.obj
 0001:00011660       mdlTerminate               0000000180012660 f   sfc_mex:sfc_sf.obj
 0001:000116d0       mdlRTW                     00000001800126d0 f   sfc_mex:sfc_sf.obj
 0001:00011700       mdlSetWorkWidths           0000000180012700 f   sfc_mex:sfc_sf.obj
 0001:00011710       mdlProcessParameters       0000000180012710 f   sfc_mex:sfc_sf.obj
 0001:00011720       mdl_start_processing       0000000180012720 f   sfc_mex:sfc_sf.obj
 0001:00011780       mdlStart                   0000000180012780 f   sfc_mex:sfc_sf.obj
 0001:00011890       mdlEnable                  0000000180012890 f   sfc_mex:sfc_sf.obj
 0001:00011970       mdlDisable                 0000000180012970 f   sfc_mex:sfc_sf.obj
 0001:00011a30       sf_get_chart_instance_ptr  0000000180012a30 f   sfc_mex:sfc_sf.obj
 0001:00011a50       sf_load_rtw_optimization_info 0000000180012a50 f   sfc_mex:sfc_sf.obj
 0001:00011b20       sf_update_buildInfo        0000000180012b20 f   sfc_mex:sfc_sf.obj
 0001:00011c20       sf_rtw_info_uint_prop      0000000180012c20 f   sfc_mex:sfc_sf.obj
 0001:00011d60       sf_is_chart_inlinable      0000000180012d60 f   sfc_mex:sfc_sf.obj
 0001:00011d80       sf_mark_output_events_with_multiple_callers 0000000180012d80 f   sfc_mex:sfc_sf.obj
 0001:00011f10       sf_mark_chart_reusable_outputs 0000000180012f10 f   sfc_mex:sfc_sf.obj
 0001:00012170       sf_mark_chart_expressionable_inputs 0000000180013170 f   sfc_mex:sfc_sf.obj
 0001:000123d0       sf_get_subchart_simstruct  00000001800133d0 f   sfc_mex:sfc_sf.obj
 0001:00012420       sf_get_fixpt_data_type_id  0000000180013420 f   sfc_mex:sfc_sf.obj
 0001:00012460       sf_get_enum_data_type_id   0000000180013460 f   sfc_mex:sfc_sf.obj
 0001:000124a0       sf_get_param_data_type_id  00000001800134a0 f   sfc_mex:sfc_sf.obj
 0001:000124d0       sf_mex_listen_for_ctrl_c_force 00000001800134d0 f   sfc_mex:sfc_sf.obj
 0001:000125e0       sf_mex_draw_now            00000001800135e0 f   sfc_mex:sfc_sf.obj
 0001:00012620       sf_mex_set_debugger_sim_status_listener_fcn 0000000180013620 f   sfc_mex:sfc_sf.obj
 0001:00012630       sf_mex_listen_for_ctrl_c   0000000180013630 f   sfc_mex:sfc_sf.obj
 0001:000126d0       sf_mex_get_sfun_param      00000001800136d0 f   sfc_mex:sfc_sf.obj
 0001:00012720       sf_get_runtime_param_data  0000000180013720 f   sfc_mex:sfc_sf.obj
 0001:00012760       sf_call_output_fcn_call    0000000180013760 f   sfc_mex:sfc_sf.obj
 0001:000128a0       sf_call_output_fcn_enable  00000001800138a0 f   sfc_mex:sfc_sf.obj
 0001:00012930       sf_call_output_fcn_disable 0000000180013930 f   sfc_mex:sfc_sf.obj
 0001:000129c0       sf_clear_rtw_identifier    00000001800139c0 f   sfc_mex:sfc_sf.obj
 0001:000131e0       sf_set_encoded_dwork_info  00000001800141e0 f   sfc_mex:sfc_sf.obj
 0001:00013230       sf_get_dwork_info_from_mat_file 0000000180014230 f   sfc_mex:sfc_sf.obj
 0001:000133f0       sf_set_rtw_dwork_info      00000001800143f0 f   sfc_mex:sfc_sf.obj
 0001:00013560       mdlOutputs                 0000000180014560 f   sfc_mex:sfc_sf.obj
 0001:00013680       sf_debug_chart_instance_initialized_quick 0000000180014680 f   sfc_debug:sfcdebug.obj
 0001:00013700       sf_debug_disp              0000000180014700 f   sfc_debug:sfcdebug.obj
 0001:000139d0       sf_debug_data_runtime_size_mismatch_error_check 00000001800149d0 f   sfc_debug:sfcdebug.obj
 0001:00013a80       sf_debug_try_loading_machine 0000000180014a80 f   sfc_debug:sfcdebug.obj
 0001:00013b80       sf_debug_reset_current_state_configuration 0000000180014b80 f   sfc_debug:sfcdebug.obj
 0001:00013c00       sf_debug_store_current_state_configuration 0000000180014c00 f   sfc_debug:sfcdebug.obj
 0001:00013c80       sf_debug_restore_previous_state_configuration 0000000180014c80 f   sfc_debug:sfcdebug.obj
 0001:00013d00       sf_debug_restore_previous_state_configuration2 0000000180014d00 f   sfc_debug:sfcdebug.obj
 0001:00013d80       sf_debug_get_event_scope   0000000180014d80 f   sfc_debug:sfcdebug.obj
 0001:00013ef0       use_debugger_step_animation 0000000180014ef0 f   sfc_debug:sfcdebug.obj
 0001:00013f10       sf_debug_get_script_id     0000000180014f10 f   sfc_debug:sfcdebug.obj
 0001:00013fa0       sf_debug_set_script_translation 0000000180014fa0 f   sfc_debug:sfcdebug.obj
 0001:00014120       sf_debug_extract_message_post_receive_info 0000000180015120 f   sfc_debug:sfcdebug.obj
 0001:000142e0       sf_debug_get_current_machine_id 00000001800152e0 f   sfc_debug:sfcdebug.obj
 0001:00014300       sf_debug_get_current_optional_integer 0000000180015300 f   sfc_debug:sfcdebug.obj
 0001:00014310       sf_debug_get_current_machine_number 0000000180015310 f   sfc_debug:sfcdebug.obj
 0001:00014330       sf_debug_get_current_machine_name 0000000180015330 f   sfc_debug:sfcdebug.obj
 0001:00014350       sf_debug_get_current_chart_id 0000000180015350 f   sfc_debug:sfcdebug.obj
 0001:00014390       sf_debug_get_current_chart_number 0000000180015390 f   sfc_debug:sfcdebug.obj
 0001:000143a0       sf_debug_get_current_instance_number 00000001800153a0 f   sfc_debug:sfcdebug.obj
 0001:000143b0       sf_debug_get_current_is_minor_time_step 00000001800153b0 f   sfc_debug:sfcdebug.obj
 0001:00014430       sf_debug_get_current_object_type 0000000180015430 f   sfc_debug:sfcdebug.obj
 0001:00014440       sf_debug_get_current_instance_handle 0000000180015440 f   sfc_debug:sfcdebug.obj
 0001:000144a0       sf_debug_get_current_event_type 00000001800154a0 f   sfc_debug:sfcdebug.obj
 0001:000144b0       sf_debug_get_current_object_id 00000001800154b0 f   sfc_debug:sfcdebug.obj
 0001:000144f0       sf_debug_get_current_active_event_type 00000001800154f0 f   sfc_debug:sfcdebug.obj
 0001:00014500       sf_debug_get_current_active_event_id 0000000180015500 f   sfc_debug:sfcdebug.obj
 0001:00014540       sf_debug_get_current_tag_type 0000000180015540 f   sfc_debug:sfcdebug.obj
 0001:00014550       sf_debug_get_current_simulation_time 0000000180015550 f   sfc_debug:sfcdebug.obj
 0001:00014560       sf_debug_get_current_coverage_percentage 0000000180015560 f   sfc_debug:sfcdebug.obj
 0001:00014570       sf_debug_current_statement_context 0000000180015570 f   sfc_debug:sfcdebug.obj
 0001:000145f0       sf_debug_get_current_statement_info 00000001800155f0 f   sfc_debug:sfcdebug.obj
 0001:00014790       sf_debug_terminate_instance 0000000180015790 f   sfc_debug:sfcdebug.obj
 0001:00014ab0       sf_debug_assertion_failed  0000000180015ab0 f   sfc_debug:sfcdebug.obj
 0001:00014c80       sf_debug_create_debug_instance_struct 0000000180015c80 f   sfc_debug:sfcdebug.obj
 0001:00014cd0       sf_debug_set_number_of_data_with_change_event_for_machine 0000000180015cd0 f   sfc_debug:sfcdebug.obj
 0001:00014d20       sf_debug_set_machine_event_thresholds 0000000180015d20 f   sfc_debug:sfcdebug.obj
 0001:00014d40       sf_debug_set_machine_event_scope 0000000180015d40 f   sfc_debug:sfcdebug.obj
 0001:00014d90       sf_debug_set_machine_data_thresholds 0000000180015d90 f   sfc_debug:sfcdebug.obj
 0001:00014de0       sf_debug_set_machine_data_scope 0000000180015de0 f   sfc_debug:sfcdebug.obj
 0001:00014e80       sf_debug_set_machine_data_name 0000000180015e80 f   sfc_debug:sfcdebug.obj
 0001:00014f30       sf_debug_set_machine_data_size 0000000180015f30 f   sfc_debug:sfcdebug.obj
 0001:00015080       sf_debug_set_machine_data_type 0000000180016080 f   sfc_debug:sfcdebug.obj
 0001:000151f0       sf_debug_get_chart_data_number 00000001800161f0 f   sfc_debug:sfcdebug.obj
 0001:00015210       sf_debug_get_chart_event_number 0000000180016210 f   sfc_debug:sfcdebug.obj
 0001:00015230       sf_debug_set_chart_state_info 0000000180016230 f   sfc_debug:sfcdebug.obj
 0001:000152c0       sf_debug_set_chart_decomposition 00000001800162c0 f   sfc_debug:sfcdebug.obj
 0001:00015330       sf_debug_set_chart_substate_count 0000000180016330 f   sfc_debug:sfcdebug.obj
 0001:00015410       sf_debug_set_chart_substate_index 0000000180016410 f   sfc_debug:sfcdebug.obj
 0001:00015490       sf_debug_set_chart_state_substate_count 0000000180016490 f   sfc_debug:sfcdebug.obj
 0001:000155b0       sf_debug_set_chart_state_substate_index 00000001800165b0 f   sfc_debug:sfcdebug.obj
 0001:00015640       sf_debug_set_number_of_data_with_change_event_for_chart 0000000180016640 f   sfc_debug:sfcdebug.obj
 0001:000156d0       sf_debug_set_number_of_states_with_entry_event_for_chart 00000001800166d0 f   sfc_debug:sfcdebug.obj
 0001:00015750       sf_debug_set_number_of_states_with_exit_event_for_chart 0000000180016750 f   sfc_debug:sfcdebug.obj
 0001:000157d0       sf_debug_set_chart_disable_implicit_casting 00000001800167d0 f   sfc_debug:sfcdebug.obj
 0001:00015840       sf_debug_set_chart_event_thresholds 0000000180016840 f   sfc_debug:sfcdebug.obj
 0001:000158c0       sf_debug_set_chart_data_compiled_props 00000001800168c0 f   sfc_debug:sfcdebug.obj
 0001:00015c00       sf_debug_set_chart_data_props 0000000180016c00 f   sfc_debug:sfcdebug.obj
 0001:00015f20       sf_debug_check_fi_license  0000000180016f20 f   sfc_debug:sfcdebug.obj
 0001:000160e0       sf_debug_symbol_scope_push 00000001800170e0 f   sfc_debug:sfcdebug.obj
 0001:00016120       sf_debug_symbol_scope_push_eml 0000000180017120 f   sfc_debug:sfcdebug.obj
 0001:00016170       sf_debug_symbol_scope_pop  0000000180017170 f   sfc_debug:sfcdebug.obj
 0001:000161b0       sf_debug_symbol_scope_add_importable 00000001800171b0 f   sfc_debug:sfcdebug.obj
 0001:00016230       sf_debug_symbol_scope_add  0000000180017230 f   sfc_debug:sfcdebug.obj
 0001:000162b0       sf_debug_symbol_scope_add_dyn_importable 00000001800172b0 f   sfc_debug:sfcdebug.obj
 0001:00016370       sf_debug_symbol_scope_add_dyn 0000000180017370 f   sfc_debug:sfcdebug.obj
 0001:000163b0       sf_debug_symbol_scope_add_eml_importable 00000001800173b0 f   sfc_debug:sfcdebug.obj
 0001:000163f0       sf_debug_symbol_scope_add_eml 00000001800173f0 f   sfc_debug:sfcdebug.obj
 0001:00016430       sf_debug_symbol_scope_add_eml_dyn_importable 0000000180017430 f   sfc_debug:sfcdebug.obj
 0001:00016490       sf_debug_symbol_scope_add_eml_dyn 0000000180017490 f   sfc_debug:sfcdebug.obj
 0001:000164f0       sf_debug_symbol_switch     00000001800174f0 f   sfc_debug:sfcdebug.obj
 0001:00016510       sf_debug_symbol_scope_add_verbose 0000000180017510 f   sfc_debug:sfcdebug.obj
 0001:000165e0       sf_debug_set_machine_data_value_ptr 00000001800175e0 f   sfc_debug:sfcdebug.obj
 0001:00016620       sf_debug_set_instance_data_value_ptr 0000000180017620 f   sfc_debug:sfcdebug.obj
 0001:000166f0       sf_debug_unset_instance_data_value_ptr 00000001800176f0 f   sfc_debug:sfcdebug.obj
 0001:000167a0       sf_debug_set_chart_event_scope 00000001800177a0 f   sfc_debug:sfcdebug.obj
 0001:00016820       sf_debug_set_chart_transition_coverage_maps 0000000180017820 f   sfc_debug:sfcdebug.obj
 0001:00016920       sf_debug_set_chart_state_coverage_maps 0000000180017920 f   sfc_debug:sfcdebug.obj
 0001:000169f0       sf_debug_set_instance_transition_coverage_weights 00000001800179f0 f   sfc_debug:sfcdebug.obj
 0001:00016a80       sf_debug_set_instance_state_coverage_weights 0000000180017a80 f   sfc_debug:sfcdebug.obj
 0001:00016cd0       sf_debug_unload_machine    0000000180017cd0 f   sfc_debug:sfcdebug.obj
 0001:00016d20       sf_debug_load_machine      0000000180017d20 f   sfc_debug:sfcdebug.obj
 0001:00016e30       sf_debug_set_active_instance_in_data_dictionary 0000000180017e30 f   sfc_debug:sfcdebug.obj
 0001:00017010       sf_debug_set_active_instance 0000000180018010 f   sfc_debug:sfcdebug.obj
 0001:00017170       sf_debug_chart_visiblity_change 0000000180018170 f   sfc_debug:sfcdebug.obj
 0001:00017260       sf_debug_select_chart      0000000180018260 f   sfc_debug:sfcdebug.obj
 0001:000173c0       sf_debug_set_instance_cv_ids 00000001800183c0 f   sfc_debug:sfcdebug.obj
 0001:000176f0       sf_debug_select_charts     00000001800186f0 f   sfc_debug:sfcdebug.obj
 0001:000178a0       sf_debug_initialized       00000001800188a0 f   sfc_debug:sfcdebug.obj
 0001:000178c0       sf_debug_is_uninterruptible 00000001800188c0 f   sfc_debug:sfcdebug.obj
 0001:000178f0       sf_debug_initialize_debugger_gui 00000001800188f0 f   sfc_debug:sfcdebug.obj
 0001:00017cd0       sf_debug_resume            0000000180018cd0 f   sfc_debug:sfcdebug.obj
 0001:00017cf0       sf_debug_go                0000000180018cf0 f   sfc_debug:sfcdebug.obj
 0001:00017d00       sf_debug_break             0000000180018d00 f   sfc_debug:sfcdebug.obj
 0001:00017d10       sf_debug_step_over         0000000180018d10 f   sfc_debug:sfcdebug.obj
 0001:00017d20       sf_debug_step_out          0000000180018d20 f   sfc_debug:sfcdebug.obj
 0001:00017d30       sf_debug_set_disable_all_breakpoints 0000000180018d30 f   sfc_debug:sfcdebug.obj
 0001:00017d40       sf_debug_disable_all_breakpoints_and_go 0000000180018d40 f   sfc_debug:sfcdebug.obj
 0001:00017d50       sf_debug_break_on_chart_entry 0000000180018d50 f   sfc_debug:sfcdebug.obj
 0001:00017d60       sf_debug_break_on_event_broadcast 0000000180018d60 f   sfc_debug:sfcdebug.obj
 0001:00017d70       sf_debug_break_on_state_entry 0000000180018d70 f   sfc_debug:sfcdebug.obj
 0001:00017d80       sf_debug_break_between_times 0000000180018d80 f   sfc_debug:sfcdebug.obj
 0001:00017da0       sf_debug_browse_data       0000000180018da0 f   sfc_debug:sfcdebug.obj
 0001:00017db0       sf_debug_watch_data        0000000180018db0 f   sfc_debug:sfcdebug.obj
 0001:00017de0       sf_debug_assign_data       0000000180018de0 f   sfc_debug:sfcdebug.obj
 0001:00017df0       sf_debug_whos              0000000180018df0 f   sfc_debug:sfcdebug.obj
 0001:00017e10       sf_debug_get_consistency_info 0000000180018e10 f   sfc_debug:sfcdebug.obj
 0001:00017e20       sf_debug_browse_trace      0000000180018e20 f   sfc_debug:sfcdebug.obj
 0001:00017e30       sf_debug_set_breakpoints   0000000180018e30 f   sfc_debug:sfcdebug.obj
 0001:00017fa0       sf_debug_set_eml_breakpoints 0000000180018fa0 f   sfc_debug:sfcdebug.obj
 0001:00018100       sf_debug_set_script_breakpoints 0000000180019100 f   sfc_debug:sfcdebug.obj
 0001:00018180       sf_debug_add_script_breakpoints 0000000180019180 f   sfc_debug:sfcdebug.obj
 0001:000181f0       sf_debug_clear_script_breakpoints 00000001800191f0 f   sfc_debug:sfcdebug.obj
 0001:00018260       sf_debug_query_script_breakpoints 0000000180019260 f   sfc_debug:sfcdebug.obj
 0001:00018310       sf_debug_get_eml_script_id 0000000180019310 f   sfc_debug:sfcdebug.obj
 0001:00018360       sf_debug_set_watch         0000000180019360 f   sfc_debug:sfcdebug.obj
 0001:00018580       sf_debug_get_instance_handle 0000000180019580 f   sfc_debug:sfcdebug.obj
 0001:00018610       sf_debug_get_active_states 0000000180019610 f   sfc_debug:sfcdebug.obj
 0001:00018620       sf_debug_set_honor_breakpoints 0000000180019620 f   sfc_debug:sfcdebug.obj
 0001:00018630       sf_debug_get_animation     0000000180019630 f   sfc_debug:sfcdebug.obj
 0001:00018640       sf_debug_set_animation     0000000180019640 f   sfc_debug:sfcdebug.obj
 0001:00018650       sf_debug_animate           0000000180019650 f   sfc_debug:sfcdebug.obj
 0001:00018670       sf_debug_cycle_detection_check 0000000180019670 f   sfc_debug:sfcdebug.obj
 0001:00018680       sf_debug_data_range_check  0000000180019680 f   sfc_debug:sfcdebug.obj
 0001:00018690       sf_debug_transition_conflict_check 0000000180019690 f   sfc_debug:sfcdebug.obj
 0001:000186a0       sf_debug_state_consistency_check 00000001800196a0 f   sfc_debug:sfcdebug.obj
 0001:000186b0       sf_debug_data_range_check_enabled 00000001800196b0 f   sfc_debug:sfcdebug.obj
 0001:000186d0       sf_debug_transition_conflict_check_enabled 00000001800196d0 f   sfc_debug:sfcdebug.obj
 0001:000186f0       sf_debug_transition_conflict_check_begin 00000001800196f0 f   sfc_debug:sfcdebug.obj
 0001:00018710       sf_debug_transition_conflict_check_end 0000000180019710 f   sfc_debug:sfcdebug.obj
 0001:00018730       sf_debug_stop_debugging    0000000180019730 f   sfc_debug:sfcdebug.obj
 0001:00018760       sf_debug_is_cycle_detected 0000000180019760 f   sfc_debug:sfcdebug.obj
 0001:00018770       sf_debug_is_array_bounds_detected 0000000180019770 f   sfc_debug:sfcdebug.obj
 0001:00018780       sf_debug_get_state_vectors_data_size 0000000180019780 f   sfc_debug:sfcdebug.obj
 0001:000187c0       sf_debug_get_state_vectors_data 00000001800197c0 f   sfc_debug:sfcdebug.obj
 0001:000188d0       sf_debug_set_state_vectors_data 00000001800198d0 f   sfc_debug:sfcdebug.obj
 0001:00018b60       sf_debug_get_script_index  0000000180019b60 f   sfc_debug:sfcdebug.obj
 0001:00018cf0       sf_debug_add_script        0000000180019cf0 f   sfc_debug:sfcdebug.obj
 0001:00018e80       cv_eval_point              0000000180019e80 f   sfc_debug:sfcdebug.obj
 0001:00018ff0       cv_eval_testobjective      0000000180019ff0 f   sfc_debug:sfcdebug.obj
 0001:00019100       sf_debug_cv_init_state     000000018001a100 f   sfc_debug:sfcdebug.obj
 0001:00019230       sf_debug_cv_init_chart     000000018001a230 f   sfc_debug:sfcdebug.obj
 0001:00019320       sf_debug_cv_init_trans     000000018001a320 f   sfc_debug:sfcdebug.obj
 0001:00019430       sf_debug_cv_init_saturation 000000018001a430 f   sfc_debug:sfcdebug.obj
 0001:00019530       sf_debug_cv_init_testobjectives 000000018001a530 f   sfc_debug:sfcdebug.obj
 0001:00019710       cv_eml_init_script         000000018001a710 f   sfc_debug:sfcdebug.obj
 0001:00019830       cv_eml_init_fcn            000000018001a830 f   sfc_debug:sfcdebug.obj
 0001:00019940       cv_eml_init_testobjective  000000018001a940 f   sfc_debug:sfcdebug.obj
 0001:00019a20       cv_eml_init_saturation     000000018001aa20 f   sfc_debug:sfcdebug.obj
 0001:00019af0       cv_eml_init_if             000000018001aaf0 f   sfc_debug:sfcdebug.obj
 0001:00019bd0       cv_eml_init_for            000000018001abd0 f   sfc_debug:sfcdebug.obj
 0001:00019ca0       cv_eml_init_while          000000018001aca0 f   sfc_debug:sfcdebug.obj
 0001:00019d70       cv_eml_init_mcdc           000000018001ad70 f   sfc_debug:sfcdebug.obj
 0001:00019e90       cv_eml_init_switch         000000018001ae90 f   sfc_debug:sfcdebug.obj
 0001:00019f90       cv_eml_eval                000000018001af90 f   sfc_debug:sfcdebug.obj
 0001:0001a080       sf_debug_bm_is_a_eml_breakpoint 000000018001b080 f   sfc_debug:sfcdebug.obj
 0001:0001a1d0       sf_debug_temporal_threshold 000000018001b1d0 f   sfc_debug:sfcdebug.obj
 0001:0001a540       sf_debug_transition_conflict_error 000000018001b540 f   sfc_debug:sfcdebug.obj
 0001:0001a8a0       sf_debug_state_inconsistency_error 000000018001b8a0 f   sfc_debug:sfcdebug.obj
 0001:0001a9c0       sf_debug_check_for_state_inconsistency 000000018001b9c0 f   sfc_debug:sfcdebug.obj
 0001:0001aa00       sf_debug_cycle_detecton_error 000000018001ba00 f   sfc_debug:sfcdebug.obj
 0001:0001b150       sf_debug_size_eq_check_1d  000000018001c150 f   sfc_debug:sfcdebug.obj
 0001:0001b170       sf_debug_size_eq_check_nd  000000018001c170 f   sfc_debug:sfcdebug.obj
 0001:0001b370       sf_debug_dim_size_eq_check 000000018001c370 f   sfc_debug:sfcdebug.obj
 0001:0001b3a0       sf_debug_dim_size_geq_check 000000018001c3a0 f   sfc_debug:sfcdebug.obj
 0001:0001b3d0       sf_debug_sub_assign_size_check_nd 000000018001c3d0 f   sfc_debug:sfcdebug.obj
 0001:0001b5b0       sf_debug_matrix_matrix_index_check 000000018001c5b0 f   sfc_debug:sfcdebug.obj
 0001:0001b600       sf_debug_vector_vector_index_check 000000018001c600 f   sfc_debug:sfcdebug.obj
 0001:0001b650       sf_debug_for_loop_vector_check 000000018001c650 f   sfc_debug:sfcdebug.obj
 0001:0001b6f0       sf_debug_runtime_error_msgid 000000018001c6f0 f   sfc_debug:sfcdebug.obj
 0001:0001b790       sf_debug_data_array_bounds_error_check 000000018001c790 f   sfc_debug:sfcdebug.obj
 0001:0001b8a0       sf_debug_eml_data_array_bounds_error_check 000000018001c8a0 f   sfc_debug:sfcdebug.obj
 0001:0001bd60       sf_debug_integer_check     000000018001cd60 f   sfc_debug:sfcdebug.obj
 0001:0001be50       sf_debug_not_nan_check     000000018001ce50 f   sfc_debug:sfcdebug.obj
 0001:0001bf20       sf_debug_non_negative_check 000000018001cf20 f   sfc_debug:sfcdebug.obj
 0001:0001bff0       sf_debug_overflow_detection 000000018001cff0 f   sfc_debug:sfcdebug.obj
 0001:0001c650       sf_debug_cast_to_real32_T  000000018001d650 f   sfc_debug:sfcdebug.obj
 0001:0001c720       sf_debug_cast_to_int8_T    000000018001d720 f   sfc_debug:sfcdebug.obj
 0001:0001c7f0       sf_debug_cast_to_uint8_T   000000018001d7f0 f   sfc_debug:sfcdebug.obj
 0001:0001c8c0       sf_debug_cast_to_int16_T   000000018001d8c0 f   sfc_debug:sfcdebug.obj
 0001:0001c990       sf_debug_cast_to_uint16_T  000000018001d990 f   sfc_debug:sfcdebug.obj
 0001:0001ca60       sf_debug_cast_to_int32_T   000000018001da60 f   sfc_debug:sfcdebug.obj
 0001:0001cb30       sf_debug_cast_to_uint32_T  000000018001db30 f   sfc_debug:sfcdebug.obj
 0001:0001cc00       sf_debug_data_range_error  000000018001dc00 f   sfc_debug:sfcdebug.obj
 0001:0001cf10       sf_debug_read_before_write_check 000000018001df10 f   sfc_debug:sfcdebug.obj
 0001:0001d340       sf_debug_data_range_error_wrapper_min_max 000000018001e340 f   sfc_debug:sfcdebug.obj
 0001:0001d460       sf_debug_data_range_error_wrapper_min 000000018001e460 f   sfc_debug:sfcdebug.obj
 0001:0001d570       sf_debug_data_range_error_wrapper_max 000000018001e570 f   sfc_debug:sfcdebug.obj
 0001:0001d680       sf_debug_data_range_wrapper 000000018001e680 f   sfc_debug:sfcdebug.obj
 0001:0001d740       sf_debug_set_current_status_info 000000018001e740 f   sfc_debug:sfcdebug.obj
 0001:0001dae0       sf_debug_register_message_post_receive_info 000000018001eae0 f   sfc_debug:sfcdebug.obj
 0001:0001dd30       sf_debug_call              000000018001ed30 f   sfc_debug:sfcdebug.obj
 0001:0001e690       sf_debug_initialize_machine 000000018001f690 f   sfc_debug:sfcdebug.obj
 0001:0001e940       sf_debug_initialize_chart  000000018001f940 f   sfc_debug:sfcdebug.obj
 0001:0001ed90       sf_debug_ensure_script     000000018001fd90 f   sfc_debug:sfcdebug.obj
 0001:0001ee40       cv_eval_saturation         000000018001fe40 f   sfc_debug:sfcdebug.obj
 0001:0001efc0       cv_saturation_accum        000000018001ffc0 f   sfc_debug:sfcdebug.obj
 0001:0001f100       cv_script_init_script      0000000180020100 f   sfc_debug:sfcdebug.obj
 0001:0001f1f0       cv_script_init_fcn         00000001800201f0 f   sfc_debug:sfcdebug.obj
 0001:0001f2b0       cv_script_init_testobjective 00000001800202b0 f   sfc_debug:sfcdebug.obj
 0001:0001f370       cv_script_init_saturation  0000000180020370 f   sfc_debug:sfcdebug.obj
 0001:0001f420       cv_script_init_if          0000000180020420 f   sfc_debug:sfcdebug.obj
 0001:0001f4e0       cv_script_init_for         00000001800204e0 f   sfc_debug:sfcdebug.obj
 0001:0001f590       cv_script_init_while       0000000180020590 f   sfc_debug:sfcdebug.obj
 0001:0001f640       cv_script_init_mcdc        0000000180020640 f   sfc_debug:sfcdebug.obj
 0001:0001f740       cv_script_init_switch      0000000180020740 f   sfc_debug:sfcdebug.obj
 0001:0001f820       cv_script_eval             0000000180020820 f   sfc_debug:sfcdebug.obj
 0001:0001f8f0       eml_debug_line_call        00000001800208f0 f   sfc_debug:sfcdebug.obj
 0001:0001fac0       sf_debug_terminate         0000000180020ac0 f   sfc_debug:sfcdebug.obj
 0001:0001fcd0       sf_debug_set_script_cv_ids 0000000180020cd0 f   sfc_debug:sfcdebug.obj
 0001:0001fe00       sf_debug_api               0000000180020e00 f   sfc_debug:sfc_api.obj
 0001:000216f0       sf_debug_sm_terminate      00000001800226f0 f   sfc_debug:sfdb_animation.obj
 0001:000218a0       sf_debug_reset_path_objects 00000001800228a0 f   sfc_debug:sfdb_animation.obj
 0001:00021920       sf_debug_sm_reset_object_selection_status 0000000180022920 f   sfc_debug:sfdb_animation.obj
 0001:000219c0       sf_debug_sm_reset_state_buffer 00000001800229c0 f   sfc_debug:sfdb_animation.obj
 0001:00021a90       sf_debug_sm_store_state_buffer 0000000180022a90 f   sfc_debug:sfdb_animation.obj
 0001:00021b10       sf_debug_sm_restore_state_buffer1 0000000180022b10 f   sfc_debug:sfdb_animation.obj
 0001:00021b80       sf_debug_sm_restore_state_buffer2 0000000180022b80 f   sfc_debug:sfdb_animation.obj
 0001:00021bf0       sf_debug_sm_chart_active   0000000180022bf0 f   sfc_debug:sfdb_animation.obj
 0001:00021c40       sf_debug_sm_select_active_objects 0000000180022c40 f   sfc_debug:sfdb_animation.obj
 0001:00022110       sf_debug_sm_is_chart_active 0000000180023110 f   sfc_debug:sfdb_animation.obj
 0001:00022150       sf_debug_sm_is_state_active 0000000180023150 f   sfc_debug:sfdb_animation.obj
 0001:00022390       sf_debug_sm_get_active_states 0000000180023390 f   sfc_debug:sfdb_animation.obj
 0001:00022940       sf_debug_sm_initialize_instance 0000000180023940 f   sfc_debug:sfdb_animation.obj
 0001:00022b50       sf_debug_sm_change_object_selection_status 0000000180023b50 f   sfc_debug:sfdb_animation.obj
 0001:00022e20       cv_create_interface        0000000180023e20 f   sfc_debug:cv_sfinterface.obj
 0001:00023130       cv_init_trans              0000000180024130 f   sfc_debug:cv_sfinterface.obj
 0001:00023180       cv_init_saturation         0000000180024180 f   sfc_debug:cv_sfinterface.obj
 0001:000231c0       cv_init_testobjective      00000001800241c0 f   sfc_debug:cv_sfinterface.obj
 0001:00023200       cv_init_state              0000000180024200 f   sfc_debug:cv_sfinterface.obj
 0001:00023270       cv_init_chart              0000000180024270 f   sfc_debug:cv_sfinterface.obj
 0001:000232c0       cv_dec_update_call         00000001800242c0 f   sfc_debug:cv_sfinterface.obj
 0001:00023300       cv_cond_update_call        0000000180024300 f   sfc_debug:cv_sfinterface.obj
 0001:00023340       cv_saturation_update_call  0000000180024340 f   sfc_debug:cv_sfinterface.obj
 0001:00023380       cv_saturation_update_accum 0000000180024380 f   sfc_debug:cv_sfinterface.obj
 0001:000233c0       cv_testobjective_update_call 00000001800243c0 f   sfc_debug:cv_sfinterface.obj
 0001:00023400       cv_sigrange_update         0000000180024400 f   sfc_debug:cv_sfinterface.obj
 0001:00023440       cvsf_eml_eval              0000000180024440 f   sfc_debug:cv_sfinterface.obj
 0001:00023520       cvsf_eml_init_script       0000000180024520 f   sfc_debug:cv_sfinterface.obj
 0001:000235b0       cvsf_eml_init_fcn          00000001800245b0 f   sfc_debug:cv_sfinterface.obj
 0001:00023610       cvsf_eml_init_testobjective 0000000180024610 f   sfc_debug:cv_sfinterface.obj
 0001:00023670       cvsf_eml_init_saturation   0000000180024670 f   sfc_debug:cv_sfinterface.obj
 0001:000236c0       cvsf_eml_init_if           00000001800246c0 f   sfc_debug:cv_sfinterface.obj
 0001:00023720       cvsf_eml_init_for          0000000180024720 f   sfc_debug:cv_sfinterface.obj
 0001:00023770       cvsf_eml_init_while        0000000180024770 f   sfc_debug:cv_sfinterface.obj
 0001:000237c0       cvsf_eml_init_mcdc         00000001800247c0 f   sfc_debug:cv_sfinterface.obj
 0001:00023850       cvsf_eml_init_switch       0000000180024850 f   sfc_debug:cv_sfinterface.obj
 0001:000238c0       cvsf_script_eval           00000001800248c0 f   sfc_debug:cv_sfinterface.obj
 0001:000239a0       cvsf_script_init_script    00000001800249a0 f   sfc_debug:cv_sfinterface.obj
 0001:00023a30       cvsf_script_init_fcn       0000000180024a30 f   sfc_debug:cv_sfinterface.obj
 0001:00023a90       cvsf_script_init_testobjective 0000000180024a90 f   sfc_debug:cv_sfinterface.obj
 0001:00023af0       cvsf_script_init_saturation 0000000180024af0 f   sfc_debug:cv_sfinterface.obj
 0001:00023b40       cvsf_script_init_if        0000000180024b40 f   sfc_debug:cv_sfinterface.obj
 0001:00023ba0       cvsf_script_init_for       0000000180024ba0 f   sfc_debug:cv_sfinterface.obj
 0001:00023bf0       cvsf_script_init_while     0000000180024bf0 f   sfc_debug:cv_sfinterface.obj
 0001:00023c40       cvsf_script_init_mcdc      0000000180024c40 f   sfc_debug:cv_sfinterface.obj
 0001:00023cd0       cvsf_script_init_switch    0000000180024cd0 f   sfc_debug:cv_sfinterface.obj
 0001:00023d40       cv_destroy_interface       0000000180024d40 f   sfc_debug:cv_sfinterface.obj
 0001:00023d60       cv_create_instance_objects 0000000180024d60 f   sfc_debug:cv_sfinterface.obj
 0001:000241d0       cv_is_enabled              00000001800251d0 f   sfc_debug:cv_sfinterface.obj
 0001:000241e0       sf_debug_cv_initialize_script 00000001800251e0 f   sfc_debug:cv_sfinterface.obj
 0001:00024370       sf_debug_cv_initialize_instance 0000000180025370 f   sfc_debug:cv_sfinterface.obj
 0001:00024700       sf_debug_cv_terminate_chart 0000000180025700 f   sfc_debug:cv_sfinterface.obj
 0001:00024820       cv_call_trans_test         0000000180025820 f   sfc_debug:cv_sfinterface.obj
 0001:00024830       cv_call_sub_cond_test      0000000180025830 f   sfc_debug:cv_sfinterface.obj
 0001:00024870       sf_debug_st_initialize_machine 0000000180025870 f   sfc_debug:sfdb_data_browse.obj
 0001:00024920       sf_debug_st_initialize_instance 0000000180025920 f   sfc_debug:sfdb_data_browse.obj
 0001:00024b30       sf_debug_st_terminate      0000000180025b30 f   sfc_debug:sfdb_data_browse.obj
 0001:00024ed0       sf_debug_st_set_data_value_ptr_in_machine 0000000180025ed0 f   sfc_debug:sfdb_data_browse.obj
 0001:00024f60       sf_debug_st_set_data_value_ptr_in_instance 0000000180025f60 f   sfc_debug:sfdb_data_browse.obj
 0001:00025040       sf_debug_st_unset_data_value_ptr_in_machine 0000000180026040 f   sfc_debug:sfdb_data_browse.obj
 0001:000250b0       sf_debug_st_unset_data_value_ptr_in_instance 00000001800260b0 f   sfc_debug:sfdb_data_browse.obj
 0001:00025370       sf_debug_mx_value          0000000180026370 f   sfc_debug:sfdb_data_browse.obj
 0001:000253d0       sf_debug_mx_packed_vector  00000001800263d0 f   sfc_debug:sfdb_data_browse.obj
 0001:000254b0       sf_debug_mx_uint_vector    00000001800264b0 f   sfc_debug:sfdb_data_browse.obj
 0001:00025560       sf_debug_st_get_double_value_from_void_ptr_vector 0000000180026560 f   sfc_debug:sfdb_data_browse.obj
 0001:00026040       sf_debug_st_browse_data    0000000180027040 f   sfc_debug:sfdb_data_browse.obj
 0001:00026880       sf_debug_hm_initialize_instance 0000000180027880 f   sfc_debug:sfdb_handle_management.obj
 0001:00026d60       sf_debug_hm_get_object_id  0000000180027d60 f   sfc_debug:sfdb_handle_management.obj
 0001:00027910       sf_debug_hm_update_chart_visibility 0000000180028910 f   sfc_debug:sfdb_handle_management.obj
 0001:00028b00       sf_debug_object_is_eml_function 0000000180029b00 f   sfc_debug:sfdb_handle_management.obj
 0001:00028b70       sf_debug_hm_initialize_ids_in_machine 0000000180029b70 f   sfc_debug:sfdb_handle_management.obj
 0001:00028ce0       sf_debug_hm_initialize_ids_in_chart 0000000180029ce0 f   sfc_debug:sfdb_handle_management.obj
 0001:00028de0       sf_debug_hm_initialize_chart 0000000180029de0 f   sfc_debug:sfdb_handle_management.obj
 0001:000294e0       sf_debug_hm_terminate      000000018002a4e0 f   sfc_debug:sfdb_handle_management.obj
 0001:00029540       sf_debug_hm_initialize_machine 000000018002a540 f   sfc_debug:sfdb_handle_management.obj
 0001:00029c60       sf_debug_ss_initialize     000000018002ac60 f   sfc_debug:sfdb_symbol_scope.obj
 0001:00029c80       sf_debug_ss_terminate      000000018002ac80 f   sfc_debug:sfdb_symbol_scope.obj
 0001:00029d10       sf_debug_ss_push_symbol_scope 000000018002ad10 f   sfc_debug:sfdb_symbol_scope.obj
 0001:00029e10       sf_debug_ss_push_symbol_scope_eml 000000018002ae10 f   sfc_debug:sfdb_symbol_scope.obj
 0001:00029e70       sf_debug_ss_pop_symbol_scope 000000018002ae70 f   sfc_debug:sfdb_symbol_scope.obj
 0001:00029f20       sf_debug_ss_add_symbol     000000018002af20 f   sfc_debug:sfdb_symbol_scope.obj
 0001:0002a090       sf_debug_ss_add_symbol_eml 000000018002b090 f   sfc_debug:sfdb_symbol_scope.obj
 0001:0002af90       sf_debug_ss_set_data_value 000000018002bf90 f   sfc_debug:sfdb_symbol_scope.obj
 0001:0002b3e0       getInstanceNumber          000000018002c3e0 f   sfc_debug:sfdb_symbol_scope.obj
 0001:0002b4b0       sf_debug_ss_watch_data     000000018002c4b0 f   sfc_debug:sfdb_symbol_scope.obj
 0001:0002b6a0       sf_debug_ss_assign_data    000000018002c6a0 f   sfc_debug:sfdb_symbol_scope.obj
 0001:0002c0b0       get_data_entry_name        000000018002d0b0 f   sfc_debug:sfdb_symbol_scope.obj
 0001:0002c100       sf_debug_ss_whos           000000018002d100 f   sfc_debug:sfdb_symbol_scope.obj
 0001:0002c750       sf_debug_cc_initialize_chart 000000018002d750 f   sfc_debug:sfdb_coverage.obj
 0001:0002d140       sf_debug_cc_initialize_instance 000000018002e140 f   sfc_debug:sfdb_coverage.obj
 0001:0002de80       sf_debug_cc_terminate      000000018002ee80 f   sfc_debug:sfdb_coverage.obj
 0001:0002df70       sf_debug_cc_set_transition_maps 000000018002ef70 f   sfc_debug:sfdb_coverage.obj
 0001:0002e0a0       sf_debug_cc_set_state_maps 000000018002f0a0 f   sfc_debug:sfdb_coverage.obj
 0001:0002e180       sf_debug_cc_set_transition_weights 000000018002f180 f   sfc_debug:sfdb_coverage.obj
 0001:0002e440       sf_debug_cc_set_state_weights 000000018002f440 f   sfc_debug:sfdb_coverage.obj
 0001:0002e710       sf_debug_cc_mark_transition_guard 000000018002f710 f   sfc_debug:sfdb_coverage.obj
 0001:0002e7a0       sf_debug_cc_mark_transition_trigger 000000018002f7a0 f   sfc_debug:sfdb_coverage.obj
 0001:0002e830       sf_debug_cc_mark_transition_decision 000000018002f830 f   sfc_debug:sfdb_coverage.obj
 0001:0002e8a0       sf_debug_cc_mark_transition_condition_action 000000018002f8a0 f   sfc_debug:sfdb_coverage.obj
 0001:0002e8f0       sf_debug_cc_mark_transition_transition_action 000000018002f8f0 f   sfc_debug:sfdb_coverage.obj
 0001:0002e940       sf_debug_cc_mark_state_entry 000000018002f940 f   sfc_debug:sfdb_coverage.obj
 0001:0002e990       sf_debug_cc_mark_state_during 000000018002f990 f   sfc_debug:sfdb_coverage.obj
 0001:0002e9e0       sf_debug_cc_mark_state_exit 000000018002f9e0 f   sfc_debug:sfdb_coverage.obj
 0001:0002ea30       sf_debug_bm_clear_script_breakpoints 000000018002fa30 f   sfc_debug:sfdb_breakpoints.obj
 0001:0002ea60       sf_debug_bm_set_script_breakpoint 000000018002fa60 f   sfc_debug:sfdb_breakpoints.obj
 0001:0002eae0       sf_debug_bm_clear_single_script_breakpoint 000000018002fae0 f   sfc_debug:sfdb_breakpoints.obj
 0001:0002eb60       sf_debug_bm_query_script_breakpoint 000000018002fb60 f   sfc_debug:sfdb_breakpoints.obj
 0001:0002ebb0       sf_debug_bm_initialize_scripts 000000018002fbb0 f   sfc_debug:sfdb_breakpoints.obj
 0001:0002f240       sf_debug_bm_terminate      0000000180030240 f   sfc_debug:sfdb_breakpoints.obj
 0001:0002f520       sf_debug_bm_remove_all_breakpoints_in_machine 0000000180030520 f   sfc_debug:sfdb_breakpoints.obj
 0001:0002f580       sf_debug_bm_remove_all_breakpoints_in_chart 0000000180030580 f   sfc_debug:sfdb_breakpoints.obj
 0001:0002f6d0       sf_debug_bm_initialize_global_breakpoints 00000001800306d0 f   sfc_debug:sfdb_breakpoints.obj
 0001:0002f850       sf_debug_bm_set_breakpoint 0000000180030850 f   sfc_debug:sfdb_breakpoints.obj
 0001:0002fe10       sf_debug_bm_set_eml_breakpoint 0000000180030e10 f   sfc_debug:sfdb_breakpoints.obj
 0001:0002fea0       sf_debug_bm_initialize_machine_breakpoint_map 0000000180030ea0 f   sfc_debug:sfdb_breakpoints.obj
 0001:000302c0       sf_debug_bm_is_a_breakpoint 00000001800312c0 f   sfc_debug:sfdb_breakpoints.obj
 0001:000307e0       sf_debug_bm_get_all_breakpoints_in_machine 00000001800317e0 f   sfc_debug:sfdb_breakpoints.obj
 0001:00030ae0       sf_debug_bm_get_all_breakpoints_in_chart 0000000180031ae0 f   sfc_debug:sfdb_breakpoints.obj
 0001:00031670       sf_debug_bm_initialize_machine 0000000180032670 f   sfc_debug:sfdb_breakpoints.obj
 0001:00031740       sf_debug_bm_initialize_chart 0000000180032740 f   sfc_debug:sfdb_breakpoints.obj
 0001:00031b30       sf_debug_sc_terminate      0000000180032b30 f   sfc_debug:sfdb_state_consistency.obj
 0001:00031e50       sf_debug_sc_is_chart_consistent 0000000180032e50 f   sfc_debug:sfdb_state_consistency.obj
 0001:00032100       sf_debug_sc_get_consistency_error_info 0000000180033100 f   sfc_debug:sfdb_state_consistency.obj
 0001:00032510       sf_debug_tm_terminate      0000000180033510 f   sfc_debug:sfdb_call_stack.obj
 0001:000325c0       sf_debug_tm_push_chart_instance 00000001800335c0 f   sfc_debug:sfdb_call_stack.obj
 0001:00032700       sf_debug_tm_pop_chart_instance 0000000180033700 f   sfc_debug:sfdb_call_stack.obj
 0001:00032760       sf_debug_tm_push_trace_node 0000000180033760 f   sfc_debug:sfdb_call_stack.obj
 0001:000328e0       sf_debug_tm_pop_trace_node 00000001800338e0 f   sfc_debug:sfdb_call_stack.obj
 0001:00032960       sf_debug_tm_get_current_global_trace_index 0000000180033960 f   sfc_debug:sfdb_call_stack.obj
 0001:00032970       sf_debug_tm_get_current_local_trace_index 0000000180033970 f   sfc_debug:sfdb_call_stack.obj
 0001:000329a0       sf_debug_tm_set_cycle_detected_flag 00000001800339a0 f   sfc_debug:sfdb_call_stack.obj
 0001:000329e0       sf_debug_tm_set_cycle_started_flag 00000001800339e0 f   sfc_debug:sfdb_call_stack.obj
 0001:00032a20       sf_debug_tm_get_chart_number_from_stack 0000000180033a20 f   sfc_debug:sfdb_call_stack.obj
 0001:00032c20       sf_debug_tm_browse_trace   0000000180033c20 f   sfc_debug:sfdb_call_stack.obj
 0001:00032f30       sf_debug_cd_initialize_instance 0000000180033f30 f   sfc_debug:sfdb_cycle_detection.obj
 0001:000331e0       sf_debug_cd_mark_processed_transition_in_instance 00000001800341e0 f   sfc_debug:sfdb_cycle_detection.obj
 0001:00033280       sf_debug_cd_checksum_push  0000000180034280 f   sfc_debug:sfdb_cycle_detection.obj
 0001:00033530       sf_debug_cd_checksum_pop   0000000180034530 f   sfc_debug:sfdb_cycle_detection.obj
 0001:000335a0       sf_debug_cd_turn_off_cycle_detection 00000001800345a0 f   sfc_debug:sfdb_cycle_detection.obj
 0001:000335f0       sf_debug_cd_terminate      00000001800345f0 f   sfc_debug:sfdb_cycle_detection.obj
 0001:00033820       md5_initialize_state       0000000180034820 f   sfc_debug:ckmd5.obj
 0001:000342b0       md5_update_state           00000001800352b0 f   sfc_debug:ckmd5.obj
 0001:000342d0       md5_get_hash               00000001800352d0 f   sfc_debug:ckmd5.obj
 0001:00034300       md5_get_hash_for_a_single_string 0000000180035300 f   sfc_debug:ckmd5.obj
 0001:00034360       mxGetPr                    0000000180035360 f   libmx:libmx.dll
 0001:00034366       mxCreateDoubleScalar       0000000180035366 f   libmx:libmx.dll
 0001:0003436c       mxCreateDoubleMatrix_730   000000018003536c f   libmx:libmx.dll
 0001:00034372       mxSetField_730             0000000180035372 f   libmx:libmx.dll
 0001:00034378       mxCreateString             0000000180035378 f   libmx:libmx.dll
 0001:0003437e       mxCreateStructMatrix_730   000000018003537e f   libmx:libmx.dll
 0001:00034384       mxCreateCellMatrix_730     0000000180035384 f   libmx:libmx.dll
 0001:0003438a       mxDestroyArray             000000018003538a f   libmx:libmx.dll
 0001:00034390       mxDuplicateArray           0000000180035390 f   libmx:libmx.dll
 0001:00034396       mxGetString_730            0000000180035396 f   libmx:libmx.dll
 0001:0003439c       mxIsChar                   000000018003539c f   libmx:libmx.dll
 0001:000343a2       mxGetClassID               00000001800353a2 f   libmx:libmx.dll
 0001:000343a8       mxIsNumeric                00000001800353a8 f   libmx:libmx.dll
 0001:000343ae       mxIsComplex                00000001800353ae f   libmx:libmx.dll
 0001:000343b4       mxGetN                     00000001800353b4 f   libmx:libmx.dll
 0001:000343ba       mxGetM                     00000001800353ba f   libmx:libmx.dll
 0001:000343c0       mxCalloc                   00000001800353c0 f   libmx:libmx.dll
 0001:000343c6       mxGetScalar                00000001800353c6 f   libmx:libmx.dll
 0001:000343cc       mxIsLogical                00000001800353cc f   libmx:libmx.dll
 0001:000343d2       mxCreateDoubleMatrix_700   00000001800353d2 f   libmx:libmx.dll
 0001:000343d8       mxFree                     00000001800353d8 f   libmx:libmx.dll
 0001:000343de       mxArrayToString            00000001800353de f   libmx:libmx.dll
 0001:000343e4       mxCreateCellMatrix_700     00000001800353e4 f   libmx:libmx.dll
 0001:000343ea       mxSetCell_700              00000001800353ea f   libmx:libmx.dll
 0001:000343f0       mxGetCell_700              00000001800353f0 f   libmx:libmx.dll
 0001:000343f6       mxGetClassName             00000001800353f6 f   libmx:libmx.dll
 0001:000343fc       mxSetField_700             00000001800353fc f   libmx:libmx.dll
 0001:00034402       mxAddField                 0000000180035402 f   libmx:libmx.dll
 0001:00034408       mxGetField_700             0000000180035408 f   libmx:libmx.dll
 0001:0003440e       mxGetNumberOfElements      000000018003540e f   libmx:libmx.dll
 0001:00034414       mxIsStruct                 0000000180035414 f   libmx:libmx.dll
 0001:0003441a       mxIsA                      000000018003541a f   libmx:libmx.dll
 0001:00034420       mxIsClass                  0000000180035420 f   libmx:libmx.dll
 0001:00034426       mxGetLogicals              0000000180035426 f   libmx:libmx.dll
 0001:0003442c       mxIsSparse                 000000018003542c f   libmx:libmx.dll
 0001:00034432       mxSetFieldByNumber_700     0000000180035432 f   libmx:libmx.dll
 0001:00034438       mxGetFieldByNumber_700     0000000180035438 f   libmx:libmx.dll
 0001:0003443e       mxGetFieldNameByNumber     000000018003543e f   libmx:libmx.dll
 0001:00034444       mxGetNumberOfFields        0000000180035444 f   libmx:libmx.dll
 0001:0003444a       mxCreateStructMatrix_700   000000018003544a f   libmx:libmx.dll
 0001:00034450       mxGetFieldNumber           0000000180035450 f   libmx:libmx.dll
 0001:00034456       mxIsNaN                    0000000180035456 f   libmx:libmx.dll
 0001:0003445c       mxIsEmpty                  000000018003545c f   libmx:libmx.dll
 0001:00034462       mxGetData                  0000000180035462 f   libmx:libmx.dll
 0001:00034468       mxGetImagData              0000000180035468 f   libmx:libmx.dll
 0001:0003446e       mxArrayClassIDName         000000018003546e f   libmx:libmx.dll
 0001:00034474       mxCreateNumericMatrix_700  0000000180035474 f   libmx:libmx.dll
 0001:0003447a       mxCreateStructArray_700    000000018003547a f   libmx:libmx.dll
 0001:00034480       mxCalcSingleSubscript_700  0000000180035480 f   libmx:libmx.dll
 0001:00034486       mxGetDimensions_700        0000000180035486 f   libmx:libmx.dll
 0001:0003448c       mxGetNumberOfDimensions_700 000000018003548c f   libmx:libmx.dll
 0001:00034492       mxCreateNumericArray_700   0000000180035492 f   libmx:libmx.dll
 0001:00034498       mxGetElementSize           0000000180035498 f   libmx:libmx.dll
 0001:0003449e       mxCreateStringFromNChars_700 000000018003549e f   libmx:libmx.dll
 0001:000344a4       mxGetString_700            00000001800354a4 f   libmx:libmx.dll
 0001:000344aa       mxIsLogicalScalarTrue      00000001800354aa f   libmx:libmx.dll
 0001:000344b0       mxCreateLogicalScalar      00000001800354b0 f   libmx:libmx.dll
 0001:000344b6       mexUnlock                  00000001800354b6 f   libmex:libmex.dll
 0001:000344bc       mexIsLocked                00000001800354bc f   libmex:libmex.dll
 0001:000344c2       mexWarnMsgTxt              00000001800354c2 f   libmex:libmex.dll
 0001:000344c8       mexCallMATLAB              00000001800354c8 f   libmex:libmex.dll
 0001:000344ce       mexErrMsgTxt               00000001800354ce f   libmex:libmex.dll
 0001:000344d4       mexMakeArrayPersistent     00000001800354d4 f   libmex:libmex.dll
 0001:000344da       mexSetTrapFlag             00000001800354da f   libmex:libmex.dll
 0001:000344e0       mexPutVariable             00000001800354e0 f   libmex:libmex.dll
 0001:000344e6       mexGetVariable             00000001800354e6 f   libmex:libmex.dll
 0001:000344ec       mexLock                    00000001800354ec f   libmex:libmex.dll
 0001:000344f2       mexMakeMemoryPersistent    00000001800354f2 f   libmex:libmex.dll
 0001:000344f8       mexFunctionName            00000001800354f8 f   libmex:libmex.dll
 0001:000344fe       ssRegisterDataTypeFxpFSlopeFixExpBias 00000001800354fe f   libfixedpoint:libfixedpoint.dll
 0001:00034504       ssRegisterDataTypeFxpScaledDouble 0000000180035504 f   libfixedpoint:libfixedpoint.dll
 0001:0003450a       utMalloc                   000000018003550a f   libut:libut.dll
 0001:00034510       utFree                     0000000180035510 f   libut:libut.dll
 0001:00034516       utVSNprintf                0000000180035516 f   libut:libut.dll
 0001:0003451c       utCPUtime                  000000018003551c f   libut:libut.dll
 0001:00034522       utCalloc                   0000000180035522 f   libut:libut.dll
 0001:00034528       utRealloc                  0000000180035528 f   libut:libut.dll
 0001:0003452e       emlrtCreateRootTLS         000000018003552e f   libemlrt:libemlrt.dll
 0001:00034534       emlrtDestroyRootTLS        0000000180035534 f   libemlrt:libemlrt.dll
 0001:0003453a       emlrtCheckBuiltInR2012b    000000018003553a f   libemlrt:libemlrt.dll
 0001:00034540       emlrtCheckVsBuiltInR2012b  0000000180035540 f   libemlrt:libemlrt.dll
 0001:00034546       emlrtCheckEnumR2012b       0000000180035546 f   libemlrt:libemlrt.dll
 0001:0003454c       emlrtCreateEnumR2012b      000000018003554c f   libemlrt:libemlrt.dll
 0001:00034552       emlrtGetEnumElementR2009a  0000000180035552 f   libemlrt:libemlrt.dll
 0001:00034558       emlrtCreateReference       0000000180035558 f   libemlrt:libemlrt.dll
 0001:0003455e       emlrtImportVsFiArrayR2009b 000000018003555e f   libemlrt:libemlrt.dll
 0001:00034564       emlrtNameCapturePostProcessR2012a 0000000180035564 f   libemlrt:libemlrt.dll
 0001:0003456a       emlrtExtractMessageId      000000018003556a f   libemlrt:libemlrt.dll
 0001:00034570       emlrtTranslateMessageIDtoLCPstring 0000000180035570 f   libemlrt:libemlrt.dll
 0001:00034576       emlrtForLoopVectorIsValidR2011b 0000000180035576 f   libemlrt:libemlrt.dll
 0001:0003457c       emlrtTranslateUTF16MessagetoLCPstring 000000018003557c f   libemlrt:libemlrt.dll
 0001:00034582       emlrtGetEnumUnderlyingArrayR2009a 0000000180035582 f   libemlrt:libemlrt.dll
 0001:00034588       emlrtIsEnumR2009a          0000000180035588 f   libemlrt:libemlrt.dll
 0001:0003458e       strlen                     000000018003558e f   MSVCRT:MSVCR100.dll
 0001:00034594       memset                     0000000180035594 f   MSVCRT:MSVCR100.dll
 0001:0003459c       __GSHandlerCheckCommon     000000018003559c f   MSVCRT:gshandler.obj
 0001:00034600       __GSHandlerCheck           0000000180035600 f   MSVCRT:gshandler.obj
 0001:00034630       __security_check_cookie    0000000180035630 f   MSVCRT:amdsecgs.obj
 0001:00034650       strcmp                     0000000180035650 f   MSVCRT:MSVCR100.dll
 0001:00034656       free                       0000000180035656 f   MSVCRT:MSVCR100.dll
 0001:0003465c       sprintf                    000000018003565c f   MSVCRT:MSVCR100.dll
 0001:00034662       malloc                     0000000180035662 f   MSVCRT:MSVCR100.dll
 0001:00034668       strcat                     0000000180035668 f   MSVCRT:MSVCR100.dll
 0001:0003466e       memcpy                     000000018003566e f   MSVCRT:MSVCR100.dll
 0001:00034674       NtCurrentTeb               0000000180035674 f i MSVCRT:crtdll.obj
 0001:000346e0       _CRT_INIT                  00000001800356e0 f   MSVCRT:crtdll.obj
 0001:00034a78       _DllMainCRTStartup         0000000180035a78 f   MSVCRT:crtdll.obj
 0001:00034ab6       strncpy                    0000000180035ab6 f   MSVCRT:MSVCR100.dll
 0001:00034ad0       _alloca_probe              0000000180035ad0     MSVCRT:chkstk.obj
 0001:00034ad0       __chkstk                   0000000180035ad0 f   MSVCRT:chkstk.obj
 0001:00034b1e       longjmp                    0000000180035b1e f   MSVCRT:MSVCR100.dll
 0001:00034b24       strncmp                    0000000180035b24 f   MSVCRT:MSVCR100.dll
 0001:00034b2a       ceil                       0000000180035b2a f   MSVCRT:MSVCR100.dll
 0001:00034b30       strrchr                    0000000180035b30 f   MSVCRT:MSVCR100.dll
 0001:00034b36       _setjmp                    0000000180035b36 f   MSVCRT:MSVCR100.dll
 0001:00034b3c       ldexp                      0000000180035b3c f   MSVCRT:MSVCR100.dll
 0001:00034b44       __report_gsfailure         0000000180035b44 f   MSVCRT:gs_report.obj
 0001:00034c90       __clean_type_info_names    0000000180035c90 f   MSVCRT:tncleanup.obj
 0001:00034c9c       _onexit                    0000000180035c9c f   MSVCRT:atonexit.obj
 0001:00034d4c       atexit                     0000000180035d4c f   MSVCRT:atonexit.obj
 0001:00034d64       _RTC_Initialize            0000000180035d64 f   MSVCRT:_initsect_.obj
 0001:00034d9c       _RTC_Terminate             0000000180035d9c f   MSVCRT:_initsect_.obj
 0001:00034dd4       _malloc_crt                0000000180035dd4 f   MSVCRT:MSVCR100.dll
 0001:00034de0       _ValidateImageBase         0000000180035de0 f   MSVCRT:pesect.obj
 0001:00034e10       _FindPESection             0000000180035e10 f   MSVCRT:pesect.obj
 0001:00034e60       _IsNonwritableInCurrentImage 0000000180035e60 f   MSVCRT:pesect.obj
 0001:00034ea2       _initterm                  0000000180035ea2 f   MSVCRT:MSVCR100.dll
 0001:00034ea8       _initterm_e                0000000180035ea8 f   MSVCRT:MSVCR100.dll
 0001:00034eae       _encoded_null              0000000180035eae f   MSVCRT:MSVCR100.dll
 0001:00034eb4       _amsg_exit                 0000000180035eb4 f   MSVCRT:MSVCR100.dll
 0001:00034eba       __C_specific_handler       0000000180035eba f   MSVCRT:MSVCR100.dll
 0001:00034ec0       __CppXcptFilter            0000000180035ec0 f   MSVCRT:MSVCR100.dll
 0001:00034ec8       DllMain                    0000000180035ec8 f   MSVCRT:dllmain.obj
 0001:00034eec       __security_init_cookie     0000000180035eec f   MSVCRT:gs_support.obj
 0001:00034fa0       __crt_debugger_hook        0000000180035fa0 f   MSVCRT:MSVCR100.dll
 0001:00034fa6       __clean_type_info_names_internal 0000000180035fa6 f   MSVCRT:MSVCR100.dll
 0001:00034fac       _unlock                    0000000180035fac f   MSVCRT:MSVCR100.dll
 0001:00034fb2       __dllonexit                0000000180035fb2 f   MSVCRT:MSVCR100.dll
 0001:00034fb8       _lock                      0000000180035fb8 f   MSVCRT:MSVCR100.dll
 0001:00034fbe       EncodePointer              0000000180035fbe f   kernel32:KERNEL32.dll
 0001:00034fc4       DecodePointer              0000000180035fc4 f   kernel32:KERNEL32.dll
 0001:00034fca       Sleep                      0000000180035fca f   kernel32:KERNEL32.dll
 0001:00034fd0       TerminateProcess           0000000180035fd0 f   kernel32:KERNEL32.dll
 0001:00034fd6       GetCurrentProcess          0000000180035fd6 f   kernel32:KERNEL32.dll
 0001:00034fdc       UnhandledExceptionFilter   0000000180035fdc f   kernel32:KERNEL32.dll
 0001:00034fe2       SetUnhandledExceptionFilter 0000000180035fe2 f   kernel32:KERNEL32.dll
 0001:00034fe8       IsDebuggerPresent          0000000180035fe8 f   kernel32:KERNEL32.dll
 0001:00034fee       RtlVirtualUnwind           0000000180035fee f   kernel32:KERNEL32.dll
 0001:00034ff4       RtlLookupFunctionEntry     0000000180035ff4 f   kernel32:KERNEL32.dll
 0001:00034ffa       RtlCaptureContext          0000000180035ffa f   kernel32:KERNEL32.dll
 0001:00035000       DisableThreadLibraryCalls  0000000180036000 f   kernel32:KERNEL32.dll
 0001:00035006       QueryPerformanceCounter    0000000180036006 f   kernel32:KERNEL32.dll
 0001:0003500c       GetTickCount               000000018003600c f   kernel32:KERNEL32.dll
 0001:00035012       GetCurrentThreadId         0000000180036012 f   kernel32:KERNEL32.dll
 0001:00035018       GetCurrentProcessId        0000000180036018 f   kernel32:KERNEL32.dll
 0001:0003501e       GetSystemTimeAsFileTime    000000018003601e f   kernel32:KERNEL32.dll
 0002:00000000       __imp_GetSystemTimeAsFileTime 0000000180037000     kernel32:KERNEL32.dll
 0002:00000008       __imp_GetCurrentProcessId  0000000180037008     kernel32:KERNEL32.dll
 0002:00000010       __imp_GetCurrentThreadId   0000000180037010     kernel32:KERNEL32.dll
 0002:00000018       __imp_GetTickCount         0000000180037018     kernel32:KERNEL32.dll
 0002:00000020       __imp_QueryPerformanceCounter 0000000180037020     kernel32:KERNEL32.dll
 0002:00000028       __imp_DisableThreadLibraryCalls 0000000180037028     kernel32:KERNEL32.dll
 0002:00000030       __imp_RtlCaptureContext    0000000180037030     kernel32:KERNEL32.dll
 0002:00000038       __imp_RtlLookupFunctionEntry 0000000180037038     kernel32:KERNEL32.dll
 0002:00000040       __imp_RtlVirtualUnwind     0000000180037040     kernel32:KERNEL32.dll
 0002:00000048       __imp_IsDebuggerPresent    0000000180037048     kernel32:KERNEL32.dll
 0002:00000050       __imp_SetUnhandledExceptionFilter 0000000180037050     kernel32:KERNEL32.dll
 0002:00000058       __imp_UnhandledExceptionFilter 0000000180037058     kernel32:KERNEL32.dll
 0002:00000060       __imp_GetCurrentProcess    0000000180037060     kernel32:KERNEL32.dll
 0002:00000068       __imp_TerminateProcess     0000000180037068     kernel32:KERNEL32.dll
 0002:00000070       __imp_Sleep                0000000180037070     kernel32:KERNEL32.dll
 0002:00000078       __imp_DecodePointer        0000000180037078     kernel32:KERNEL32.dll
 0002:00000080       __imp_EncodePointer        0000000180037080     kernel32:KERNEL32.dll
 0002:00000088       \177KERNEL32_NULL_THUNK_DATA 0000000180037088     kernel32:KERNEL32.dll
 0002:00000090       __imp__onexit              0000000180037090     MSVCRT:MSVCR100.dll
 0002:00000098       __imp__lock                0000000180037098     MSVCRT:MSVCR100.dll
 0002:000000a0       __imp___dllonexit          00000001800370a0     MSVCRT:MSVCR100.dll
 0002:000000a8       __imp__unlock              00000001800370a8     MSVCRT:MSVCR100.dll
 0002:000000b0       __imp___clean_type_info_names_internal 00000001800370b0     MSVCRT:MSVCR100.dll
 0002:000000b8       __imp___crt_debugger_hook  00000001800370b8     MSVCRT:MSVCR100.dll
 0002:000000c0       __imp___CppXcptFilter      00000001800370c0     MSVCRT:MSVCR100.dll
 0002:000000c8       __imp___C_specific_handler 00000001800370c8     MSVCRT:MSVCR100.dll
 0002:000000d0       __imp__amsg_exit           00000001800370d0     MSVCRT:MSVCR100.dll
 0002:000000d8       __imp__encoded_null        00000001800370d8     MSVCRT:MSVCR100.dll
 0002:000000e0       __imp__initterm_e          00000001800370e0     MSVCRT:MSVCR100.dll
 0002:000000e8       __imp__initterm            00000001800370e8     MSVCRT:MSVCR100.dll
 0002:000000f0       __imp__malloc_crt          00000001800370f0     MSVCRT:MSVCR100.dll
 0002:000000f8       __imp_ldexp                00000001800370f8     MSVCRT:MSVCR100.dll
 0002:00000100       __imp__setjmp              0000000180037100     MSVCRT:MSVCR100.dll
 0002:00000108       __imp_strrchr              0000000180037108     MSVCRT:MSVCR100.dll
 0002:00000110       __imp_ceil                 0000000180037110     MSVCRT:MSVCR100.dll
 0002:00000118       __imp_strncmp              0000000180037118     MSVCRT:MSVCR100.dll
 0002:00000120       __imp_longjmp              0000000180037120     MSVCRT:MSVCR100.dll
 0002:00000128       __imp_strncpy              0000000180037128     MSVCRT:MSVCR100.dll
 0002:00000130       __imp_memcpy               0000000180037130     MSVCRT:MSVCR100.dll
 0002:00000138       __imp_strcat               0000000180037138     MSVCRT:MSVCR100.dll
 0002:00000140       __imp_malloc               0000000180037140     MSVCRT:MSVCR100.dll
 0002:00000148       __imp_sprintf              0000000180037148     MSVCRT:MSVCR100.dll
 0002:00000150       __imp_free                 0000000180037150     MSVCRT:MSVCR100.dll
 0002:00000158       __imp_strcmp               0000000180037158     MSVCRT:MSVCR100.dll
 0002:00000160       __imp_memset               0000000180037160     MSVCRT:MSVCR100.dll
 0002:00000168       __imp_strlen               0000000180037168     MSVCRT:MSVCR100.dll
 0002:00000170       \177MSVCR100_NULL_THUNK_DATA 0000000180037170     MSVCRT:MSVCR100.dll
 0002:00000178       __imp_emlrtIsEnumR2009a    0000000180037178     libemlrt:libemlrt.dll
 0002:00000180       __imp_emlrtGetEnumUnderlyingArrayR2009a 0000000180037180     libemlrt:libemlrt.dll
 0002:00000188       __imp_emlrtTranslateUTF16MessagetoLCPstring 0000000180037188     libemlrt:libemlrt.dll
 0002:00000190       __imp_emlrtForLoopVectorIsValidR2011b 0000000180037190     libemlrt:libemlrt.dll
 0002:00000198       __imp_emlrtTranslateMessageIDtoLCPstring 0000000180037198     libemlrt:libemlrt.dll
 0002:000001a0       __imp_emlrtExtractMessageId 00000001800371a0     libemlrt:libemlrt.dll
 0002:000001a8       __imp_emlrtNameCapturePostProcessR2012a 00000001800371a8     libemlrt:libemlrt.dll
 0002:000001b0       __imp_emlrtImportVsFiArrayR2009b 00000001800371b0     libemlrt:libemlrt.dll
 0002:000001b8       __imp_emlrtCreateReference 00000001800371b8     libemlrt:libemlrt.dll
 0002:000001c0       __imp_emlrtGetEnumElementR2009a 00000001800371c0     libemlrt:libemlrt.dll
 0002:000001c8       __imp_emlrtCreateEnumR2012b 00000001800371c8     libemlrt:libemlrt.dll
 0002:000001d0       __imp_emlrtCheckEnumR2012b 00000001800371d0     libemlrt:libemlrt.dll
 0002:000001d8       __imp_emlrtCheckVsBuiltInR2012b 00000001800371d8     libemlrt:libemlrt.dll
 0002:000001e0       __imp_emlrtCheckBuiltInR2012b 00000001800371e0     libemlrt:libemlrt.dll
 0002:000001e8       __imp_emlrtDestroyRootTLS  00000001800371e8     libemlrt:libemlrt.dll
 0002:000001f0       __imp_emlrtCreateRootTLS   00000001800371f0     libemlrt:libemlrt.dll
 0002:000001f8       \177libemlrt_NULL_THUNK_DATA 00000001800371f8     libemlrt:libemlrt.dll
 0002:00000200       __imp_ssRegisterDataTypeFxpScaledDouble 0000000180037200     libfixedpoint:libfixedpoint.dll
 0002:00000208       __imp_ssRegisterDataTypeFxpFSlopeFixExpBias 0000000180037208     libfixedpoint:libfixedpoint.dll
 0002:00000210       \177libfixedpoint_NULL_THUNK_DATA 0000000180037210     libfixedpoint:libfixedpoint.dll
 0002:00000218       __imp_mexLock              0000000180037218     libmex:libmex.dll
 0002:00000220       __imp_mexMakeMemoryPersistent 0000000180037220     libmex:libmex.dll
 0002:00000228       __imp_mexFunctionName      0000000180037228     libmex:libmex.dll
 0002:00000230       __imp_mexGetVariable       0000000180037230     libmex:libmex.dll
 0002:00000238       __imp_mexPutVariable       0000000180037238     libmex:libmex.dll
 0002:00000240       __imp_mexSetTrapFlag       0000000180037240     libmex:libmex.dll
 0002:00000248       __imp_mexIsLocked          0000000180037248     libmex:libmex.dll
[...]
 0001:0000acf0       sf_mex_check_complex       000000018000bcf0 f   sfc_mex:sfc_mex.obj
 0001:0000ad80       sf_mex_check_sparse        000000018000bd80 f   sfc_mex:sfc_mex.obj
 0001:0000ade0       sf_mex_check_numerictype   000000018000bde0 f   sfc_mex:sfc_mex.obj
 0001:0000af70       sf_mex_check_fimath        000000018000bf70 f   sfc_mex:sfc_mex.obj
 0001:0000bad0       size_mismatch_error        000000018000cad0 f   sfc_mex:sfc_mex.obj
 0001:0000c540       check_array_dimensions     000000018000d540 f   sfc_mex:sfc_mex.obj
 0001:0000c5b0       check_input_mxarray        000000018000d5b0 f   sfc_mex:sfc_mex.obj
 0001:0000ccf0       sf_numeric_value_to_double 000000018000dcf0 f   sfc_mex:sfc_mex.obj
 0001:0000cd40       ml_generic_out_of_bounds_check 000000018000dd40 f   sfc_mex:sfc_mex.obj
 0001:0000cf00       ml_get_element_value_from_array 000000018000df00 f   sfc_mex:sfc_mex.obj
 0001:0000d2a0       _ml_generic_castability_check 000000018000e2a0 f   sfc_mex:sfc_mex.obj
 0001:0000d9f0       ml_generic_castability_check 000000018000e9f0 f   sfc_mex:sfc_mex.obj
 0001:0000da90       ml_check_mx_array_for_single_castability 000000018000ea90 f   sfc_mex:sfc_mex.obj
 0001:0000db30       ml_check_mx_array_for_logical_castability 000000018000eb30 f   sfc_mex:sfc_mex.obj
 0001:0000dbd0       ml_check_mx_array_for_int8_castability 000000018000ebd0 f   sfc_mex:sfc_mex.obj
 0001:0000dc80       ml_check_mx_array_for_uint8_castability 000000018000ec80 f   sfc_mex:sfc_mex.obj
 0001:0000dce0       ml_check_mx_array_for_int16_castability 000000018000ece0 f   sfc_mex:sfc_mex.obj
 0001:0000dd40       ml_check_mx_array_for_uint16_castability 000000018000ed40 f   sfc_mex:sfc_mex.obj
 0001:0000dda0       ml_check_mx_array_for_int32_castability 000000018000eda0 f   sfc_mex:sfc_mex.obj
 0001:0000de00       ml_check_mx_array_for_uint32_castability 000000018000ee00 f   sfc_mex:sfc_mex.obj
 0001:0000de60       ml_check_mx_array_for_castability 000000018000ee60 f   sfc_mex:sfc_mex.obj
 0001:0000e680       set_data_value             000000018000f680 f   sfc_mex:sfc_mex.obj
 0001:0000e9f0       get_data_value             000000018000f9f0 f   sfc_mex:sfc_mex.obj
 0001:0000eb00       get_next_element_address   000000018000fb00 f   sfc_mex:sfc_mex.obj
 0001:0000ebd0       sf_normalize_index         000000018000fbd0 f   sfc_mex:sfc_mex.obj
 0001:0000ef80       ml_array_index_bound_check 000000018000ff80 f   sfc_mex:sfc_mex.obj
 0001:0000fb00       mx_value                   0000000180010b00 f   sfc_mex:sfc_mex.obj
 0001:0000fb50       sf_create_numeric_array    0000000180010b50 f   sfc_mex:sfc_mex.obj
 0001:0000fbf0       sf_mex_assign_to_mx_array  0000000180010bf0 f   sfc_mex:sfc_mex.obj
 0001:0000ff60       assign_from_mx_array       0000000180010f60 f   sfc_mex:sfc_mex.obj
 0001:000106c0       sf_mex_import_v            00000001800116c0 f   sfc_mex:sfc_mex.obj
 0001:00010dd0       get_machine_and_chart_file_number 0000000180011dd0 f   sfc_mex:sfc_sf.obj
 0001:00010ec0       get_sfun_block_specialization 0000000180011ec0 f   sfc_mex:sfc_sf.obj
 0001:00010f70       call_sf_machine_global_method_dispatcher 0000000180011f70 f   sfc_mex:sfc_sf.obj
 0001:000111c0       mdl_zeroCrossings_processing 00000001800121c0 f   sfc_mex:sfc_sf.obj
 0001:000112a0       mdl_derivatives_processing 00000001800122a0 f   sfc_mex:sfc_sf.obj
 0001:00011580       mdl_outputs_continuous_legacy 0000000180012580 f   sfc_mex:sfc_sf.obj
 0001:00011600       mdl_outputs_processing     0000000180012600 f   sfc_mex:sfc_sf.obj
 0001:00011870       mdl_enable_processing      0000000180012870 f   sfc_mex:sfc_sf.obj
 0001:00011950       mdl_disable_processing     0000000180012950 f   sfc_mex:sfc_sf.obj
 0001:000127e0       sf_call_output_fcn_enable_disable 00000001800137e0 f   sfc_mex:sfc_sf.obj
 0001:00012a60       set_dwork_information_from_mx_array 0000000180013a60 f   sfc_mex:sfc_sf.obj
 0001:00013350       ptr2mxStruct               0000000180014350 f   sfc_mex:sfc_sf.obj
 0001:00013660       SNPRINTF_WRAPPER           0000000180014660 f   sfc_debug:sfcdebug.obj
 0001:00013690       sf_debug_chart_instance_initialized 0000000180014690 f   sfc_debug:sfcdebug.obj
 0001:00013830       sfrtAddSize                0000000180014830 f   sfc_debug:sfcdebug.obj
 0001:000138f0       sfrtGenSizeString          00000001800148f0 f   sfc_debug:sfcdebug.obj
 0001:00014040       fill_single_message_info   0000000180015040 f   sfc_debug:sfcdebug.obj
 0001:000142c0       sf_debug_sim_status_listener 00000001800152c0 f   sfc_debug:sfcdebug.obj
 0001:00014850       sf_debug_form_mask_bits    0000000180015850 f   sfc_debug:sfcdebug.obj
 0001:00014870       sf_debug_form_sf_data_type_offsets 0000000180015870 f   sfc_debug:sfcdebug.obj
 0001:00014930       sf_debug_free_all          0000000180015930 f   sfc_debug:sfcdebug.obj
 0001:00014ac0       sf_debug_append_debugger_context 0000000180015ac0 f   sfc_debug:sfcdebug.obj
 0001:00014e30       local_strdup               0000000180015e30 f   sfc_debug:sfcdebug.obj
 0001:00015db0       sf_debug_em_terminate      0000000180016db0 f   sfc_debug:sfcdebug.obj
 0001:00015df0       sf_debug_push_eml_function 0000000180016df0 f   sfc_debug:sfcdebug.obj
 0001:00015e90       sf_debug_pop_eml_function  0000000180016e90 f   sfc_debug:sfcdebug.obj
 0001:00016b30       sf_debug_get_machine_number_from_id_or_name 0000000180017b30 f   sfc_debug:sfcdebug.obj
 0001:00016c80       sf_debug_get_chart_number_from_id 0000000180017c80 f   sfc_debug:sfcdebug.obj
 0001:00017a60       sf_debug_transfer_control_to_debugger_GUI 0000000180018a60 f   sfc_debug:sfcdebug.obj
 0001:000189d0       sf_debug_scripts_rehash    00000001800199d0 f   sfc_debug:sfcdebug.obj
 0001:00018be0       sf_debug_get_script_line_count 0000000180019be0 f   sfc_debug:sfcdebug.obj
 0001:00019630       cv_eml_state_cvId          000000018001a630 f   sfc_debug:sfcdebug.obj
 0001:000196a0       cv_eml_trans_cvId          000000018001a6a0 f   sfc_debug:sfcdebug.obj
 0001:0001ab20       sf_debug_data_array_bounds_error 000000018001bb20 f   sfc_debug:sfcdebug.obj
 0001:0001aed0       eml_debug_runtime_error_doclink 000000018001bed0 f   sfc_debug:sfcdebug.obj
 0001:0001b040       sf_debug_runtime_error     000000018001c040 f   sfc_debug:sfcdebug.obj
 0001:0001b0b0       sf_debug_matlab_error      000000018001c0b0 f   sfc_debug:sfcdebug.obj
 0001:0001ba20       sf_debug_data_value_error  000000018001ca20 f   sfc_debug:sfcdebug.obj
 0001:0001c2f0       sf_debug_data_loss_error   000000018001d2f0 f   sfc_debug:sfcdebug.obj
 0001:0001d210       call_cv_range_check        000000018001e210 f   sfc_debug:sfcdebug.obj
 0001:0001da70       sf_debug_invoke_cycle_detection_code 000000018001ea70 f   sfc_debug:sfcdebug.obj
 0001:0001e5e0       sf_reset_debug_info_struct 000000018001f5e0 f   sfc_debug:sfcdebug.obj
 0001:0001edd0       cv_script_cvId             000000018001fdd0 f   sfc_debug:sfcdebug.obj
 0001:0001ff90       sfc_api_chart_visible      0000000180020f90 f   sfc_debug:sfc_api.obj
 0001:00020020       sfc_api_active_instance    0000000180021020 f   sfc_debug:sfc_api.obj
 0001:000200b0       sfc_api_machine_load       00000001800210b0 f   sfc_debug:sfc_api.obj
 0001:000201a0       sfc_api_debugger_alive     00000001800211a0 f   sfc_debug:sfc_api.obj
 0001:000201b0       sfc_api_go                 00000001800211b0 f   sfc_debug:sfc_api.obj
 0001:000201c0       sfc_api_step_over          00000001800211c0 f   sfc_debug:sfc_api.obj
 0001:000201d0       sfc_api_step_out           00000001800211d0 f   sfc_debug:sfc_api.obj
 0001:000201e0       sfc_api_resume             00000001800211e0 f   sfc_debug:sfc_api.obj
 0001:000201f0       sfc_api_break              00000001800211f0 f   sfc_debug:sfc_api.obj
 0001:00020200       sfc_api_stop_debugging     0000000180021200 f   sfc_debug:sfc_api.obj
 0001:00020260       sfc_api_is_cycle_detected  0000000180021260 f   sfc_debug:sfc_api.obj
 0001:000202c0       sfc_api_is_array_bounds_detected 00000001800212c0 f   sfc_debug:sfc_api.obj
 0001:00020320       sfc_api_set_disable_all_breakpoints 0000000180021320 f   sfc_debug:sfc_api.obj
 0001:000203a0       sfc_api_disable_all_breakpoints_and_go 00000001800213a0 f   sfc_debug:sfc_api.obj
 0001:000203b0       sfc_api_close              00000001800213b0 f   sfc_debug:sfc_api.obj
 0001:000203c0       sfc_api_browse_data        00000001800213c0 f   sfc_debug:sfc_api.obj
 0001:00020440       sfc_api_watch_data         0000000180021440 f   sfc_debug:sfc_api.obj
 0001:00020550       sfc_api_extract_message_post_receive_info 0000000180021550 f   sfc_debug:sfc_api.obj
 0001:00020570       sfc_api_assign_data        0000000180021570 f   sfc_debug:sfc_api.obj
 0001:00020620       sfc_api_whos               0000000180021620 f   sfc_debug:sfc_api.obj
 0001:000206b0       sfc_api_get_consistency_info 00000001800216b0 f   sfc_debug:sfc_api.obj
 0001:000206c0       sfc_api_browse_trace       00000001800216c0 f   sfc_debug:sfc_api.obj
 0001:000206d0       sfc_api_break_on_chart_entry 00000001800216d0 f   sfc_debug:sfc_api.obj
 0001:00020700       sfc_api_break_on_event_broadcast 0000000180021700 f   sfc_debug:sfc_api.obj
 0001:00020730       sfc_api_break_on_state_entry 0000000180021730 f   sfc_debug:sfc_api.obj
 0001:00020760       sfc_api_set_watch          0000000180021760 f   sfc_debug:sfc_api.obj
 0001:00020810       sfc_api_set_breakpoints    0000000180021810 f   sfc_debug:sfc_api.obj
 0001:000208d0       sfc_api_set_eml_breakpoints 00000001800218d0 f   sfc_debug:sfc_api.obj
 0001:00020970       sfc_api_set_script_breakpoints 0000000180021970 f   sfc_debug:sfc_api.obj
 0001:000209d0       sfc_api_add_script_breakpoints 00000001800219d0 f   sfc_debug:sfc_api.obj
 0001:00020a30       sfc_api_clear_script_breakpoints 0000000180021a30 f   sfc_debug:sfc_api.obj
 0001:00020a90       sfc_api_query_script_breakpoints 0000000180021a90 f   sfc_debug:sfc_api.obj
 0001:00020b00       sfc_api_get_script_id      0000000180021b00 f   sfc_debug:sfc_api.obj
 0001:00020bc0       sfc_api_get_active_states  0000000180021bc0 f   sfc_debug:sfc_api.obj
 0001:00020c50       sfc_api_break_between_times 0000000180021c50 f   sfc_debug:sfc_api.obj
 0001:00020cc0       sfc_api_get_instance_handle 0000000180021cc0 f   sfc_debug:sfc_api.obj
 0001:00020d90       sfc_api_set_animation      0000000180021d90 f   sfc_debug:sfc_api.obj
 0001:00020de0       sfc_api_select_chart       0000000180021de0 f   sfc_debug:sfc_api.obj
 0001:00020e50       sfc_api_select_charts      0000000180021e50 f   sfc_debug:sfc_api.obj
 0001:00020e80       sfc_api_cycle_detection_check 0000000180021e80 f   sfc_debug:sfc_api.obj
 0001:00020ed0       sfc_api_data_range_check   0000000180021ed0 f   sfc_debug:sfc_api.obj
 0001:00020f20       sfc_api_transition_conflict_check 0000000180021f20 f   sfc_debug:sfc_api.obj
 0001:00020f70       sfc_api_state_consistency_check 0000000180021f70 f   sfc_debug:sfc_api.obj
 0001:00020fc0       sfc_api_set_instance_cv_ids 0000000180021fc0 f   sfc_debug:sfc_api.obj
 0001:000210f0       sfc_api_set_script_cv_ids  00000001800220f0 f   sfc_debug:sfc_api.obj
 0001:000211c0       sfc_api_get_current_machine_id 00000001800221c0 f   sfc_debug:sfc_api.obj
 0001:000211f0       sfc_api_get_current_machine_number 00000001800221f0 f   sfc_debug:sfc_api.obj
 0001:00021220       sfc_api_get_current_chart_number 0000000180022220 f   sfc_debug:sfc_api.obj
 0001:00021250       sfc_api_get_current_instance_number 0000000180022250 f   sfc_debug:sfc_api.obj
 0001:00021280       sfc_api_get_current_instance_handle 0000000180022280 f   sfc_debug:sfc_api.obj
 0001:000212a0       sfc_api_get_current_is_minor_time_step 00000001800222a0 f   sfc_debug:sfc_api.obj
 0001:000212d0       sfc_api_get_current_machine_name 00000001800222d0 f   sfc_debug:sfc_api.obj
 0001:000212f0       sfc_api_get_current_chart_id 00000001800222f0 f   sfc_debug:sfc_api.obj
 0001:00021320       sfc_api_get_current_object_type 0000000180022320 f   sfc_debug:sfc_api.obj
 0001:00021350       sfc_api_get_current_event_type 0000000180022350 f   sfc_debug:sfc_api.obj
 0001:00021380       sfc_api_get_current_object_id 0000000180022380 f   sfc_debug:sfc_api.obj
 0001:000213b0       sfc_get_current_active_event_type 00000001800223b0 f   sfc_debug:sfc_api.obj
 0001:000213e0       sfc_api_get_current_active_event_id 00000001800223e0 f   sfc_debug:sfc_api.obj
 0001:00021410       sfc_api_get_current_simulation_time 0000000180022410 f   sfc_debug:sfc_api.obj
 0001:00021430       sfc_get_current_tag_type   0000000180022430 f   sfc_debug:sfc_api.obj
 0001:00021460       sfc_get_current_coverage_percentage 0000000180022460 f   sfc_debug:sfc_api.obj
 0001:00021480       sfc_get_current_statement_context 0000000180022480 f   sfc_debug:sfc_api.obj
 0001:000214a0       sfc_get_current_optional_integer 00000001800224a0 f   sfc_debug:sfc_api.obj
 0001:000214d0       sfc_get_current_statement_info 00000001800224d0 f   sfc_debug:sfc_api.obj
 0001:00021570       sfc_api_get                0000000180022570 f   sfc_debug:sfc_api.obj
 0001:000221d0       sf_debug_sm_fill_state_activity_data 00000001800231d0 f   sfc_debug:sfdb_animation.obj
 0001:00024a10       void_ptr_stack_vector_free_total 0000000180025a10 f   sfc_debug:sfdb_data_browse.obj
 0001:00024a90       sf_debug_st_terminate_machine 0000000180025a90 f   sfc_debug:sfdb_data_browse.obj
 0001:00024ad0       sf_debug_st_terminate_instance 0000000180025ad0 f   sfc_debug:sfdb_data_browse.obj
 0001:00024e80       push_on_to_void_ptr_stack  0000000180025e80 f   sfc_debug:sfdb_data_browse.obj
 0001:00025010       pop_from_void_ptr_stack    0000000180026010 f   sfc_debug:sfdb_data_browse.obj
 0001:00025140       sf_debug_st_get_data_value 0000000180026140 f   sfc_debug:sfdb_data_browse.obj
 0001:00025670       mx_value                   0000000180026670 f   sfc_debug:sfdb_data_browse.obj
 0001:000256b0       sf_debug_st_fill_data_struct 00000001800266b0 f   sfc_debug:sfdb_data_browse.obj
 0001:000259f0       data_type_format_strings   00000001800269f0 f   sfc_debug:sfdb_data_browse.obj
 0001:00025aa0       sf_debug_st_fill_data      0000000180026aa0 f   sfc_debug:sfdb_data_browse.obj
 0001:00026790       sf_debug_hm_get_simulink_handle 0000000180027790 f   sfc_debug:sfdb_handle_management.obj
 0001:00027240       sf_debug_hm_initialize_globals 0000000180028240 f   sfc_debug:sfdb_handle_management.obj
 0001:00027340       sf_debug_hm_get_machine_debug_flag 0000000180028340 f   sfc_debug:sfdb_handle_management.obj
 0001:000274b0       sf_debug_hm_get_machine_id 00000001800284b0 f   sfc_debug:sfdb_handle_management.obj
 0001:000275d0       sf_debug_hm_get_chart_id   00000001800285d0 f   sfc_debug:sfdb_handle_management.obj
 0001:00027770       sf_debug_hm_register_executing_SFunction 0000000180028770 f   sfc_debug:sfdb_handle_management.obj
 0001:00027b00       sf_debug_hm_form_object_boolean_properties 0000000180028b00 f   sfc_debug:sfdb_handle_management.obj
 0001:00027dd0       sf_debug_hm_form_object_properties 0000000180028dd0 f   sfc_debug:sfdb_handle_management.obj
 0001:00028010       sf_debug_hm_terminate_charts 0000000180029010 f   sfc_debug:sfdb_handle_management.obj
 0001:000286f0       sf_debug_hm_terminate_machines 00000001800296f0 f   sfc_debug:sfdb_handle_management.obj
 0001:0002a160       sf_debug_ss_copy_dimension 000000018002b160 f   sfc_debug:sfdb_symbol_scope.obj
 0001:0002a220       sf_debug_ss_get_number_elements 000000018002b220 f   sfc_debug:sfdb_symbol_scope.obj
 0001:0002a240       sf_debug_ss_fill_data_struct 000000018002b240 f   sfc_debug:sfdb_symbol_scope.obj
 0001:0002a590       sf_debug_ss_reset_data_info 000000018002b590 f   sfc_debug:sfdb_symbol_scope.obj
 0001:0002a5f0       sf_debug_fill_data_info_by_symbol_scope_entry 000000018002b5f0 f   sfc_debug:sfdb_symbol_scope.obj
 0001:0002a6b0       sf_debug_fill_data_info_by_data_vector 000000018002b6b0 f   sfc_debug:sfdb_symbol_scope.obj
 0001:0002a900       get_data_info_helper       000000018002b900 f   sfc_debug:sfdb_symbol_scope.obj
 0001:0002abf0       sf_debug_ss_get_data_info  000000018002bbf0 f   sfc_debug:sfdb_symbol_scope.obj
 0001:0002ae10       sf_debug_select_mex_function 000000018002be10 f   sfc_debug:sfdb_symbol_scope.obj
 0001:0002ae40       sf_debug_is_dyn_matrix_initialized 000000018002be40 f   sfc_debug:sfdb_symbol_scope.obj
 0001:0002ae60       sf_debug_ss_set_data_value_try 000000018002be60 f   sfc_debug:sfdb_symbol_scope.obj
 0001:0002b050       sf_debug_ss_get_data_value 000000018002c050 f   sfc_debug:sfdb_symbol_scope.obj
 0001:0002b7b0       sf_debug_ss_data_bytes_string 000000018002c7b0 f   sfc_debug:sfdb_symbol_scope.obj
 0001:0002b840       sf_debug_ss_data_class_string 000000018002c840 f   sfc_debug:sfdb_symbol_scope.obj
 0001:0002bbc0       sf_debug_ss_data_size_string 000000018002cbc0 f   sfc_debug:sfdb_symbol_scope.obj
 0001:0002bca0       sf_debug_ss_data_create_data_info_struct 000000018002cca0 f   sfc_debug:sfdb_symbol_scope.obj
 0001:0002bf50       sf_debug_ss_data_create_name_value_pair 000000018002cf50 f   sfc_debug:sfdb_symbol_scope.obj
 0001:0002bff0       sf_debug_ss_data_get_whos_info 000000018002cff0 f   sfc_debug:sfdb_symbol_scope.obj
 0001:0002c000       same_named_data_in_data_array 000000018002d000 f   sfc_debug:sfdb_symbol_scope.obj
 0001:0002d790       sf_debug_cc_terminate_chart 000000018002e790 f   sfc_debug:sfdb_coverage.obj
 0001:0002daa0       sf_debug_cc_terminate_instance 000000018002eaa0 f   sfc_debug:sfdb_coverage.obj
 0001:0002e670       sf_debug_cc_mark_object_if_needed 000000018002f670 f   sfc_debug:sfdb_coverage.obj
 0001:0002eef0       sf_debug_bm_initialize_eml 000000018002fef0 f   sfc_debug:sfdb_breakpoints.obj
 0001:0002ffb0       sf_debug_bm_map_debug_tag_to_breakpoint_tag 0000000180030fb0 f   sfc_debug:sfdb_breakpoints.obj
 0001:00030090       sf_debug_bm_is_a_eml_breakpoint_impl 0000000180031090 f   sfc_debug:sfdb_breakpoints.obj
 0001:000319c0       sf_debug_sc_push_on_error_stack 00000001800329c0 f   sfc_debug:sfdb_state_consistency.obj
 0001:00031ae0       sf_debug_sc_reset_error_stack 0000000180032ae0 f   sfc_debug:sfdb_state_consistency.obj
 0001:00031c70       sf_debug_sc_is_state_inconsistent 0000000180032c70 f   sfc_debug:sfdb_state_consistency.obj
 0001:00031f60       sf_debug_sc_fill_consistency_info 0000000180032f60 f   sfc_debug:sfdb_state_consistency.obj
 0001:00032500       void_assertion_fcn         0000000180033500 f   sfc_debug:sfdb_call_stack.obj
 0001:00032a50       sf_debug_tm_fill_local_trace 0000000180033a50 f   sfc_debug:sfdb_call_stack.obj
 0001:00032ff0       sf_debug_cd_terminate_instance 0000000180033ff0 f   sfc_debug:sfdb_cycle_detection.obj
 0001:00033050       sf_debug_cd_free_checksum_stack 0000000180034050 f   sfc_debug:sfdb_cycle_detection.obj
 0001:000330a0       sf_debug_cd_reset_pack_strings 00000001800340a0 f   sfc_debug:sfdb_cycle_detection.obj
 0001:00033740       md5file_clear              0000000180034740 f   sfc_debug:ckmd5.obj
 0001:00033770       Encode                     0000000180034770 f   sfc_debug:ckmd5.obj
 0001:000337c0       Decode                     00000001800347c0 f   sfc_debug:ckmd5.obj
 0001:00033860       MD5Transform               0000000180034860 f   sfc_debug:ckmd5.obj
 0001:000340c0       md5file_addn               00000001800350c0 f   sfc_debug:ckmd5.obj
 0001:00034190       md5file_hash               0000000180035190 f   sfc_debug:ckmd5.obj
 0001:00034680       pre_c_init                 0000000180035680 f   MSVCRT:crtdll.obj
 0001:0003493c       __DllMainCRTStartup        000000018003593c f   MSVCRT:crtdll.obj
 0001:00035030       __DllMainCRTStartup$filt$0 0000000180036030 f   MSVCRT:crtdll.obj
 0001:00035060       __DllMainCRTStartup$fin$1  0000000180036060 f   MSVCRT:crtdll.obj
 0001:0003507a       _onexit$fin$0              000000018003607a f   MSVCRT:atonexit.obj
 0001:000350a0       _IsNonwritableInCurrentImage$filt$0 00000001800360a0 f   MSVCRT:pesect.obj
